Component: Arm Compiler for Embedded 6.21 Tool: armlink [5ec1fa00]

==============================================================================

Section Cross References

    startup_stm32g070xx.o(STACK) refers (Special) to heapauxi.o(.text) for __use_two_region_memory
    startup_stm32g070xx.o(HEAP) refers (Special) to heapauxi.o(.text) for __use_two_region_memory
    startup_stm32g070xx.o(RESET) refers (Special) to heapauxi.o(.text) for __use_two_region_memory
    startup_stm32g070xx.o(RESET) refers to startup_stm32g070xx.o(STACK) for __initial_sp
    startup_stm32g070xx.o(RESET) refers to startup_stm32g070xx.o(.text) for Reset_Handler
    startup_stm32g070xx.o(RESET) refers to stm32g0xx_it.o(.text.NMI_Handler) for NMI_Handler
    startup_stm32g070xx.o(RESET) refers to stm32g0xx_it.o(.text.HardFault_Handler) for HardFault_Handler
    startup_stm32g070xx.o(RESET) refers to stm32g0xx_it.o(.text.SVC_Handler) for SVC_Handler
    startup_stm32g070xx.o(RESET) refers to stm32g0xx_it.o(.text.PendSV_Handler) for PendSV_Handler
    startup_stm32g070xx.o(RESET) refers to stm32g0xx_it.o(.text.SysTick_Handler) for SysTick_Handler
    startup_stm32g070xx.o(RESET) refers to stm32g0xx_it.o(.text.DMA1_Channel1_IRQHandler) for DMA1_Channel1_IRQHandler
    startup_stm32g070xx.o(RESET) refers to stm32g0xx_it.o(.text.DMA1_Channel2_3_IRQHandler) for DMA1_Channel2_3_IRQHandler
    startup_stm32g070xx.o(RESET) refers to stm32g0xx_it.o(.text.ADC1_IRQHandler) for ADC1_IRQHandler
    startup_stm32g070xx.o(RESET) refers to stm32g0xx_it.o(.text.TIM1_BRK_UP_TRG_COM_IRQHandler) for TIM1_BRK_UP_TRG_COM_IRQHandler
    startup_stm32g070xx.o(RESET) refers to stm32g0xx_it.o(.text.TIM1_CC_IRQHandler) for TIM1_CC_IRQHandler
    startup_stm32g070xx.o(RESET) refers to stm32g0xx_it.o(.text.TIM6_IRQHandler) for TIM6_IRQHandler
    startup_stm32g070xx.o(RESET) refers to stm32g0xx_it.o(.text.USART1_IRQHandler) for USART1_IRQHandler
    startup_stm32g070xx.o(RESET) refers to stm32g0xx_it.o(.text.USART2_IRQHandler) for USART2_IRQHandler
    startup_stm32g070xx.o(.text) refers (Special) to heapauxi.o(.text) for __use_two_region_memory
    startup_stm32g070xx.o(.text) refers to system_stm32g0xx.o(.text.SystemInit) for SystemInit
    startup_stm32g070xx.o(.text) refers to __main.o(!!!main) for __main
    startup_stm32g070xx.o(.text) refers to startup_stm32g070xx.o(HEAP) for Heap_Mem
    startup_stm32g070xx.o(.text) refers to startup_stm32g070xx.o(STACK) for Stack_Mem
    mcpwm.o(.text.init_motor_control) refers to delay.o(.text.delay_ms) for delay_ms
    mcpwm.o(.text.init_motor_control) refers to stm32g0xx_hal_adc_ex.o(.text.HAL_ADCEx_Calibration_Start) for HAL_ADCEx_Calibration_Start
    mcpwm.o(.text.init_motor_control) refers to main.o(.text.Error_Handler) for Error_Handler
    mcpwm.o(.text.init_motor_control) refers to stm32g0xx_hal_tim.o(.text.HAL_TIM_PWM_Start_IT) for HAL_TIM_PWM_Start_IT
    mcpwm.o(.text.init_motor_control) refers to stm32g0xx_hal_tim.o(.text.HAL_TIM_Encoder_Start) for HAL_TIM_Encoder_Start
    mcpwm.o(.text.init_motor_control) refers to adc.o(.bss.hadc1) for hadc1
    mcpwm.o(.text.init_motor_control) refers to tim.o(.bss.htim1) for htim1
    mcpwm.o(.text.init_motor_control) refers to mcpwm.o(.bss..L_MergedGlobals.2) for [Anonymous Symbol]
    mcpwm.o(.text.init_motor_control) refers to mcpwm.o(.bss..L_MergedGlobals.1) for [Anonymous Symbol]
    mcpwm.o(.text.init_motor_control) refers to tim.o(.bss.htim3) for htim3
    mcpwm.o(.text.init_motor_control) refers to mcpwm.o(.data..L_MergedGlobals) for [Anonymous Symbol]
    mcpwm.o(.text.init_motor_control) refers to tamagawa.o(.bss.Tamagawa_First) for Tamagawa_First
    mcpwm.o(.text.init_motor_control) refers to tamagawa.o(.bss.tamagawa_angle) for tamagawa_angle
    mcpwm.o(.text.init_motor_control) refers to tamagawa.o(.bss.tamagawa_angle_b) for tamagawa_angle_b
    mcpwm.o(.text.init_motor_control) refers to position_loop.o(.bss..L_MergedGlobals.1) for pos_offest
    mcpwm.o(.ARM.exidx.text.init_motor_control) refers to mcpwm.o(.text.init_motor_control) for [Anonymous Symbol]
    mcpwm.o(.text.start_adc) refers to stm32g0xx_hal_adc_ex.o(.text.HAL_ADCEx_Calibration_Start) for HAL_ADCEx_Calibration_Start
    mcpwm.o(.text.start_adc) refers to main.o(.text.Error_Handler) for Error_Handler
    mcpwm.o(.text.start_adc) refers to stm32g0xx_hal_tim.o(.text.HAL_TIM_PWM_Start_IT) for HAL_TIM_PWM_Start_IT
    mcpwm.o(.text.start_adc) refers to adc.o(.bss.hadc1) for hadc1
    mcpwm.o(.text.start_adc) refers to tim.o(.bss.htim1) for htim1
    mcpwm.o(.ARM.exidx.text.start_adc) refers to mcpwm.o(.text.start_adc) for [Anonymous Symbol]
    mcpwm.o(.text.Calibrate_ADC_Offset) refers to delay.o(.text.delay_ms) for delay_ms
    mcpwm.o(.text.Calibrate_ADC_Offset) refers to mcpwm.o(.bss..L_MergedGlobals.2) for [Anonymous Symbol]
    mcpwm.o(.text.Calibrate_ADC_Offset) refers to mcpwm.o(.bss..L_MergedGlobals.1) for [Anonymous Symbol]
[...]
    uart1_init                               0x0800acf5   Thumb Code    44  modbus.o(.text.uart1_init)
    uart2_init                               0x0800ad29   Thumb Code    44  modbus.o(.text.uart2_init)
    uart3_init                               0x0800ad61   Thumb Code    32  tamagawa.o(.text.uart3_init)
    update_motor                             0x0800ad89   Thumb Code   632  mcpwm.o(.text.update_motor)
    __aeabi_uidiv                            0x0800b035   Thumb Code    68  aeabi_sdivfast.o(.text_divfast)
    __aeabi_idiv                             0x0800b079   Thumb Code   434  aeabi_sdivfast.o(.text_divfast)
    __ARM_common_ll_muluu                    0x0800b22b   Thumb Code    48  btod.o(i.__ARM_common_ll_muluu)
    __ARM_fpclassify                         0x0800b25d   Thumb Code    40  fpclassify.o(i.__ARM_fpclassify)
    _is_digit                                0x0800b289   Thumb Code    14  __printf_wp.o(i._is_digit)
    sqrt                                     0x0800b299   Thumb Code    66  sqrt.o(i.sqrt)
    _get_lc_numeric                          0x0800b2e1   Thumb Code    44  lc_numeric_c.o(locale$$code)
    _printf_fp_dec                           0x0800b30d   Thumb Code    16  printf1.o(x$fpl$printf1)
    __I$use$fp                               0x0800b31c   Number         0  usenofp.o(x$fpl$usenofp)
    AHBPrescTable                            0x0800b474   Data          64  system_stm32g0xx.o(.rodata.AHBPrescTable)
    APBPrescTable                            0x0800b4b4   Data          32  system_stm32g0xx.o(.rodata.APBPrescTable)
    F6x8                                     0x0800b4d4   Data         552  oled.o(.rodata.F6x8)
    F8X16                                    0x0800b6fc   Data        1520  oled.o(.rodata.F8X16)
    Sin_Table                                0x0800bcec   Data        4096  sin_table.o(.rodata.Sin_Table)
    UARTPrescTable                           0x0800ccec   Data          24  stm32g0xx_hal_uart.o(.rodata.UARTPrescTable)
    auchCRCHi                                0x0800cd04   Data         256  crc_16.o(.rodata.auchCRCHi)
    auchCRCLo                                0x0800ce04   Data         256  crc_16.o(.rodata.auchCRCLo)
    Region$$Table$$Base                      0x0800d01c   Number         0  anon$$obj.o(Region$$Table)
    Region$$Table$$Limit                     0x0800d03c   Number         0  anon$$obj.o(Region$$Table)
    phase_dir                                0x20000000   Data           2  mcpwm.o(.data..L_MergedGlobals)
    hall_phase_dir                           0x20000002   Data           2  mcpwm.o(.data..L_MergedGlobals)
    commutation_time                         0x20000004   Data           2  mcpwm.o(.data..L_MergedGlobals)
    feedback_type                            0x20000006   Data           2  mcpwm.o(.data..L_MergedGlobals)
    poles_num                                0x20000008   Data           2  mcpwm.o(.data..L_MergedGlobals)
    tamagawa_dir                             0x2000000a   Data           2  mcpwm.o(.data..L_MergedGlobals)
    commutation_current                      0x2000000c   Data           4  mcpwm.o(.data..L_MergedGlobals)
    feedback_resolution                      0x20000010   Data           4  mcpwm.o(.data..L_MergedGlobals)
    rad_of_round                             0x20000014   Data           4  mcpwm.o(.data..L_MergedGlobals)
    motor                                    0x20000018   Data          68  mcpwm.o(.data..L_MergedGlobals)
    kcp                                      0x2000005c   Data           2  current_loop.o(.data..L_MergedGlobals)
    kci                                      0x2000005e   Data           2  current_loop.o(.data..L_MergedGlobals)
    current_out_lpf_a                        0x20000060   Data           2  current_loop.o(.data..L_MergedGlobals)
    vfactor                                  0x20000064   Data           4  current_loop.o(.data..L_MergedGlobals)
    Vq_out_limit                             0x20000068   Data           4  current_loop.o(.data..L_MergedGlobals)
    Vd_out_limit                             0x2000006c   Data           4  current_loop.o(.data..L_MergedGlobals)
    kci_sum_limit                            0x20000070   Data           4  current_loop.o(.data..L_MergedGlobals)
    RS485_Addr                               0x20000074   Data           2  modbus.o(.data..L_MergedGlobals)
    RS485_Baudrate                           0x20000078   Data           4  modbus.o(.data..L_MergedGlobals)
    profile_acce                             0x2000007c   Data           4  motion_control.o(.data..L_MergedGlobals)
    profile_dece                             0x20000080   Data           4  motion_control.o(.data..L_MergedGlobals)
    profile_speed                            0x20000084   Data           4  motion_control.o(.data..L_MergedGlobals)
    direction                                0x20000088   Data           4  motion_control.o(.data..L_MergedGlobals)
    auto_p_pos                               0x2000008c   Data           4  motion_control.o(.data..L_MergedGlobals)
    auto_n_pos                               0x20000090   Data           4  motion_control.o(.data..L_MergedGlobals)
    gear_factor_a                            0x20000094   Data           4  motion_control.o(.data..L_MergedGlobals)
    gear_factor_b                            0x20000098   Data           4  motion_control.o(.data..L_MergedGlobals)
    kpp                                      0x2000009c   Data           2  position_loop.o(.data..L_MergedGlobals)
    kpi                                      0x2000009e   Data           2  position_loop.o(.data..L_MergedGlobals)
    position_out_lpf_a                       0x200000a0   Data           2  position_loop.o(.data..L_MergedGlobals)
    vel_lim                                  0x200000a4   Data           4  position_loop.o(.data..L_MergedGlobals)
    kpi_sum_limit                            0x200000a8   Data           4  position_loop.o(.data..L_MergedGlobals)
    kvp                                      0x200000ac   Data           2  velocity_loop.o(.data..L_MergedGlobals)
    kvi                                      0x200000ae   Data           2  velocity_loop.o(.data..L_MergedGlobals)
    low_pass_filter_on                       0x200000b0   Data           2  velocity_loop.o(.data..L_MergedGlobals)
    speed_out_lpf_a                          0x200000b2   Data           2  velocity_loop.o(.data..L_MergedGlobals)
    kvi_sum_limit                            0x200000b4   Data           4  velocity_loop.o(.data..L_MergedGlobals)
    Ilim                                     0x200000b8   Data           4  velocity_loop.o(.data..L_MergedGlobals)
    ENC_Z_Offset                             0x200000bc   Data           2  mcpwm.o(.data.ENC_Z_Offset)
    NTC_Table                                0x200000c0   Data          84  ntc_calculate.o(.data.NTC_Table)
    OLED_Period                              0x20000114   Data           2  motion_control.o(.data.OLED_Period)
    RS232_Addr                               0x20000116   Data           2  modbus.o(.data.RS232_Addr)
    RS232_Baudrate                           0x20000118   Data           4  modbus.o(.data.RS232_Baudrate)
    Scop_Period                              0x2000011c   Data           2  mcpwm.o(.data.Scop_Period)
    SystemCoreClock                          0x20000120   Data           4  system_stm32g0xx.o(.data.SystemCoreClock)
    Tamagawa_Baudrate                        0x20000124   Data           4  tamagawa.o(.data.Tamagawa_Baudrate)
    current_in_lpf_a                         0x20000128   Data           2  current_loop.o(.data.current_in_lpf_a)
    device_temperature                       0x2000012a   Data           2  mcpwm.o(.data.device_temperature)
    led_blink_period                         0x2000012c   Data           4  mcpwm.o(.data.led_blink_period)
    loop_counter_p                           0x20000130   Data           4  mcpwm.o(.data.loop_counter_p)
    loop_counter_v                           0x20000134   Data           4  mcpwm.o(.data.loop_counter_v)
    motion_out_lpf_a                         0x20000138   Data           2  motion_control.o(.data.motion_out_lpf_a)
    motor_overload_time                      0x2000013c   Data           4  mcpwm.o(.data.motor_overload_time)
    motor_peak_current                       0x20000140   Data           4  mcpwm.o(.data.motor_peak_current)
    motor_rated_current                      0x20000144   Data           4  mcpwm.o(.data.motor_rated_current)
    operation_mode                           0x20000148   Data           2  ds402.o(.data.operation_mode)
    position_in_lpf_a                        0x2000014a   Data           2  position_loop.o(.data.position_in_lpf_a)
    real_speed_filter_num                    0x2000014c   Data           2  velocity_loop.o(.data.real_speed_filter_num)
    speed_in_lpf_a                           0x2000014e   Data           2  velocity_loop.o(.data.speed_in_lpf_a)
    uwTickFreq                               0x20000150   Data           1  stm32g0xx_hal.o(.data.uwTickFreq)
    uwTickPrio                               0x20000154   Data           4  stm32g0xx_hal.o(.data.uwTickPrio)
    vbus_voltage                             0x20000158   Data           2  mcpwm.o(.data.vbus_voltage)
    vel_dir                                  0x2000015a   Data           2  mcpwm.o(.data.vel_dir)
    __libspace_start                         0x20000160   Data          96  libspace.o(.bss)
    __temporary_stack_top$libspace           0x200001c0   Data           0  libspace.o(.bss)
    motor_on                                 0x200001c0   Data           2  ds402.o(.bss..L_MergedGlobals)
    control_word                             0x200001c2   Data           2  ds402.o(.bss..L_MergedGlobals)
    control_word_b                           0x200001c4   Data           2  ds402.o(.bss..L_MergedGlobals)
    Tamagawa_FrameFlag                       0x200001c6   Data           1  tamagawa.o(.bss..L_MergedGlobals)
    Tamagawa_TX_EN                           0x200001c7   Data           1  tamagawa.o(.bss..L_MergedGlobals)
    Tamagawa_RX_CNT                          0x200001c8   Data           1  tamagawa.o(.bss..L_MergedGlobals)
    USART3_RX_STA                            0x200001ca   Data           2  tamagawa.o(.bss..L_MergedGlobals)
    ttt3                                     0x200001cc   Data           4  stm32g0xx_it.o(.bss..L_MergedGlobals)
    ttt4                                     0x200001d0   Data           4  stm32g0xx_it.o(.bss..L_MergedGlobals)
    t2                                       0x200001d4   Data           4  stm32g0xx_it.o(.bss..L_MergedGlobals)
    t1                                       0x200001d8   Data           4  stm32g0xx_it.o(.bss..L_MergedGlobals)
    t3                                       0x200001dc   Data           4  stm32g0xx_it.o(.bss..L_MergedGlobals)
    t4                                       0x200001e0   Data           4  stm32g0xx_it.o(.bss..L_MergedGlobals)
    ttt1                                     0x200001e4   Data           4  stm32g0xx_it.o(.bss..L_MergedGlobals)
    ttt2                                     0x200001e8   Data           4  stm32g0xx_it.o(.bss..L_MergedGlobals)
    tt2                                      0x200001ec   Data           4  stm32g0xx_it.o(.bss..L_MergedGlobals)
    tt3                                      0x200001f0   Data           4  stm32g0xx_it.o(.bss..L_MergedGlobals)
    tt4                                      0x200001f4   Data           4  stm32g0xx_it.o(.bss..L_MergedGlobals)
    commutation_founded                      0x200001f8   Data           2  mcpwm.o(.bss..L_MergedGlobals.1)
    commutation_mode                         0x200001fa   Data           2  mcpwm.o(.bss..L_MergedGlobals.1)
    tamagawa_offset                          0x200001fc   Data           2  mcpwm.o(.bss..L_MergedGlobals.1)
    Driver_Ready                             0x200001fe   Data           2  mcpwm.o(.bss..L_MergedGlobals.1)
    ENC_Z_Count                              0x20000200   Data           2  mcpwm.o(.bss..L_MergedGlobals.1)
    ENC_Z_Count_B                            0x20000202   Data           2  mcpwm.o(.bss..L_MergedGlobals.1)
    ENC_Z_First                              0x20000204   Data           2  mcpwm.o(.bss..L_MergedGlobals.1)
    hall_u                                   0x20000206   Data           2  mcpwm.o(.bss..L_MergedGlobals.1)
    hall_v                                   0x20000208   Data           2  mcpwm.o(.bss..L_MergedGlobals.1)
    hall_w                                   0x2000020a   Data           2  mcpwm.o(.bss..L_MergedGlobals.1)
    hall_state                               0x2000020c   Data           2  mcpwm.o(.bss..L_MergedGlobals.1)
    hall_state_b                             0x2000020e   Data           2  mcpwm.o(.bss..L_MergedGlobals.1)
    hall_count                               0x20000210   Data           2  mcpwm.o(.bss..L_MergedGlobals.1)
    hall_get_position                        0x20000212   Data           2  mcpwm.o(.bss..L_MergedGlobals.1)
    start_calibrate_hall_phase               0x20000214   Data           2  mcpwm.o(.bss..L_MergedGlobals.1)
    hall_phase_offset                        0x20000216   Data           2  mcpwm.o(.bss..L_MergedGlobals.1)
    ENC_Z_Phase                              0x20000218   Data           2  mcpwm.o(.bss..L_MergedGlobals.1)
    ENC_Z_Phase_B                            0x2000021a   Data           2  mcpwm.o(.bss..L_MergedGlobals.1)
    encoder_offset_diff                      0x2000021c   Data           2  mcpwm.o(.bss..L_MergedGlobals.1)
    hall_phase_offset_diff                   0x2000021e   Data           2  mcpwm.o(.bss..L_MergedGlobals.1)
    Scop_Period_counter                      0x20000220   Data           2  mcpwm.o(.bss..L_MergedGlobals.1)
    Scop_Buffer_point                        0x20000222   Data           2  mcpwm.o(.bss..L_MergedGlobals.1)
    Scop_Start                               0x20000224   Data           2  mcpwm.o(.bss..L_MergedGlobals.1)
    Scop_Data_Ready                          0x20000226   Data           2  mcpwm.o(.bss..L_MergedGlobals.1)
    Scop_Send_point                          0x20000228   Data           2  mcpwm.o(.bss..L_MergedGlobals.1)
    Iq_demand                                0x2000022c   Data           4  mcpwm.o(.bss..L_MergedGlobals.1)
    target_Iq                                0x20000230   Data           4  mcpwm.o(.bss..L_MergedGlobals.1)
    target_speed                             0x20000234   Data           4  mcpwm.o(.bss..L_MergedGlobals.1)
    speed_demand                             0x20000238   Data           4  mcpwm.o(.bss..L_MergedGlobals.1)
    encoder_direction_temp                   0x2000023c   Data           4  mcpwm.o(.bss..L_MergedGlobals.1)
    encoder_direction_temp_b                 0x20000240   Data           4  mcpwm.o(.bss..L_MergedGlobals.1)
    hall_position                            0x20000244   Data           4  mcpwm.o(.bss..L_MergedGlobals.1)
    Error_State                              0x20000248   Data           4  mcpwm.o(.bss..L_MergedGlobals.1)
    tA                                       0x2000024c   Data           4  mcpwm.o(.bss..L_MergedGlobals.1)
    tB                                       0x20000250   Data           4  mcpwm.o(.bss..L_MergedGlobals.1)
    tC                                       0x20000254   Data           4  mcpwm.o(.bss..L_MergedGlobals.1)
    my_p0                                    0x20000258   Data           4  mcpwm.o(.bss..L_MergedGlobals.1)
    my_p1                                    0x2000025c   Data           4  mcpwm.o(.bss..L_MergedGlobals.1)
    Iq_real                                  0x20000260   Data           4  mcpwm.o(.bss..L_MergedGlobals.1)
    calibrate_timechk                        0x20000264   Data           4  mcpwm.o(.bss..L_MergedGlobals.1)
    V_current_control_integral_d             0x20000268   Data           4  current_loop.o(.bss..L_MergedGlobals.1)
    V_current_control_integral_q             0x2000026c   Data           4  current_loop.o(.bss..L_MergedGlobals.1)
    check_current_overshot_p                 0x20000270   Data           4  current_loop.o(.bss..L_MergedGlobals.1)
    check_current_overshot_n                 0x20000274   Data           4  current_loop.o(.bss..L_MergedGlobals.1)
    Ialpha                                   0x20000278   Data           4  current_loop.o(.bss..L_MergedGlobals.1)
    Ibeta                                    0x2000027c   Data           4  current_loop.o(.bss..L_MergedGlobals.1)
    Ierr_d                                   0x20000280   Data           4  current_loop.o(.bss..L_MergedGlobals.1)
    Ierr_q                                   0x20000284   Data           4  current_loop.o(.bss..L_MergedGlobals.1)
    Vd                                       0x20000288   Data           4  current_loop.o(.bss..L_MergedGlobals.1)
    Vq                                       0x2000028c   Data           4  current_loop.o(.bss..L_MergedGlobals.1)
    Vq_filter                                0x20000290   Data           4  current_loop.o(.bss..L_MergedGlobals.1)
    Vd_filter                                0x20000294   Data           4  current_loop.o(.bss..L_MergedGlobals.1)
    mod_d                                    0x20000298   Data           4  current_loop.o(.bss..L_MergedGlobals.1)
    mod_q                                    0x2000029c   Data           4  current_loop.o(.bss..L_MergedGlobals.1)
    mod_alpha                                0x200002a0   Data           4  current_loop.o(.bss..L_MergedGlobals.1)
    mod_beta                                 0x200002a4   Data           4  current_loop.o(.bss..L_MergedGlobals.1)
    IIt_Remaider                             0x200002a8   Data           4  current_loop.o(.bss..L_MergedGlobals.1)
    IIt_temp                                 0x200002ac   Data           4  current_loop.o(.bss..L_MergedGlobals.1)
    IIt_DC_Remaider                          0x200002b0   Data           4  current_loop.o(.bss..L_MergedGlobals.1)
    IIt_DC_temp                              0x200002b4   Data           4  current_loop.o(.bss..L_MergedGlobals.1)
    RS485_FrameFlag                          0x200002b8   Data           1  modbus.o(.bss..L_MergedGlobals.1)
    RS485_TX_EN                              0x200002b9   Data           1  modbus.o(.bss..L_MergedGlobals.1)
    RS485_RX_CNT                             0x200002ba   Data           1  modbus.o(.bss..L_MergedGlobals.1)
    RS232_FrameFlag                          0x200002bb   Data           1  modbus.o(.bss..L_MergedGlobals.1)
    RS232_TX_EN                              0x200002bc   Data           1  modbus.o(.bss..L_MergedGlobals.1)
    RS232_RX_CNT                             0x200002bd   Data           1  modbus.o(.bss..L_MergedGlobals.1)
    USART1RxBuffer                           0x200002be   Data           1  modbus.o(.bss..L_MergedGlobals.1)
    USART2RxBuffer                           0x200002bf   Data           1  modbus.o(.bss..L_MergedGlobals.1)
    USART1_RX_STA                            0x200002c0   Data           2  modbus.o(.bss..L_MergedGlobals.1)
    USART2_RX_STA                            0x200002c2   Data           2  modbus.o(.bss..L_MergedGlobals.1)
    Modbus_Addr_Base                         0x200002c4   Data           2  modbus.o(.bss..L_MergedGlobals.1)
    RS485_Protocol                           0x200002c6   Data           2  modbus.o(.bss..L_MergedGlobals.1)
    startRegAddr                             0x200002c8   Data           2  modbus.o(.bss..L_MergedGlobals.1)
    calCRC                                   0x200002ca   Data           2  modbus.o(.bss..L_MergedGlobals.1)
    RegNum                                   0x200002cc   Data           2  modbus.o(.bss..L_MergedGlobals.1)
    Reserve                                  0x200002ce   Data           2  modbus.o(.bss..L_MergedGlobals.1)
    USART2_RX_TIMECHK                        0x200002d0   Data           4  modbus.o(.bss..L_MergedGlobals.1)
    USART1_RX_TIMECHK                        0x200002d4   Data           4  modbus.o(.bss..L_MergedGlobals.1)
    software_version                         0x200002d8   Data           4  modbus.o(.bss..L_MergedGlobals.1)
    pos_offest                               0x200002dc   Data           4  position_loop.o(.bss..L_MergedGlobals.1)
    kpi_sum                                  0x200002e0   Data           4  position_loop.o(.bss..L_MergedGlobals.1)
    check_pos_overshot_p                     0x200002e4   Data           4  position_loop.o(.bss..L_MergedGlobals.1)
    check_pos_overshot_n                     0x200002e8   Data           4  position_loop.o(.bss..L_MergedGlobals.1)
    pos_actual                               0x200002ec   Data           4  position_loop.o(.bss..L_MergedGlobals.1)
    pos_err                                  0x200002f0   Data           4  position_loop.o(.bss..L_MergedGlobals.1)
    vel_des                                  0x200002f4   Data           4  position_loop.o(.bss..L_MergedGlobals.1)
    kvi_sum                                  0x200002f8   Data           4  velocity_loop.o(.bss..L_MergedGlobals.1)
    buff_sum                                 0x200002fc   Data           4  velocity_loop.o(.bss..L_MergedGlobals.1)
    Iq_temp                                  0x20000300   Data           4  velocity_loop.o(.bss..L_MergedGlobals.1)
    Step_phase                               0x20000304   Data           4  velocity_loop.o(.bss..L_MergedGlobals.1)
    check_vel_overshot_p                     0x20000308   Data           4  velocity_loop.o(.bss..L_MergedGlobals.1)
    check_vel_overshot_n                     0x2000030c   Data           4  velocity_loop.o(.bss..L_MergedGlobals.1)
    hall_speed_loop_count                    0x20000310   Data           4  velocity_loop.o(.bss..L_MergedGlobals.1)
    hall_speed_update                        0x20000314   Data           4  velocity_loop.o(.bss..L_MergedGlobals.1)
    display_speed_loop_count                 0x20000318   Data           4  velocity_loop.o(.bss..L_MergedGlobals.1)
    display_speed                            0x2000031c   Data           4  velocity_loop.o(.bss..L_MergedGlobals.1)
    display_encoder_state_b                  0x20000320   Data           4  velocity_loop.o(.bss..L_MergedGlobals.1)
    real_speed_filter                        0x20000324   Data           4  velocity_loop.o(.bss..L_MergedGlobals.1)
    speed_err                                0x20000328   Data           4  velocity_loop.o(.bss..L_MergedGlobals.1)
    real_speed                               0x2000032c   Data           4  velocity_loop.o(.bss..L_MergedGlobals.1)
    encoder_state_b                          0x20000330   Data           4  velocity_loop.o(.bss..L_MergedGlobals.1)
    real_speed_buff_point                    0x20000334   Data           4  velocity_loop.o(.bss..L_MergedGlobals.1)
    hall_phase                               0x20000338   Data          16  mcpwm.o(.bss..L_MergedGlobals.2)
    Scop_Chanel                              0x20000348   Data          16  mcpwm.o(.bss..L_MergedGlobals.2)
    Scop_Send_Buf                            0x20000358   Data          20  mcpwm.o(.bss..L_MergedGlobals.2)
    ADCValue                                 0x2000036c   Data          24  mcpwm.o(.bss..L_MergedGlobals.2)
    ADC_Offset                               0x20000384   Data          24  mcpwm.o(.bss..L_MergedGlobals.2)
    accelerating                             0x2000039c   Data           1  motion_control.o(.bss..L_MergedGlobals.29)
    decelerating                             0x2000039d   Data           1  motion_control.o(.bss..L_MergedGlobals.29)
    positionning                             0x2000039e   Data           1  motion_control.o(.bss..L_MergedGlobals.29)
    motion_state                             0x2000039f   Data           1  motion_control.o(.bss..L_MergedGlobals.29)
    auto_switch_on                           0x200003a0   Data           2  motion_control.o(.bss..L_MergedGlobals.29)
    pluse_temp                               0x200003a2   Data           2  motion_control.o(.bss..L_MergedGlobals.29)
    pluse_temp_b                             0x200003a4   Data           2  motion_control.o(.bss..L_MergedGlobals.29)
    delta_pulse                              0x200003a6   Data           2  motion_control.o(.bss..L_MergedGlobals.29)
    target_speed_now                         0x200003a8   Data           4  motion_control.o(.bss..L_MergedGlobals.29)
    distance_diff                            0x200003ac   Data           4  motion_control.o(.bss..L_MergedGlobals.29)
    target_pos_now                           0x200003b0   Data           4  motion_control.o(.bss..L_MergedGlobals.29)
    searching_speed                          0x200003b4   Data           4  motion_control.o(.bss..L_MergedGlobals.29)
    auto_reverse_p_time                      0x200003b8   Data           4  motion_control.o(.bss..L_MergedGlobals.29)
    auto_reverse_n_time                      0x200003bc   Data           4  motion_control.o(.bss..L_MergedGlobals.29)
    auto_reverse_time                        0x200003c0   Data           4  motion_control.o(.bss..L_MergedGlobals.29)
    pluse_num                                0x200003c4   Data           4  motion_control.o(.bss..L_MergedGlobals.29)
    pluse_num_r                              0x200003c8   Data           4  motion_control.o(.bss..L_MergedGlobals.29)
    pul_dir                                  0x200003cc   Data           4  motion_control.o(.bss..L_MergedGlobals.29)
    pluse_num_beforegear                     0x200003d0   Data           4  motion_control.o(.bss..L_MergedGlobals.29)
    EN_state                                 0x200003d4   Data           4  motion_control.o(.bss..L_MergedGlobals.29)
    EN_state_b                               0x200003d8   Data           4  motion_control.o(.bss..L_MergedGlobals.29)
    DIN1_state                               0x200003dc   Data           4  motion_control.o(.bss..L_MergedGlobals.29)
    DIN1_state_b                             0x200003e0   Data           4  motion_control.o(.bss..L_MergedGlobals.29)
    DIN2_state                               0x200003e4   Data           4  motion_control.o(.bss..L_MergedGlobals.29)
    DIN2_state_b                             0x200003e8   Data           4  motion_control.o(.bss..L_MergedGlobals.29)
    DIN3_state                               0x200003ec   Data           4  motion_control.o(.bss..L_MergedGlobals.29)
    DIN3_state_b                             0x200003f0   Data           4  motion_control.o(.bss..L_MergedGlobals.29)
    profile_target_position_b                0x200003f4   Data           4  motion_control.o(.bss..L_MergedGlobals.29)
    dece_diatance                            0x200003f8   Data           4  motion_control.o(.bss..L_MergedGlobals.29)
    acce_diatance                            0x200003fc   Data           4  motion_control.o(.bss..L_MergedGlobals.29)
    profile_speed_b                          0x20000400   Data           4  motion_control.o(.bss..L_MergedGlobals.29)
    auto_reverse_status                      0x20000404   Data           4  motion_control.o(.bss..L_MergedGlobals.29)
    key1_state                               0x20000408   Data           4  motion_control.o(.bss..L_MergedGlobals.29)
    key2_state                               0x2000040c   Data           4  motion_control.o(.bss..L_MergedGlobals.29)
    key3_state                               0x20000410   Data           4  motion_control.o(.bss..L_MergedGlobals.29)
    key1_state_b                             0x20000414   Data           4  motion_control.o(.bss..L_MergedGlobals.29)
    key2_state_b                             0x20000418   Data           4  motion_control.o(.bss..L_MergedGlobals.30)
    key3_state_b                             0x2000041c   Data           4  motion_control.o(.bss..L_MergedGlobals.30)
    remain_dst                               0x20000420   Data           8  motion_control.o(.bss..L_MergedGlobals.30)
    step_dst                                 0x20000428   Data           8  motion_control.o(.bss..L_MergedGlobals.30)
    display_buff                             0x20000430   Data          40  motion_control.o(.bss..L_MergedGlobals.30)
    display_buff4                            0x20000458   Data          40  motion_control.o(.bss..L_MergedGlobals.30)
    display_buff1                            0x20000480   Data          40  motion_control.o(.bss..L_MergedGlobals.31)
    display_buff2                            0x200004a8   Data          40  motion_control.o(.bss..L_MergedGlobals.31)
    display_buff3                            0x200004d0   Data          40  motion_control.o(.bss..L_MergedGlobals.31)
    ADC_Value                                0x200004f8   Data          24  mcpwm.o(.bss.ADC_Value)
    Driver_IIt_Current                       0x20000510   Data           4  current_loop.o(.bss.Driver_IIt_Current)
    Driver_IIt_Current_DC                    0x20000514   Data           4  current_loop.o(.bss.Driver_IIt_Current_DC)
    Driver_IIt_Filter                        0x20000518   Data           2  current_loop.o(.bss.Driver_IIt_Filter)
    Driver_IIt_Filter_DC                     0x2000051a   Data           2  current_loop.o(.bss.Driver_IIt_Filter_DC)
    Driver_IIt_Real                          0x2000051c   Data           4  current_loop.o(.bss.Driver_IIt_Real)
    Driver_IIt_Real_DC                       0x20000520   Data           4  current_loop.o(.bss.Driver_IIt_Real_DC)
    ENC_Counting_Error                       0x20000524   Data           2  mcpwm.o(.bss.ENC_Counting_Error)
    ENC_Z_Pos                                0x20000528   Data           4  mcpwm.o(.bss.ENC_Z_Pos)
    ENC_Z_Pos_B                              0x2000052c   Data           4  mcpwm.o(.bss.ENC_Z_Pos_B)
    ENC_Z_Pos_Diff                           0x20000530   Data           4  mcpwm.o(.bss.ENC_Z_Pos_Diff)
    ENC_Z_Pos_Diff_B                         0x20000534   Data           4  mcpwm.o(.bss.ENC_Z_Pos_Diff_B)
    ENC_Z_Pos_Offset                         0x20000538   Data           4  mcpwm.o(.bss.ENC_Z_Pos_Offset)
    ENC_Z_Trig                               0x2000053c   Data           2  mcpwm.o(.bss.ENC_Z_Trig)
    Id                                       0x20000540   Data           4  mcpwm.o(.bss.Id)
    Id_demand                                0x20000544   Data           4  mcpwm.o(.bss.Id_demand)
    Id_real                                  0x20000548   Data           4  mcpwm.o(.bss.Id_real)
    Iq                                       0x2000054c   Data           4  mcpwm.o(.bss.Iq)
    Modbus_Output_Reg                        0x20000550   Data        2000  modbus.o(.bss.Modbus_Output_Reg)
    NTC_R_Value                              0x20000d20   Data           4  ntc_calculate.o(.bss.NTC_R_Value)
    OLED_count                               0x20000d24   Data           2  motion_control.o(.bss.OLED_count)
    RS232_RX_BUFF                            0x20000d26   Data         200  modbus.o(.bss.RS232_RX_BUFF)
    RS232_TX_BUFF                            0x20000dee   Data         200  modbus.o(.bss.RS232_TX_BUFF)
    RS485_RX_BUFF                            0x20000eb6   Data         200  modbus.o(.bss.RS485_RX_BUFF)
    RS485_TX_BUFF                            0x20000f7e   Data         200  modbus.o(.bss.RS485_TX_BUFF)
    Scop_Buffer                              0x20001048   Data        8192  mcpwm.o(.bss.Scop_Buffer)
    Tamagawa_CRC_count                       0x20003048   Data           2  tamagawa.o(.bss.Tamagawa_CRC_count)
    Tamagawa_First                           0x2000304a   Data           2  tamagawa.o(.bss.Tamagawa_First)
    Tamagawa_RX_BUFF                         0x2000304c   Data         200  tamagawa.o(.bss.Tamagawa_RX_BUFF)
    Tamagawa_TX_BUFF                         0x20003114   Data         200  tamagawa.o(.bss.Tamagawa_TX_BUFF)
    Tamagawa_calCRC                          0x200031dc   Data           2  tamagawa.o(.bss.Tamagawa_calCRC)
    Tamagawa_count_temp                      0x200031de   Data           2  tamagawa.o(.bss.Tamagawa_count_temp)
    Tamagawa_lost                            0x200031e0   Data           2  tamagawa.o(.bss.Tamagawa_lost)
    chop_voltage                             0x200031e2   Data           2  mcpwm.o(.bss.chop_voltage)
    current_loop_ready                       0x200031e4   Data           4  mcpwm.o(.bss.current_loop_ready)
    drv8301_error                            0x200031e8   Data           4  mcpwm.o(.bss.drv8301_error)
    hadc1                                    0x200031f0   Data         100  adc.o(.bss.hadc1)
    hall_position_b                          0x20003254   Data           4  mcpwm.o(.bss.hall_position_b)
    hdma_adc1                                0x20003258   Data          92  adc.o(.bss.hdma_adc1)
    hdma_usart3_rx                           0x200032b4   Data          92  usart.o(.bss.hdma_usart3_rx)
    hspi1                                    0x20003310   Data         100  spi.o(.bss.hspi1)
    htim1                                    0x20003374   Data          76  tim.o(.bss.htim1)
    htim3                                    0x200033c0   Data          76  tim.o(.bss.htim3)
    htim6                                    0x2000340c   Data          76  tim.o(.bss.htim6)
    huart1                                   0x20003458   Data         144  usart.o(.bss.huart1)
    huart2                                   0x200034e8   Data         144  usart.o(.bss.huart2)
    huart3                                   0x20003578   Data         144  usart.o(.bss.huart3)
    led_blink_counter                        0x20003608   Data           4  mcpwm.o(.bss.led_blink_counter)
    loop_counter_c                           0x2000360c   Data           4  mcpwm.o(.bss.loop_counter_c)
    motor_code                               0x20003610   Data           2  mcpwm.o(.bss.motor_code)
    num                                      0x20003612   Data           2  sin_table.o(.bss.num)
    over_temperature                         0x20003614   Data           2  mcpwm.o(.bss.over_temperature)
    over_voltage                             0x20003616   Data           2  mcpwm.o(.bss.over_voltage)
    position_demand                          0x20003618   Data           4  mcpwm.o(.bss.position_demand)
    position_loop_ready                      0x2000361c   Data           4  mcpwm.o(.bss.position_loop_ready)
    profile_target_position                  0x20003620   Data           4  motion_control.o(.bss.profile_target_position)
    set_tamagawa_zero                        0x20003624   Data           2  tamagawa.o(.bss.set_tamagawa_zero)
    store_parameter                          0x20003626   Data           2  mcpwm.o(.bss.store_parameter)
    tamagawa_angle                           0x20003628   Data           2  tamagawa.o(.bss.tamagawa_angle)
    tamagawa_angle_32                        0x2000362c   Data           4  tamagawa.o(.bss.tamagawa_angle_32)
    tamagawa_angle_b                         0x20003630   Data           2  tamagawa.o(.bss.tamagawa_angle_b)
    target_position                          0x20003634   Data           4  mcpwm.o(.bss.target_position)
    under_voltage                            0x20003638   Data           2  mcpwm.o(.bss.under_voltage)
    uwTick                                   0x2000363c   Data           4  stm32g0xx_hal.o(.bss.uwTick)
    velocity_loop_ready                      0x20003640   Data           4  mcpwm.o(.bss.velocity_loop_ready)



==============================================================================

Memory Map of the image

  Image Entry point : 0x080000b9

  Load Region LR_IROM1 (Base: 0x08000000, Size: 0x0000d1b8, Max: 0x00020000, ABSOLUTE, COMPRESSED[0x0000d120])

    Execution Region ER_IROM1 (Exec base: 0x08000000, Load base: 0x08000000, Size: 0x0000d058, Max: 0x00020000, ABSOLUTE)

    Exec Addr    Load Addr    Size         Type   Attr      Idx    E Section Name        Object

    0x08000000   0x08000000   0x000000b8   Data   RO            3    RESET               startup_stm32g070xx.o
    0x080000b8   0x080000b8   0x00000008   Code   RO         1851  * !!!main             c_p.l(__main.o)
    0x080000c0   0x080000c0   0x00000054   Code   RO         2105    !!!scatter          c_p.l(__scatter.o)
    0x08000114   0x08000114   0x00000002   Code   RO         2106    !!handler_null      c_p.l(__scatter.o)
    0x08000116   0x08000116   0x00000002   PAD
    0x08000118   0x08000118   0x0000001c   Code   RO         2109    !!handler_zi        c_p.l(__scatter_zi.o)
    0x08000134   0x08000134   0x00000002   Code   RO         1834    .ARM.Collect$$_printf_percent$$00000000  c_p.l(_printf_percent.o)
    0x08000136   0x08000136   0x0000000a   Code   RO         1833    .ARM.Collect$$_printf_percent$$00000003  c_p.l(_printf_f.o)
    0x08000140   0x08000140   0x0000000a   Code   RO         1832    .ARM.Collect$$_printf_percent$$00000009  c_p.l(_printf_d.o)
    0x0800014a   0x0800014a   0x0000000a   Code   RO         1831    .ARM.Collect$$_printf_percent$$00000014  c_p.l(_printf_s.o)
    0x08000154   0x08000154   0x00000004   Code   RO         1899    .ARM.Collect$$_printf_percent$$00000017  c_p.l(_printf_percent_end.o)
    0x08000158   0x08000158   0x00000002   Code   RO         1975    .ARM.Collect$$libinit$$00000000  c_p.l(libinit.o)
    0x0800015a   0x0800015a   0x00000000   Code   RO         1977    .ARM.Collect$$libinit$$00000002  c_p.l(libinit2.o)
    0x0800015a   0x0800015a   0x00000000   Code   RO         1979    .ARM.Collect$$libinit$$00000004  c_p.l(libinit2.o)
    0x0800015a   0x0800015a   0x00000000   Code   RO         1981    .ARM.Collect$$libinit$$00000006  c_p.l(libinit2.o)
    0x0800015a   0x0800015a   0x00000000   Code   RO         1984    .ARM.Collect$$libinit$$0000000C  c_p.l(libinit2.o)
    0x0800015a   0x0800015a   0x00000000   Code   RO         1986    .ARM.Collect$$libinit$$0000000E  c_p.l(libinit2.o)
    0x0800015a   0x0800015a   0x00000000   Code   RO         1988    .ARM.Collect$$libinit$$00000010  c_p.l(libinit2.o)
    0x0800015a   0x0800015a   0x00000006   Code   RO         1989    .ARM.Collect$$libinit$$00000011  c_p.l(libinit2.o)
    0x08000160   0x08000160   0x00000000   Code   RO         1991    .ARM.Collect$$libinit$$00000013  c_p.l(libinit2.o)
    0x08000160   0x08000160   0x00000000   Code   RO         1993    .ARM.Collect$$libinit$$00000015  c_p.l(libinit2.o)
    0x08000160   0x08000160   0x00000000   Code   RO         1995    .ARM.Collect$$libinit$$00000017  c_p.l(libinit2.o)
    0x08000160   0x08000160   0x0000000a   Code   RO         1996    .ARM.Collect$$libinit$$00000018  c_p.l(libinit2.o)
    0x0800016a   0x0800016a   0x00000000   Code   RO         1997    .ARM.Collect$$libinit$$00000019  c_p.l(libinit2.o)
    0x0800016a   0x0800016a   0x00000000   Code   RO         1999    .ARM.Collect$$libinit$$0000001B  c_p.l(libinit2.o)
    0x0800016a   0x0800016a   0x00000000   Code   RO         2001    .ARM.Collect$$libinit$$0000001D  c_p.l(libinit2.o)
    0x0800016a   0x0800016a   0x00000000   Code   RO         2003    .ARM.Collect$$libinit$$0000001F  c_p.l(libinit2.o)
    0x0800016a   0x0800016a   0x00000000   Code   RO         2005    .ARM.Collect$$libinit$$00000021  c_p.l(libinit2.o)
    0x0800016a   0x0800016a   0x00000000   Code   RO         2007    .ARM.Collect$$libinit$$00000023  c_p.l(libinit2.o)
    0x0800016a   0x0800016a   0x00000000   Code   RO         2009    .ARM.Collect$$libinit$$00000025  c_p.l(libinit2.o)
    0x0800016a   0x0800016a   0x00000000   Code   RO         2011    .ARM.Collect$$libinit$$00000027  c_p.l(libinit2.o)
    0x0800016a   0x0800016a   0x00000000   Code   RO         2015    .ARM.Collect$$libinit$$0000002E  c_p.l(libinit2.o)
    0x0800016a   0x0800016a   0x00000000   Code   RO         2017    .ARM.Collect$$libinit$$00000030  c_p.l(libinit2.o)
    0x0800016a   0x0800016a   0x00000000   Code   RO         2019    .ARM.Collect$$libinit$$00000032  c_p.l(libinit2.o)
    0x0800016a   0x0800016a   0x00000000   Code   RO         2021    .ARM.Collect$$libinit$$00000034  c_p.l(libinit2.o)
    0x0800016a   0x0800016a   0x00000002   Code   RO         2022    .ARM.Collect$$libinit$$00000035  c_p.l(libinit2.o)
    0x0800016c   0x0800016c   0x00000002   Code   RO         2067    .ARM.Collect$$libshutdown$$00000000  c_p.l(libshutdown.o)
    0x0800016e   0x0800016e   0x00000000   Code   RO         2086    .ARM.Collect$$libshutdown$$00000002  c_p.l(libshutdown2.o)
    0x0800016e   0x0800016e   0x00000000   Code   RO         2088    .ARM.Collect$$libshutdown$$00000004  c_p.l(libshutdown2.o)
    0x0800016e   0x0800016e   0x00000000   Code   RO         2091    .ARM.Collect$$libshutdown$$00000007  c_p.l(libshutdown2.o)
    0x0800016e   0x0800016e   0x00000000   Code   RO         2094    .ARM.Collect$$libshutdown$$0000000A  c_p.l(libshutdown2.o)
    0x0800016e   0x0800016e   0x00000000   Code   RO         2096    .ARM.Collect$$libshutdown$$0000000C  c_p.l(libshutdown2.o)
    0x0800016e   0x0800016e   0x00000000   Code   RO         2099    .ARM.Collect$$libshutdown$$0000000F  c_p.l(libshutdown2.o)
    0x0800016e   0x0800016e   0x00000002   Code   RO         2100    .ARM.Collect$$libshutdown$$00000010  c_p.l(libshutdown2.o)
    0x08000170   0x08000170   0x00000000   Code   RO         1874    .ARM.Collect$$rtentry$$00000000  c_p.l(__rtentry.o)
    0x08000170   0x08000170   0x00000000   Code   RO         1906    .ARM.Collect$$rtentry$$00000002  c_p.l(__rtentry2.o)
    0x08000170   0x08000170   0x00000006   Code   RO         1918    .ARM.Collect$$rtentry$$00000004  c_p.l(__rtentry4.o)
    0x08000176   0x08000176   0x00000000   Code   RO         1908    .ARM.Collect$$rtentry$$00000009  c_p.l(__rtentry2.o)
    0x08000176   0x08000176   0x00000004   Code   RO         1909    .ARM.Collect$$rtentry$$0000000A  c_p.l(__rtentry2.o)
    0x0800017a   0x0800017a   0x00000000   Code   RO         1911    .ARM.Collect$$rtentry$$0000000C  c_p.l(__rtentry2.o)
    0x0800017a   0x0800017a   0x00000008   Code   RO         1912    .ARM.Collect$$rtentry$$0000000D  c_p.l(__rtentry2.o)
    0x08000182   0x08000182   0x00000002   Code   RO         2024    .ARM.Collect$$rtexit$$00000000  c_p.l(rtexit.o)
    0x08000184   0x08000184   0x00000000   Code   RO         2039    .ARM.Collect$$rtexit$$00000002  c_p.l(rtexit2.o)
    0x08000184   0x08000184   0x00000004   Code   RO         2040    .ARM.Collect$$rtexit$$00000003  c_p.l(rtexit2.o)
    0x08000188   0x08000188   0x00000006   Code   RO         2041    .ARM.Collect$$rtexit$$00000004  c_p.l(rtexit2.o)
    0x0800018e   0x0800018e   0x00000002   PAD
    0x08000190   0x08000190   0x00000038   Code   RO         1835    .emb_text           c_p.l(rt_memcpy.o)
    0x080001c8   0x080001c8   0x00000038   Code   RO            4    .text               startup_stm32g070xx.o
    0x08000200   0x08000200   0x00000002   Code   RO         1795    .text               c_p.l(use_no_semi_2.o)
    0x08000202   0x08000202   0x00000030   Code   RO         1797    .text               c_p.l(llmul.o)
    0x08000232   0x08000232   0x000000a6   Code   RO         1799    .text               c_p.l(llsdiv.o)
    0x080002d8   0x080002d8   0x00000028   Code   RO         1803    .text               c_p.l(noretval__2sprintf.o)
    0x08000300   0x08000300   0x00000052   Code   RO         1807    .text               c_p.l(_printf_str.o)
    0x08000352   0x08000352   0x00000002   PAD
    0x08000354   0x08000354   0x0000006c   Code   RO         1809    .text               c_p.l(_printf_dec.o)
    0x080003c0   0x080003c0   0x0000010e   Code   RO         1819    .text               c_p.l(__printf_wp.o)
    0x080004ce   0x080004ce   0x00000082   Code   RO         1836    .text               c_p.l(rt_memcpy.o)
    0x08000550   0x08000550   0x00000040   Code   RO         1839    .text               c_p.l(rt_memclr.o)
    0x08000590   0x08000590   0x000001f8   Code   RO         1841    .text               c_p.l(aeabi_sdivfast.o)
    0x08000788   0x08000788   0x00000006   Code   RO         1849    .text               c_p.l(heapauxi.o)
    0x0800078e   0x0800078e   0x00000002   PAD
    0x08000790   0x08000790   0x0000007c   Code   RO         1853    .text               fz_ps.l(d2f.o)
    0x0800080c   0x0800080c   0x00000448   Code   RO         1855    .text               fz_ps.l(ddiv.o)
    0x08000c54   0x08000c54   0x000000b4   Code   RO         1858    .text               fz_ps.l(dfixl.o)
    0x08000d08   0x08000d08   0x00000058   Code   RO         1860    .text               fz_ps.l(dflti.o)
    0x08000d60   0x08000d60   0x00000084   Code   RO         1862    .text               fz_ps.l(dfltl.o)
    0x08000de4   0x08000de4   0x00000054   Code   RO         1864    .text               fz_ps.l(f2d.o)
    0x08000e38   0x08000e38   0x00000002   Code   RO         1872    .text               c_p.l(use_no_semi.o)
    0x08000e3a   0x08000e3a   0x00000110   Code   RO         1883    .text               c_p.l(lludiv.o)
    0x08000f4a   0x08000f4a   0x00000016   Code   RO         1885    .text               c_p.l(_rserrno.o)
    0x08000f60   0x08000f60   0x000000b0   Code   RO         1887    .text               c_p.l(_printf_intcommon.o)
    0x08001010   0x08001010   0x00000414   Code   RO         1889    .text               c_p.l(_printf_fp_dec.o)
    0x08001424   0x08001424   0x00000030   Code   RO         1893    .text               c_p.l(_printf_char_common.o)
    0x08001454   0x08001454   0x0000000a   Code   RO         1895    .text               c_p.l(_sputc.o)
    0x0800145e   0x0800145e   0x0000002e   Code   RO         1897    .text               c_p.l(_printf_char.o)
    0x0800148c   0x0800148c   0x00000028   Code   RO         1900    .text               c_p.l(rtudiv10.o)
    0x080014b4   0x080014b4   0x00000100   Code   RO         1902    .text               fz_ps.l(dsqrt.o)
    0x080015b4   0x080015b4   0x00000008   Code   RO         1925    .text               c_p.l(rt_locale_intlibspace.o)
    0x080015bc   0x080015bc   0x00000008   Code   RO         1930    .text               c_p.l(rt_errno_addr_intlibspace.o)
    0x080015c4   0x080015c4   0x0000007a   Code   RO         1932    .text               c_p.l(lludiv10.o)
    0x0800163e   0x0800163e   0x00000002   PAD
    0x08001640   0x08001640   0x00000088   Code   RO         1934    .text               c_p.l(_printf_fp_infnan.o)
    0x080016c8   0x080016c8   0x000000d8   Code   RO         1938    .text               c_p.l(bigflt0.o)
    0x080017a0   0x080017a0   0x00000580   Code   RO         1941    .text               c_p.l(btod.o)
    0x08001d20   0x08001d20   0x00000008   Code   RO         1954    .text               c_p.l(libspace.o)
    0x08001d28   0x08001d28   0x0000003e   Code   RO         1957    .text               c_p.l(sys_stackheap_outer.o)
    0x08001d66   0x08001d66   0x00000010   Code   RO         1962    .text               c_p.l(exit.o)
    0x08001d76   0x08001d76   0x00000002   PAD
    0x08001d78   0x08001d78   0x000000b0   Code   RO         1968    .text               c_p.l(strcmpv6m.o)
    0x08001e28   0x08001e28   0x00000056   Code   RO         2103    .text               c_p.l(__dczerorl2.o)
    0x08001e7e   0x08001e7e   0x00000002   PAD
    0x08001e80   0x08001e80   0x00000010   Code   RO          622    .text.ADC1_IRQHandler  stm32g0xx_it.o
    0x08001e90   0x08001e90   0x0000007c   Code   RO          683    .text.ADC_DMAConvCplt  stm32g0xx_hal_adc.o
    0x08001f0c   0x08001f0c   0x0000001a   Code   RO          687    .text.ADC_DMAError  stm32g0xx_hal_adc.o
    0x08001f26   0x08001f26   0x0000000a   Code   RO          685    .text.ADC_DMAHalfConvCplt  stm32g0xx_hal_adc.o
    0x08001f30   0x08001f30   0x00000064   Code   RO          663    .text.ADC_Disable   stm32g0xx_hal_adc.o
    0x08001f94   0x08001f94   0x000000ac   Code   RO          669    .text.ADC_Enable    stm32g0xx_hal_adc.o
    0x08002040   0x08002040   0x000000e8   Code   RO          235    .text.Auto_reserve_process  motion_control.o
    0x08002128   0x08002128   0x0000022c   Code   RO          130    .text.Current_loop  current_loop.o
    0x08002354   0x08002354   0x0000002c   Code   RO          618    .text.DMA1_Channel1_IRQHandler  stm32g0xx_it.o
    0x08002380   0x08002380   0x00000010   Code   RO          620    .text.DMA1_Channel2_3_IRQHandler  stm32g0xx_it.o
    0x08002390   0x08002390   0x00000130   Code   RO          156    .text.DS402_process  ds402.o
    0x080024c0   0x080024c0   0x00000008   Code   RO          491    .text.Error_Handler  main.o
    0x080024c8   0x080024c8   0x00000154   Code   RO          350    .text.Exchange_motor_code  parameter.o
    0x0800261c   0x0800261c   0x00000080   Code   RO          119    .text.Get_Crc16     crc_16.o
    0x0800269c   0x0800269c   0x000000f8   Code   RO          276    .text.Get_NTC_Temperature  ntc_calculate.o
    0x08002794   0x08002794   0x0000009c   Code   RO          719    .text.HAL_ADCEx_Calibration_Start  stm32g0xx_hal_adc_ex.o
    0x08002830   0x08002830   0x00000002   Code   RO          731    .text.HAL_ADCEx_ChannelConfigReadyCallback  stm32g0xx_hal_adc_ex.o
    0x08002832   0x08002832   0x00000002   Code   RO          729    .text.HAL_ADCEx_EndOfSamplingCallback  stm32g0xx_hal_adc_ex.o
    0x08002834   0x08002834   0x00000002   Code   RO          725    .text.HAL_ADCEx_LevelOutOfWindow2Callback  stm32g0xx_hal_adc_ex.o
    0x08002836   0x08002836   0x00000002   Code   RO          727    .text.HAL_ADCEx_LevelOutOfWindow3Callback  stm32g0xx_hal_adc_ex.o
    0x08002838   0x08002838   0x00000268   Code   RO          703    .text.HAL_ADC_ConfigChannel  stm32g0xx_hal_adc.o
    0x08002aa0   0x08002aa0   0x00000002   Code   RO          695    .text.HAL_ADC_ConvCpltCallback  stm32g0xx_hal_adc.o
    0x08002aa2   0x08002aa2   0x00000002   Code   RO          701    .text.HAL_ADC_ConvHalfCpltCallback  stm32g0xx_hal_adc.o
    0x08002aa4   0x08002aa4   0x00000002   Code   RO          699    .text.HAL_ADC_ErrorCallback  stm32g0xx_hal_adc.o
    0x08002aa6   0x08002aa6   0x000001c6   Code   RO          693    .text.HAL_ADC_IRQHandler  stm32g0xx_hal_adc.o
    0x08002c6c   0x08002c6c   0x00000274   Code   RO          655    .text.HAL_ADC_Init  stm32g0xx_hal_adc.o
    0x08002ee0   0x08002ee0   0x00000002   Code   RO          697    .text.HAL_ADC_LevelOutOfWindowCallback  stm32g0xx_hal_adc.o
    0x08002ee2   0x08002ee2   0x00000002   PAD
    0x08002ee4   0x08002ee4   0x000000c8   Code   RO          520    .text.HAL_ADC_MspInit  adc.o
    0x08002fac   0x08002fac   0x000000ac   Code   RO          681    .text.HAL_ADC_Start_DMA  stm32g0xx_hal_adc.o
    0x08003058   0x08003058   0x0000006c   Code   RO          894    .text.HAL_DMA_Abort  stm32g0xx_hal_dma.o
    0x080030c4   0x080030c4   0x00000070   Code   RO          896    .text.HAL_DMA_Abort_IT  stm32g0xx_hal_dma.o
    0x08003134   0x08003134   0x000000e0   Code   RO          900    .text.HAL_DMA_IRQHandler  stm32g0xx_hal_dma.o
    0x08003214   0x08003214   0x000000f8   Code   RO          886    .text.HAL_DMA_Init  stm32g0xx_hal_dma.o
    0x0800330c   0x0800330c   0x000000cc   Code   RO          892    .text.HAL_DMA_Start_IT  stm32g0xx_hal_dma.o
    0x080033d8   0x080033d8   0x0000018c   Code   RO          860    .text.HAL_GPIO_Init  stm32g0xx_hal_gpio.o
    0x08003564   0x08003564   0x0000000a   Code   RO          864    .text.HAL_GPIO_ReadPin  stm32g0xx_hal_gpio.o
    0x0800356e   0x0800356e   0x00000010   Code   RO          866    .text.HAL_GPIO_WritePin  stm32g0xx_hal_gpio.o
    0x0800357e   0x0800357e   0x00000002   PAD
    0x08003580   0x08003580   0x00000008   Code   RO         1059    .text.HAL_GetTick   stm32g0xx_hal.o
    0x08003588   0x08003588   0x00000014   Code   RO         1057    .text.HAL_IncTick   stm32g0xx_hal.o
    0x0800359c   0x0800359c   0x0000002c   Code   RO         1047    .text.HAL_Init      stm32g0xx_hal.o
    0x080035c8   0x080035c8   0x00000048   Code   RO         1049    .text.HAL_InitTick  stm32g0xx_hal.o
    0x08003610   0x08003610   0x00000038   Code   RO          647    .text.HAL_MspInit   stm32g0xx_hal_msp.o
    0x08003648   0x08003648   0x00000018   Code   RO         1011    .text.HAL_NVIC_EnableIRQ  stm32g0xx_hal_cortex.o
    0x08003660   0x08003660   0x00000038   Code   RO         1009    .text.HAL_NVIC_SetPriority  stm32g0xx_hal_cortex.o
    0x08003698   0x08003698   0x00000050   Code   RO          995    .text.HAL_PWREx_ControlVoltageScaling  stm32g0xx_hal_pwr_ex.o
    0x080036e8   0x080036e8   0x00000174   Code   RO          784    .text.HAL_RCCEx_PeriphCLKConfig  stm32g0xx_hal_rcc_ex.o
    0x0800385c   0x0800385c   0x000001e4   Code   RO          748    .text.HAL_RCC_ClockConfig  stm32g0xx_hal_rcc.o
    0x08003a40   0x08003a40   0x00000024   Code   RO          756    .text.HAL_RCC_GetPCLK1Freq  stm32g0xx_hal_rcc.o
    0x08003a64   0x08003a64   0x00000088   Code   RO          750    .text.HAL_RCC_GetSysClockFreq  stm32g0xx_hal_rcc.o
    0x08003aec   0x08003aec   0x00000428   Code   RO          746    .text.HAL_RCC_OscConfig  stm32g0xx_hal_rcc.o
    0x08003f14   0x08003f14   0x000000fc   Code   RO         1140    .text.HAL_SPI_Init  stm32g0xx_hal_spi.o
    0x08004010   0x08004010   0x0000005c   Code   RO          544    .text.HAL_SPI_MspInit  spi.o
    0x0800406c   0x0800406c   0x00000014   Code   RO         1101    .text.HAL_SYSCFG_StrobeDBattpinsConfig  stm32g0xx_hal.o
    0x08004080   0x08004080   0x00000018   Code   RO         1027    .text.HAL_SYSTICK_CLKSourceConfig  stm32g0xx_hal_cortex.o
    0x08004098   0x08004098   0x00000034   Code   RO         1017    .text.HAL_SYSTICK_Config  stm32g0xx_hal_cortex.o
    0x080040cc   0x080040cc   0x00000002   Code   RO         1582    .text.HAL_TIMEx_Break2Callback  stm32g0xx_hal_tim_ex.o
    0x080040ce   0x080040ce   0x00000002   Code   RO         1580    .text.HAL_TIMEx_BreakCallback  stm32g0xx_hal_tim_ex.o
    0x080040d0   0x080040d0   0x00000002   Code   RO         1576    .text.HAL_TIMEx_CommutCallback  stm32g0xx_hal_tim_ex.o
    0x080040d2   0x080040d2   0x00000002   PAD
    0x080040d4   0x080040d4   0x000000bc   Code   RO         1562    .text.HAL_TIMEx_ConfigBreakDeadTime  stm32g0xx_hal_tim_ex.o
    0x08004190   0x08004190   0x00000058   Code   RO         1564    .text.HAL_TIMEx_ConfigBreakInput  stm32g0xx_hal_tim_ex.o
    0x080041e8   0x080041e8   0x00000060   Code   RO         1560    .text.HAL_TIMEx_MasterConfigSynchronization  stm32g0xx_hal_tim_ex.o
    0x08004248   0x08004248   0x00000094   Code   RO         1530    .text.HAL_TIMEx_PWMN_Start  stm32g0xx_hal_tim_ex.o
    0x080042dc   0x080042dc   0x0000007c   Code   RO         1532    .text.HAL_TIMEx_PWMN_Stop  stm32g0xx_hal_tim_ex.o
    0x08004358   0x08004358   0x000000e0   Code   RO         1265    .text.HAL_TIM_Base_Init  stm32g0xx_hal_tim.o
    0x08004438   0x08004438   0x000000a8   Code   RO          565    .text.HAL_TIM_Base_MspInit  tim.o
    0x080044e0   0x080044e0   0x00000060   Code   RO         1279    .text.HAL_TIM_Base_Start_IT  stm32g0xx_hal_tim.o
    0x08004540   0x08004540   0x0000013c   Code   RO         1445    .text.HAL_TIM_ConfigClockSource  stm32g0xx_hal_tim.o
    0x0800467c   0x0800467c   0x00000148   Code   RO         1379    .text.HAL_TIM_Encoder_Init  stm32g0xx_hal_tim.o
    0x080047c4   0x080047c4   0x00000058   Code   RO          567    .text.HAL_TIM_Encoder_MspInit  tim.o
    0x0800481c   0x0800481c   0x000000a8   Code   RO         1387    .text.HAL_TIM_Encoder_Start  stm32g0xx_hal_tim.o
    0x080048c4   0x080048c4   0x00000002   Code   RO         1401    .text.HAL_TIM_IC_CaptureCallback  stm32g0xx_hal_tim.o
    0x080048c6   0x080048c6   0x00000002   PAD
    0x080048c8   0x080048c8   0x00000164   Code   RO         1399    .text.HAL_TIM_IRQHandler  stm32g0xx_hal_tim.o
    0x08004a2c   0x08004a2c   0x000002f8   Code   RO         1411    .text.HAL_TIM_OC_ConfigChannel  stm32g0xx_hal_tim.o
    0x08004d24   0x08004d24   0x00000002   Code   RO         1403    .text.HAL_TIM_OC_DelayElapsedCallback  stm32g0xx_hal_tim.o
    0x08004d26   0x08004d26   0x00000002   PAD
    0x08004d28   0x08004d28   0x000000f0   Code   RO         1293    .text.HAL_TIM_OC_Init  stm32g0xx_hal_tim.o
    0x08004e18   0x08004e18   0x00000002   Code   RO         1295    .text.HAL_TIM_OC_MspInit  stm32g0xx_hal_tim.o
    0x08004e1a   0x08004e1a   0x00000002   PAD
    0x08004e1c   0x08004e1c   0x000003d0   Code   RO         1419    .text.HAL_TIM_PWM_ConfigChannel  stm32g0xx_hal_tim.o
    0x080051ec   0x080051ec   0x000000e8   Code   RO         1319    .text.HAL_TIM_PWM_Init  stm32g0xx_hal_tim.o
    0x080052d4   0x080052d4   0x00000002   Code   RO         1321    .text.HAL_TIM_PWM_MspInit  stm32g0xx_hal_tim.o
    0x080052d6   0x080052d6   0x00000002   Code   RO         1405    .text.HAL_TIM_PWM_PulseFinishedCallback  stm32g0xx_hal_tim.o
    0x080052d8   0x080052d8   0x000000e8   Code   RO         1327    .text.HAL_TIM_PWM_Start  stm32g0xx_hal_tim.o
    0x080053c0   0x080053c0   0x00000110   Code   RO         1331    .text.HAL_TIM_PWM_Start_IT  stm32g0xx_hal_tim.o
    0x080054d0   0x080054d0   0x000000a8   Code   RO         1329    .text.HAL_TIM_PWM_Stop  stm32g0xx_hal_tim.o
    0x08005578   0x08005578   0x00000002   Code   RO         1407    .text.HAL_TIM_PeriodElapsedCallback  stm32g0xx_hal_tim.o
    0x0800557a   0x0800557a   0x00000002   Code   RO         1409    .text.HAL_TIM_TriggerCallback  stm32g0xx_hal_tim.o
    0x0800557c   0x0800557c   0x00000036   Code   RO         1758    .text.HAL_UARTEx_DisableFifoMode  stm32g0xx_hal_uart_ex.o
    0x080055b2   0x080055b2   0x00000002   Code   RO         1686    .text.HAL_UARTEx_RxEventCallback  stm32g0xx_hal_uart.o
    0x080055b4   0x080055b4   0x00000002   Code   RO         1744    .text.HAL_UARTEx_RxFifoFullCallback  stm32g0xx_hal_uart_ex.o
    0x080055b6   0x080055b6   0x00000002   PAD
    0x080055b8   0x080055b8   0x00000078   Code   RO         1762    .text.HAL_UARTEx_SetRxFifoThreshold  stm32g0xx_hal_uart_ex.o
    0x08005630   0x08005630   0x00000080   Code   RO         1760    .text.HAL_UARTEx_SetTxFifoThreshold  stm32g0xx_hal_uart_ex.o
    0x080056b0   0x080056b0   0x00000002   Code   RO         1746    .text.HAL_UARTEx_TxFifoEmptyCallback  stm32g0xx_hal_uart_ex.o
    0x080056b2   0x080056b2   0x00000002   Code   RO         1742    .text.HAL_UARTEx_WakeupCallback  stm32g0xx_hal_uart_ex.o
    0x080056b4   0x080056b4   0x00000002   Code   RO         1684    .text.HAL_UART_ErrorCallback  stm32g0xx_hal_uart.o
    0x080056b6   0x080056b6   0x0000000c   Code   RO         1714    .text.HAL_UART_GetState  stm32g0xx_hal_uart.o
    0x080056c2   0x080056c2   0x00000002   PAD
    0x080056c4   0x080056c4   0x00000420   Code   RO         1680    .text.HAL_UART_IRQHandler  stm32g0xx_hal_uart.o
    0x08005ae4   0x08005ae4   0x000000c0   Code   RO         1596    .text.HAL_UART_Init  stm32g0xx_hal_uart.o
    0x08005ba4   0x08005ba4   0x0000016c   Code   RO          592    .text.HAL_UART_MspInit  usart.o
    0x08005d10   0x08005d10   0x0000006e   Code   RO         1644    .text.HAL_UART_Receive_DMA  stm32g0xx_hal_uart.o
    0x08005d7e   0x08005d7e   0x0000006c   Code   RO         1632    .text.HAL_UART_Receive_IT  stm32g0xx_hal_uart.o
    0x08005dea   0x08005dea   0x00000002   PAD
    0x08005dec   0x08005dec   0x00000114   Code   RO          178    .text.HAL_UART_RxCpltCallback  modbus.o
    0x08005f00   0x08005f00   0x00000002   Code   RO         1694    .text.HAL_UART_RxHalfCpltCallback  stm32g0xx_hal_uart.o
    0x08005f02   0x08005f02   0x00000002   Code   RO         1688    .text.HAL_UART_TxCpltCallback  stm32g0xx_hal_uart.o
    0x08005f04   0x08005f04   0x00000002   Code   RO          610    .text.HardFault_Handler  stm32g0xx_it.o
    0x08005f06   0x08005f06   0x00000002   PAD
    0x08005f08   0x08005f08   0x0000016c   Code   RO          348    .text.Init_Control_Parameter  parameter.o
    0x08006074   0x08006074   0x00000028   Code   RO          342    .text.Init_Driver_State  parameter.o
    0x0800609c   0x0800609c   0x00000784   Code   RO          208    .text.Init_Modbus_Addr_List  modbus.o
    0x08006820   0x08006820   0x000000c4   Code   RO          346    .text.Init_Motor_Parameter  parameter.o
    0x080068e4   0x080068e4   0x00000098   Code   RO          344    .text.Init_System_Parameter  parameter.o
    0x0800697c   0x0800697c   0x00000184   Code   RO          243    .text.KEY_Process   motion_control.o
    0x08006b00   0x08006b00   0x00000104   Code   RO          239    .text.LED_Process   motion_control.o
    0x08006c04   0x08006c04   0x00000014   Code   RO          469    .text.Low_pass_filter_1  velocity_loop.o
    0x08006c18   0x08006c18   0x000000fc   Code   RO          518    .text.MX_ADC1_Init  adc.o
    0x08006d14   0x08006d14   0x00000044   Code   RO          534    .text.MX_DMA_Init   dma.o
    0x08006d58   0x08006d58   0x0000011c   Code   RO          509    .text.MX_GPIO_Init  gpio.o
    0x08006e74   0x08006e74   0x00000048   Code   RO          542    .text.MX_SPI1_Init  spi.o
    0x08006ebc   0x08006ebc   0x000001b8   Code   RO          557    .text.MX_TIM1_Init  tim.o
    0x08007074   0x08007074   0x00000064   Code   RO          561    .text.MX_TIM3_Init  tim.o
    0x080070d8   0x080070d8   0x0000004c   Code   RO          563    .text.MX_TIM6_Init  tim.o
    0x08007124   0x08007124   0x00000070   Code   RO          586    .text.MX_USART1_UART_Init  usart.o
    0x08007194   0x08007194   0x0000006c   Code   RO          588    .text.MX_USART2_UART_Init  usart.o
    0x08007200   0x08007200   0x0000003c   Code   RO          590    .text.MX_USART3_UART_Init  usart.o
    0x0800723c   0x0800723c   0x0000020c   Code   RO          194    .text.Modbus_03_Solve  modbus.o
    0x08007448   0x08007448   0x0000016c   Code   RO          196    .text.Modbus_06_Solve  modbus.o
    0x080075b4   0x080075b4   0x00000224   Code   RO          198    .text.Modbus_16_Solve  modbus.o
    0x080077d8   0x080077d8   0x000000a4   Code   RO          192    .text.Modbus_Solve_Service  modbus.o
    0x0800787c   0x0800787c   0x000004c0   Code   RO          233    .text.Motion_process  motion_control.o
    0x08007d3c   0x08007d3c   0x00000002   Code   RO          608    .text.NMI_Handler   stm32g0xx_it.o
    0x08007d3e   0x08007d3e   0x00000002   PAD
    0x08007d40   0x08007d40   0x000000ec   Code   RO          313    .text.OLED_Clear    oled.o
    0x08007e2c   0x08007e2c   0x000000c4   Code   RO          329    .text.OLED_Init     oled.o
    0x08007ef0   0x08007ef0   0x0000043c   Code   RO          241    .text.OLED_Process  motion_control.o
    0x0800832c   0x0800832c   0x00000100   Code   RO          317    .text.OLED_ShowChar  oled.o
    0x0800842c   0x0800842c   0x0000004a   Code   RO          323    .text.OLED_ShowString  oled.o
    0x08008476   0x08008476   0x00000002   Code   RO          614    .text.PendSV_Handler  stm32g0xx_it.o
    0x08008478   0x08008478   0x000002a0   Code   RO          360    .text.Position_Loop  position_loop.o
    0x08008718   0x08008718   0x00000080   Code   RO           35    .text.Process_Scop_Data  mcpwm.o
    0x08008798   0x08008798   0x000001d8   Code   RO          202    .text.RS232_03_Solve  modbus.o
    0x08008970   0x08008970   0x00000154   Code   RO          204    .text.RS232_06_Solve  modbus.o
    0x08008ac4   0x08008ac4   0x000001f8   Code   RO          206    .text.RS232_16_Solve  modbus.o
    0x08008cbc   0x08008cbc   0x00000034   Code   RO          182    .text.RS232_Process  modbus.o
    0x08008cf0   0x08008cf0   0x000000a0   Code   RO          200    .text.RS232_Solve_Service  modbus.o
    0x08008d90   0x08008d90   0x00000038   Code   RO          180    .text.RS485_Process  modbus.o
    0x08008dc8   0x08008dc8   0x00000002   Code   RO          612    .text.SVC_Handler   stm32g0xx_it.o
    0x08008dca   0x08008dca   0x00000002   PAD
    0x08008dcc   0x08008dcc   0x000001c4   Code   RO          455    .text.SVM           utils.o
    0x08008f90   0x08008f90   0x00000018   Code   RO          616    .text.SysTick_Handler  stm32g0xx_it.o
    0x08008fa8   0x08008fa8   0x00000002   Code   RO         1779    .text.SystemInit    system_stm32g0xx.o
    0x08008faa   0x08008faa   0x00000002   PAD
    0x08008fac   0x08008fac   0x0000000c   Code   RO          624    .text.TIM1_BRK_UP_TRG_COM_IRQHandler  stm32g0xx_it.o
    0x08008fb8   0x08008fb8   0x000001d0   Code   RO          626    .text.TIM1_CC_IRQHandler  stm32g0xx_it.o
    0x08009188   0x08009188   0x00000030   Code   RO          628    .text.TIM6_IRQHandler  stm32g0xx_it.o
    0x080091b8   0x080091b8   0x0000018c   Code   RO          408    .text.Tamagawa_Read_Cmd  tamagawa.o
    0x08009344   0x08009344   0x000000d2   Code   RO         1602    .text.UART_AdvFeatureConfig  stm32g0xx_hal_uart.o
    0x08009416   0x08009416   0x00000016   Code   RO         1682    .text.UART_DMAAbortOnError  stm32g0xx_hal_uart.o
    0x0800942c   0x0800942c   0x000000d0   Code   RO         1642    .text.UART_DMAError  stm32g0xx_hal_uart.o
    0x080094fc   0x080094fc   0x0000008c   Code   RO         1726    .text.UART_DMAReceiveCplt  stm32g0xx_hal_uart.o
    0x08009588   0x08009588   0x0000001c   Code   RO         1728    .text.UART_DMARxHalfCplt  stm32g0xx_hal_uart.o
    0x080095a4   0x080095a4   0x000000a0   Code   RO         1722    .text.UART_RxISR_16BIT  stm32g0xx_hal_uart.o
    0x08009644   0x08009644   0x000001ac   Code   RO         1718    .text.UART_RxISR_16BIT_FIFOEN  stm32g0xx_hal_uart.o
    0x080097f0   0x080097f0   0x000000a2   Code   RO         1724    .text.UART_RxISR_8BIT  stm32g0xx_hal_uart.o
    0x08009892   0x08009892   0x00000002   PAD
    0x08009894   0x08009894   0x000001ac   Code   RO         1720    .text.UART_RxISR_8BIT_FIFOEN  stm32g0xx_hal_uart.o
    0x08009a40   0x08009a40   0x000001a0   Code   RO         1600    .text.UART_SetConfig  stm32g0xx_hal_uart.o
    0x08009be0   0x08009be0   0x000000a0   Code   RO         1646    .text.UART_Start_Receive_DMA  stm32g0xx_hal_uart.o
    0x08009c80   0x08009c80   0x00000114   Code   RO         1634    .text.UART_Start_Receive_IT  stm32g0xx_hal_uart.o
    0x08009d94   0x08009d94   0x000000f2   Code   RO         1618    .text.UART_WaitOnFlagUntilTimeout  stm32g0xx_hal_uart.o
    0x08009e86   0x08009e86   0x00000002   PAD
    0x08009e88   0x08009e88   0x00000030   Code   RO          630    .text.USART1_IRQHandler  stm32g0xx_it.o
    0x08009eb8   0x08009eb8   0x00000030   Code   RO          632    .text.USART2_IRQHandler  stm32g0xx_it.o
    0x08009ee8   0x08009ee8   0x00000130   Code   RO          467    .text.Update_Speed  velocity_loop.o
    0x0800a018   0x0800a018   0x000001e0   Code   RO          465    .text.Velocity_loop  velocity_loop.o
    0x0800a1f8   0x0800a1f8   0x00000148   Code   RO          293    .text.Write_IIC_Byte  oled.o
    0x0800a340   0x0800a340   0x000000b0   Code   RO          295    .text.Write_IIC_Command  oled.o
    0x0800a3f0   0x0800a3f0   0x000000b4   Code   RO          297    .text.Write_IIC_Data  oled.o
    0x0800a4a4   0x0800a4a4   0x00000002   Code   RO          168    .text._sys_exit     modbus.o
    0x0800a4a6   0x0800a4a6   0x00000002   PAD
    0x0800a4a8   0x0800a4a8   0x00000020   Code   RO          384    .text.arm_cos_f32   sin_table.o
    0x0800a4c8   0x0800a4c8   0x0000002c   Code   RO          386    .text.arm_sin_f32   sin_table.o
    0x0800a4f4   0x0800a4f4   0x00000058   Code   RO           39    .text.calibrate_hall_phase  mcpwm.o
    0x0800a54c   0x0800a54c   0x000000c8   Code   RO           41    .text.calibrate_tamagawa_encoder  mcpwm.o
    0x0800a614   0x0800a614   0x00000010   Code   RO          104    .text.delay_init    delay.o
    0x0800a624   0x0800a624   0x000001bc   Code   RO          108    .text.delay_ms      delay.o
    0x0800a7e0   0x0800a7e0   0x00000218   Code   RO           29    .text.find_commutation  mcpwm.o
    0x0800a9f8   0x0800a9f8   0x000000dc   Code   RO           11    .text.init_motor_control  mcpwm.o
    0x0800aad4   0x0800aad4   0x0000012c   Code   RO          487    .text.main          main.o
    0x0800ac00   0x0800ac00   0x00000024   Code   RO           23    .text.phase_current_from_adcval  mcpwm.o
    0x0800ac24   0x0800ac24   0x00000040   Code   RO           25    .text.queue_modulation_timings  mcpwm.o
    0x0800ac64   0x0800ac64   0x00000048   Code   RO           19    .text.start_pwm     mcpwm.o
    0x0800acac   0x0800acac   0x00000048   Code   RO           21    .text.stop_pwm      mcpwm.o
    0x0800acf4   0x0800acf4   0x00000034   Code   RO          174    .text.uart1_init    modbus.o
    0x0800ad28   0x0800ad28   0x00000038   Code   RO          176    .text.uart2_init    modbus.o
    0x0800ad60   0x0800ad60   0x00000028   Code   RO          406    .text.uart3_init    tamagawa.o
    0x0800ad88   0x0800ad88   0x000002ac   Code   RO           31    .text.update_motor  mcpwm.o
    0x0800b034   0x0800b034   0x000001f6   Code   RO         1842    .text_divfast       c_p.l(aeabi_sdivfast.o)
    0x0800b22a   0x0800b22a   0x00000030   Code   RO         1943    i.__ARM_common_ll_muluu  c_p.l(btod.o)
    0x0800b25a   0x0800b25a   0x00000002   PAD
    0x0800b25c   0x0800b25c   0x0000002c   Code   RO         1952    i.__ARM_fpclassify  m_ps.l(fpclassify.o)
    0x0800b288   0x0800b288   0x0000000e   Code   RO         1821    i._is_digit         c_p.l(__printf_wp.o)
    0x0800b296   0x0800b296   0x00000002   PAD
    0x0800b298   0x0800b298   0x00000048   Code   RO         1869    i.sqrt              m_ps.l(sqrt.o)
    0x0800b2e0   0x0800b2e0   0x0000002c   Code   RO         1948    locale$$code        c_p.l(lc_numeric_c.o)
    0x0800b30c   0x0800b30c   0x00000010   Code   RO         1866    x$fpl$printf1       fz_ps.l(printf1.o)
    0x0800b31c   0x0800b31c   0x00000000   Code   RO         1904    x$fpl$usenofp       fz_ps.l(usenofp.o)
    0x0800b31c   0x0800b31c   0x00000080   Data   RO         1856    .constdata          fz_ps.l(ddiv.o)
    0x0800b39c   0x0800b39c   0x00000094   Data   RO         1939    .constdata          c_p.l(bigflt0.o)
    0x0800b430   0x0800b430   0x00000044   Data   RO          263    .rodata..Lswitch.table.Auto_reserve_process.28  motion_control.o
    0x0800b474   0x0800b474   0x00000040   Data   RO         1784    .rodata.AHBPrescTable  system_stm32g0xx.o
    0x0800b4b4   0x0800b4b4   0x00000020   Data   RO         1785    .rodata.APBPrescTable  system_stm32g0xx.o
    0x0800b4d4   0x0800b4d4   0x00000228   Data   RO          331    .rodata.F6x8        oled.o
    0x0800b6fc   0x0800b6fc   0x000005f0   Data   RO          332    .rodata.F8X16       oled.o
    0x0800bcec   0x0800bcec   0x00001000   Data   RO          388    .rodata.Sin_Table   sin_table.o
    0x0800ccec   0x0800ccec   0x00000018   Data   RO         1730    .rodata.UARTPrescTable  stm32g0xx_hal_uart.o
    0x0800cd04   0x0800cd04   0x00000100   Data   RO          121    .rodata.auchCRCHi   crc_16.o
    0x0800ce04   0x0800ce04   0x00000100   Data   RO          122    .rodata.auchCRCLo   crc_16.o
    0x0800cf04   0x0800cf04   0x00000020   Data   RO         1485    .rodata.cst16       stm32g0xx_hal_tim.o
    0x0800cf24   0x0800cf24   0x00000010   Data   RO         1731    .rodata.cst16       stm32g0xx_hal_uart.o
    0x0800cf34   0x0800cf34   0x00000010   Data   RO         1770    .rodata.cst8        stm32g0xx_hal_uart_ex.o
    0x0800cf44   0x0800cf44   0x00000047   Data   RO          258    .rodata.str1.1      motion_control.o
    0x0800cf8b   0x0800cf8b   0x00000001   PAD
    0x0800cf8c   0x0800cf8c   0x00000090   Data   RO          257    .rodata.str1.4      motion_control.o
    0x0800d01c   0x0800d01c   0x00000020   Data   RO         2102    Region$$Table       anon$$obj.o
    0x0800d03c   0x0800d03c   0x0000001c   Data   RO         1947    locale$$data        c_p.l(lc_numeric_c.o)


    Execution Region RW_IRAM1 (Exec base: 0x20000000, Load base: 0x0800d058, Size: 0x00003c48, Max: 0x00009000, ABSOLUTE, COMPRESSED[0x000000c8])

    Exec Addr    Load Addr    Size         Type   Attr      Idx    E Section Name        Object

    0x20000000   COMPRESSED   0x0000005c   Data   RW           93    .data..L_MergedGlobals  mcpwm.o
    0x2000005c   COMPRESSED   0x00000018   Data   RW          146    .data..L_MergedGlobals  current_loop.o
    0x20000074   COMPRESSED   0x00000008   Data   RW          221    .data..L_MergedGlobals  modbus.o
    0x2000007c   COMPRESSED   0x00000020   Data   RW          264    .data..L_MergedGlobals  motion_control.o
    0x2000009c   COMPRESSED   0x00000010   Data   RW          374    .data..L_MergedGlobals  position_loop.o
    0x200000ac   COMPRESSED   0x00000010   Data   RW          477    .data..L_MergedGlobals  velocity_loop.o
    0x200000bc   COMPRESSED   0x00000002   Data   RW           73    .data.ENC_Z_Offset  mcpwm.o
    0x200000be   COMPRESSED   0x00000002   PAD
    0x200000c0   COMPRESSED   0x00000054   Data   RW          278    .data.NTC_Table     ntc_calculate.o
    0x20000114   COMPRESSED   0x00000002   Data   RW          254    .data.OLED_Period   motion_control.o
    0x20000116   COMPRESSED   0x00000002   Data   RW          210    .data.RS232_Addr    modbus.o
    0x20000118   COMPRESSED   0x00000004   Data   RW          211    .data.RS232_Baudrate  modbus.o
    0x2000011c   COMPRESSED   0x00000002   Data   RW           77    .data.Scop_Period   mcpwm.o
    0x2000011e   COMPRESSED   0x00000002   PAD
    0x20000120   COMPRESSED   0x00000004   Data   RW         1783    .data.SystemCoreClock  system_stm32g0xx.o
    0x20000124   COMPRESSED   0x00000004   Data   RW          412    .data.Tamagawa_Baudrate  tamagawa.o
    0x20000128   COMPRESSED   0x00000002   Data   RW          136    .data.current_in_lpf_a  current_loop.o
    0x2000012a   COMPRESSED   0x00000002   Data   RW           44    .data.device_temperature  mcpwm.o
    0x2000012c   COMPRESSED   0x00000004   Data   RW           79    .data.led_blink_period  mcpwm.o
    0x20000130   COMPRESSED   0x00000004   Data   RW           56    .data.loop_counter_p  mcpwm.o
    0x20000134   COMPRESSED   0x00000004   Data   RW           55    .data.loop_counter_v  mcpwm.o
    0x20000138   COMPRESSED   0x00000002   Data   RW          252    .data.motion_out_lpf_a  motion_control.o
    0x2000013a   COMPRESSED   0x00000002   PAD
    0x2000013c   COMPRESSED   0x00000004   Data   RW           53    .data.motor_overload_time  mcpwm.o
    0x20000140   COMPRESSED   0x00000004   Data   RW           52    .data.motor_peak_current  mcpwm.o
    0x20000144   COMPRESSED   0x00000004   Data   RW           51    .data.motor_rated_current  mcpwm.o
    0x20000148   COMPRESSED   0x00000002   Data   RW          158    .data.operation_mode  ds402.o
    0x2000014a   COMPRESSED   0x00000002   Data   RW          372    .data.position_in_lpf_a  position_loop.o
    0x2000014c   COMPRESSED   0x00000002   Data   RW          473    .data.real_speed_filter_num  velocity_loop.o
    0x2000014e   COMPRESSED   0x00000002   Data   RW          474    .data.speed_in_lpf_a  velocity_loop.o
    0x20000150   COMPRESSED   0x00000001   Data   RW         1104    .data.uwTickFreq    stm32g0xx_hal.o
    0x20000151   COMPRESSED   0x00000003   PAD
    0x20000154   COMPRESSED   0x00000004   Data   RW         1103    .data.uwTickPrio    stm32g0xx_hal.o
    0x20000158   COMPRESSED   0x00000002   Data   RW           43    .data.vbus_voltage  mcpwm.o
    0x2000015a   COMPRESSED   0x00000002   Data   RW           46    .data.vel_dir       mcpwm.o
    0x2000015c   COMPRESSED   0x00000004   PAD
    0x20000160        -       0x00000060   Zero   RW         1955    .bss                c_p.l(libspace.o)
    0x200001c0        -       0x00000006   Zero   RW          161    .bss..L_MergedGlobals  ds402.o
    0x200001c6        -       0x00000006   Zero   RW          446    .bss..L_MergedGlobals  tamagawa.o
    0x200001cc        -       0x0000002c   Zero   RW          639    .bss..L_MergedGlobals  stm32g0xx_it.o
    0x200001f8        -       0x00000070   Zero   RW           94    .bss..L_MergedGlobals.1  mcpwm.o
    0x20000268        -       0x00000050   Zero   RW          147    .bss..L_MergedGlobals.1  current_loop.o
    0x200002b8        -       0x00000024   Zero   RW          222    .bss..L_MergedGlobals.1  modbus.o
    0x200002dc        -       0x0000001c   Zero   RW          375    .bss..L_MergedGlobals.1  position_loop.o
    0x200002f8        -       0x00000040   Zero   RW          478    .bss..L_MergedGlobals.1  velocity_loop.o
    0x20000338        -       0x00000064   Zero   RW           95    .bss..L_MergedGlobals.2  mcpwm.o
    0x2000039c        -       0x0000007c   Zero   RW          265    .bss..L_MergedGlobals.29  motion_control.o
    0x20000418        -       0x00000068   Zero   RW          266    .bss..L_MergedGlobals.30  motion_control.o
    0x20000480        -       0x00000078   Zero   RW          267    .bss..L_MergedGlobals.31  motion_control.o
    0x200004f8        -       0x00000018   Zero   RW           81    .bss.ADC_Value      mcpwm.o
    0x20000510        -       0x00000004   Zero   RW          142    .bss.Driver_IIt_Current  current_loop.o
    0x20000514        -       0x00000004   Zero   RW          143    .bss.Driver_IIt_Current_DC  current_loop.o
    0x20000518        -       0x00000002   Zero   RW          144    .bss.Driver_IIt_Filter  current_loop.o
    0x2000051a        -       0x00000002   Zero   RW          145    .bss.Driver_IIt_Filter_DC  current_loop.o
    0x2000051c        -       0x00000004   Zero   RW          137    .bss.Driver_IIt_Real  current_loop.o
    0x20000520        -       0x00000004   Zero   RW          138    .bss.Driver_IIt_Real_DC  current_loop.o
    0x20000524        -       0x00000002   Zero   RW           64    .bss.ENC_Counting_Error  mcpwm.o
    0x20000526   COMPRESSED   0x00000002   PAD
    0x20000528        -       0x00000004   Zero   RW           67    .bss.ENC_Z_Pos      mcpwm.o
    0x2000052c        -       0x00000004   Zero   RW           68    .bss.ENC_Z_Pos_B    mcpwm.o
    0x20000530        -       0x00000004   Zero   RW           70    .bss.ENC_Z_Pos_Diff  mcpwm.o
    0x20000534        -       0x00000004   Zero   RW           71    .bss.ENC_Z_Pos_Diff_B  mcpwm.o
    0x20000538        -       0x00000004   Zero   RW           69    .bss.ENC_Z_Pos_Offset  mcpwm.o
    0x2000053c        -       0x00000002   Zero   RW           63    .bss.ENC_Z_Trig     mcpwm.o
    0x2000053e   COMPRESSED   0x00000002   PAD
    0x20000540        -       0x00000004   Zero   RW           82    .bss.Id             mcpwm.o
    0x20000544        -       0x00000004   Zero   RW           47    .bss.Id_demand      mcpwm.o
    0x20000548        -       0x00000004   Zero   RW           84    .bss.Id_real        mcpwm.o
    0x2000054c        -       0x00000004   Zero   RW           83    .bss.Iq             mcpwm.o
    0x20000550        -       0x000007d0   Zero   RW          217    .bss.Modbus_Output_Reg  modbus.o
    0x20000d20        -       0x00000004   Zero   RW          279    .bss.NTC_R_Value    ntc_calculate.o
    0x20000d24        -       0x00000002   Zero   RW          253    .bss.OLED_count     motion_control.o
    0x20000d26        -       0x000000c8   Zero   RW          214    .bss.RS232_RX_BUFF  modbus.o
    0x20000dee        -       0x000000c8   Zero   RW          218    .bss.RS232_TX_BUFF  modbus.o
    0x20000eb6        -       0x000000c8   Zero   RW          215    .bss.RS485_RX_BUFF  modbus.o
    0x20000f7e        -       0x000000c8   Zero   RW          216    .bss.RS485_TX_BUFF  modbus.o
    0x20001046   COMPRESSED   0x00000002   PAD
    0x20001048        -       0x00002000   Zero   RW           76    .bss.Scop_Buffer    mcpwm.o
    0x20003048        -       0x00000002   Zero   RW          414    .bss.Tamagawa_CRC_count  tamagawa.o
    0x2000304a        -       0x00000002   Zero   RW          415    .bss.Tamagawa_First  tamagawa.o
    0x2000304c        -       0x000000c8   Zero   RW          440    .bss.Tamagawa_RX_BUFF  tamagawa.o
    0x20003114        -       0x000000c8   Zero   RW          443    .bss.Tamagawa_TX_BUFF  tamagawa.o
    0x200031dc        -       0x00000002   Zero   RW          445    .bss.Tamagawa_calCRC  tamagawa.o
    0x200031de        -       0x00000002   Zero   RW          416    .bss.Tamagawa_count_temp  tamagawa.o
    0x200031e0        -       0x00000002   Zero   RW          417    .bss.Tamagawa_lost  tamagawa.o
    0x200031e2        -       0x00000002   Zero   RW           89    .bss.chop_voltage   mcpwm.o
    0x200031e4        -       0x00000004   Zero   RW           57    .bss.current_loop_ready  mcpwm.o
    0x200031e8        -       0x00000004   Zero   RW           61    .bss.drv8301_error  mcpwm.o
    0x200031ec        -       0x00000004   Zero   RW          110    .bss.fac_us         delay.o
    0x200031f0        -       0x00000064   Zero   RW          524    .bss.hadc1          adc.o
    0x20003254        -       0x00000004   Zero   RW           75    .bss.hall_position_b  mcpwm.o
    0x20003258        -       0x0000005c   Zero   RW          525    .bss.hdma_adc1      adc.o
    0x200032b4        -       0x0000005c   Zero   RW          599    .bss.hdma_usart3_rx  usart.o
    0x20003310        -       0x00000064   Zero   RW          548    .bss.hspi1          spi.o
    0x20003374        -       0x0000004c   Zero   RW          575    .bss.htim1          tim.o
    0x200033c0        -       0x0000004c   Zero   RW          576    .bss.htim3          tim.o
    0x2000340c        -       0x0000004c   Zero   RW          577    .bss.htim6          tim.o
    0x20003458        -       0x00000090   Zero   RW          596    .bss.huart1         usart.o
    0x200034e8        -       0x00000090   Zero   RW          597    .bss.huart2         usart.o
    0x20003578        -       0x00000090   Zero   RW          598    .bss.huart3         usart.o
    0x20003608        -       0x00000004   Zero   RW           78    .bss.led_blink_counter  mcpwm.o
    0x2000360c        -       0x00000004   Zero   RW           54    .bss.loop_counter_c  mcpwm.o
    0x20003610        -       0x00000002   Zero   RW           60    .bss.motor_code     mcpwm.o
    0x20003612        -       0x00000002   Zero   RW          389    .bss.num            sin_table.o
    0x20003614        -       0x00000002   Zero   RW           90    .bss.over_temperature  mcpwm.o
    0x20003616        -       0x00000002   Zero   RW           87    .bss.over_voltage   mcpwm.o
    0x20003618        -       0x00000004   Zero   RW           85    .bss.position_demand  mcpwm.o
    0x2000361c        -       0x00000004   Zero   RW           59    .bss.position_loop_ready  mcpwm.o
    0x20003620        -       0x00000004   Zero   RW          261    .bss.profile_target_position  motion_control.o
    0x20003624        -       0x00000002   Zero   RW          426    .bss.set_tamagawa_zero  tamagawa.o
    0x20003626        -       0x00000002   Zero   RW           80    .bss.store_parameter  mcpwm.o
    0x20003628        -       0x00000002   Zero   RW          422    .bss.tamagawa_angle  tamagawa.o
    0x2000362a   COMPRESSED   0x00000002   PAD
    0x2000362c        -       0x00000004   Zero   RW          428    .bss.tamagawa_angle_32  tamagawa.o
    0x20003630        -       0x00000002   Zero   RW          423    .bss.tamagawa_angle_b  tamagawa.o
    0x20003632   COMPRESSED   0x00000002   PAD
    0x20003634        -       0x00000004   Zero   RW           49    .bss.target_position  mcpwm.o
    0x20003638        -       0x00000002   Zero   RW           88    .bss.under_voltage  mcpwm.o
    0x2000363a   COMPRESSED   0x00000002   PAD
    0x2000363c        -       0x00000004   Zero   RW         1105    .bss.uwTick         stm32g0xx_hal.o
    0x20003640        -       0x00000004   Zero   RW           58    .bss.velocity_loop_ready  mcpwm.o
    0x20003644   COMPRESSED   0x00000004   PAD
    0x20003648        -       0x00000200   Zero   RW            2    HEAP                startup_stm32g070xx.o
    0x20003848        -       0x00000400   Zero   RW            1    STACK               startup_stm32g070xx.o


==============================================================================

Image component sizes


      Code (inc. data)   RO Data    RW Data    ZI Data      Debug   Object Name

       452         44          0          0        192       6859   adc.o
       128          8        512          0          0       1242   crc_16.o
       556         40          0         26        100       7408   current_loop.o
       460          8          0          0          4       3191   delay.o
        68          4          0          0          0       1857   dma.o
       304         86          0          2          6       2672   ds402.o
       284         12          0          0          0       2300   gpio.o
       308         24          0          0          0       4127   main.o
      2100        184          0        126       8516      14515   mcpwm.o
      5494        560          0         14       2836      15893   modbus.o
      3180        674        283         36        354       8963   motion_control.o
       248          4          0         84          4       1391   ntc_calculate.o
      1446         16       2072          0          0      14995   oled.o
      1092        442          0          0          0       1328   parameter.o
       672        104          0         18         28       6613   position_loop.o
        76         16       4096          0          2        854   sin_table.o
       164         20          0          0        100       5286   spi.o
        56         26        184          0       1536        588   startup_stm32g070xx.o
       164         20          0          5          4       6633   stm32g0xx_hal.o
      2310        104          0          0          0      19610   stm32g0xx_hal_adc.o
       164          4          0          0          0       6250   stm32g0xx_hal_adc_ex.o
       156         24          0          0          0       6528   stm32g0xx_hal_cortex.o
       896         28          0          0          0       8996   stm32g0xx_hal_dma.o
       422         20          0          0          0       4613   stm32g0xx_hal_gpio.o
        56          4          0          0          0       1236   stm32g0xx_hal_msp.o
        80          8          0          0          0       4677   stm32g0xx_hal_pwr_ex.o
      1720         84          0          0          0       9056   stm32g0xx_hal_rcc.o
       372         16          0          0          0       6043   stm32g0xx_hal_rcc_ex.o
       252          4          0          0          0      24744   stm32g0xx_hal_spi.o
      4382        250         32          0          0      67320   stm32g0xx_hal_tim.o
       650         20          0          0          0      25387   stm32g0xx_hal_tim_ex.o
      4366        136         40          0          0      46372   stm32g0xx_hal_uart.o
       308          8         16          0          0      11555   stm32g0xx_hal_uart_ex.o
       728        160          0          0         44       3828   stm32g0xx_it.o
         2          0         96          4          0       1908   system_stm32g0xx.o
       436         32          0          4        426       4054   tamagawa.o
       872         56          0          0        228      11799   tim.o
       644         52          0          0        524       7363   usart.o
       452         12          0          0          0       2345   utils.o
       804         68          0         20         64       8007   velocity_loop.o

    ----------------------------------------------------------------------
     37356       3382       7364        348      14988     388406   Object Totals
         0          0         32          0          0          0   (incl. Generated)
        32          0          1          9         20          0   (incl. Padding)

    ----------------------------------------------------------------------

      Code (inc. data)   RO Data    RW Data    ZI Data      Debug   Library Member Name

        86          0          0          0          0          0   __dczerorl2.o
         8          0          0          0          0         68   __main.o
       284          0          0          0          0        136   __printf_wp.o
         0          0          0          0          0          0   __rtentry.o
        12          0          0          0          0          0   __rtentry2.o
         6          0          0          0          0          0   __rtentry4.o
        86         10          0          0          0          0   __scatter.o
        28          0          0          0          0          0   __scatter_zi.o
        46          0          0          0          0        100   _printf_char.o
        48          6          0          0          0         88   _printf_char_common.o
        10          0          0          0          0          0   _printf_d.o
       108         18          0          0          0         76   _printf_dec.o
        10          0          0          0          0          0   _printf_f.o
      1044         12          0          0          0        116   _printf_fp_dec.o
       136         16          0          0          0         76   _printf_fp_infnan.o
       176          0          0          0          0         84   _printf_intcommon.o
         2          0          0          0          0          0   _printf_percent.o
         4          0          0          0          0          0   _printf_percent_end.o
        10          0          0          0          0          0   _printf_s.o
        82          0          0          0          0         72   _printf_str.o
        22          0          0          0          0         92   _rserrno.o
        10          0          0          0          0         60   _sputc.o
      1006          4          0          0          0        184   aeabi_sdivfast.o
       216          6        148          0          0         80   bigflt0.o
      1456         30          0          0          0        336   btod.o
        16          0          0          0          0         68   exit.o
         6          0          0          0          0        136   heapauxi.o
        44         10         28          0          0         76   lc_numeric_c.o
         2          0          0          0          0          0   libinit.o
        18          0          0          0          0          0   libinit2.o
         2          0          0          0          0          0   libshutdown.o
         2          0          0          0          0          0   libshutdown2.o
         8          4          0          0         96         68   libspace.o
        48          0          0          0          0         72   llmul.o
       166          0          0          0          0         72   llsdiv.o
       272          0          0          0          0         88   lludiv.o
       122          0          0          0          0         72   lludiv10.o
        40          4          0          0          0         84   noretval__2sprintf.o
         8          4          0          0          0         68   rt_errno_addr_intlibspace.o
         8          4          0          0          0         68   rt_locale_intlibspace.o
        64          0          0          0          0        108   rt_memclr.o
       186          0          0          0          0        144   rt_memcpy.o
         2          0          0          0          0          0   rtexit.o
        10          0          0          0          0          0   rtexit2.o
        40          0          0          0          0         60   rtudiv10.o
       176          4          0          0          0         80   strcmpv6m.o
        62          0          0          0          0         80   sys_stackheap_outer.o
         2          0          0          0          0         68   use_no_semi.o
         2          0          0          0          0         68   use_no_semi_2.o
       124          4          0          0          0         72   d2f.o
      1096         26        128          0          0        112   ddiv.o
       180          6          0          0          0         76   dfixl.o
        88          0          0          0          0         92   dflti.o
       132          4          0          0          0        100   dfltl.o
       256          8          0          0          0         76   dsqrt.o
        84          4          0          0          0         60   f2d.o
        16          4          0          0          0         76   printf1.o
         0          0          0          0          0          0   usenofp.o
        44          4          0          0          0         60   fpclassify.o
        72          6          0          0          0         76   sqrt.o

    ----------------------------------------------------------------------
      8312        198        304          0         96       3848   Library Totals
        18          0          0          0          0          0   (incl. Padding)

    ----------------------------------------------------------------------

      Code (inc. data)   RO Data    RW Data    ZI Data      Debug   Library Name

      6202        132        176          0         96       3048   c_p.l
      1976         56        128          0          0        664   fz_ps.l
       116         10          0          0          0        136   m_ps.l

    ----------------------------------------------------------------------
      8312        198        304          0         96       3848   Library Totals

    ----------------------------------------------------------------------

==============================================================================


      Code (inc. data)   RO Data    RW Data    ZI Data      Debug   

     45668       3580       7668        348      15084     389686   Grand Totals
     45668       3580       7668        200      15084     389686   ELF Image Totals (compressed)
     45668       3580       7668        200          0          0   ROM Totals

==============================================================================

    Total RO  Size (Code + RO Data)                53336 (  52.09kB)
    Total RW  Size (RW Data + ZI Data)             15432 (  15.07kB)
    Total ROM Size (Code + RO Data + RW Data)      53536 (  52.28kB)

==============================================================================

