<html>
<body>
<pre>
<h1>µVision Build Log</h1>
<h2>Tool Versions:</h2>
IDE-Version: ¦ÌVision V5.39.0.0
Copyright (C) 2023 ARM Ltd and ARM Germany GmbH. All rights reserved.
License Information: d 805207319@qq.com, d, LIC=RC93N-Y6I5C-749S0-BB47H-1DVAV-GFK1A
 
Tool Versions:
Toolchain:       MDK-ARM Plus  Version: 5.39.0.0
Toolchain Path:  C:\Keil_v5\ARM\ARMCLANG\Bin
C Compiler:      ArmClang.exe V6.21
Assembler:       Armasm.exe V6.21
Linker/Locator:  ArmLink.exe V6.21
Library Manager: ArmAr.exe V6.21
Hex Converter:   FromElf.exe V6.21
CPU DLL:         SARMCM3.DLL V5.39.0.0
Dialog DLL:      DARMCM1.DLL V1.19.6.0
Target DLL:      CMSIS_AGDI.dll V1.33.16.0
Dialog DLL:      TARMCM1.DLL V1.14.6.0
 
<h2>Project:</h2>
D:\A_Motor\MDK-ARM\SERVOD_1V0.uvprojx
Project File Date:  01/27/2025

<h2>Output:</h2>
*** Using Compiler 'V6.21', folder: 'C:\Keil_v5\ARM\ARMCLANG\Bin'
Build target 'SERVOD_1V0'
compiling crc_16.c...
compiling utils.c...
compiling oled.c...
compiling parameter.c...
compiling current_loop.c...
compiling sys.c...
compiling tamagawa.c...
compiling delay.c...
compiling sin_table.c...
compiling ntc_calculate.c...
compiling ds402.c...
compiling motion_control.c...
compiling position_loop.c...
compiling mcpwm.c...
compiling velocity_loop.c...
compiling main.c...
compiling gpio.c...
compiling modbus.c...
compiling adc.c...
compiling dma.c...
compiling filter.c...
compiling spi.c...
compiling stm32g0xx_hal_msp.c...
compiling tim.c...
compiling usart.c...
compiling stm32g0xx_it.c...
compiling apid_ex_fuzzy.c...
compiling apid.c...
compiling stm32g0xx_ll_adc.c...
compiling apid_exfunc.c...
compiling stm32g0xx_hal_adc_ex.c...
compiling stm32g0xx_ll_rcc.c...
compiling stm32g0xx_hal_rcc.c...
compiling stm32g0xx_hal_rcc_ex.c...
compiling stm32g0xx_hal_adc.c...
compiling stm32g0xx_ll_dma.c...
compiling stm32g0xx_hal_flash.c...
compiling stm32g0xx_hal_flash_ex.c...
compiling stm32g0xx_hal_gpio.c...
compiling stm32g0xx_hal_dma_ex.c...
compiling stm32g0xx_hal_dma.c...
compiling stm32g0xx_hal_pwr.c...
compiling stm32g0xx_hal.c...
compiling stm32g0xx_hal_cortex.c...
compiling stm32g0xx_hal_pwr_ex.c...
compiling stm32g0xx_hal_exti.c...
assembling systick_wrapper_ual.s...
compiling stm32g0xx_hal_spi_ex.c...
compiling perfc_port_default.c...
compiling system_stm32g0xx.c...
compiling perf_counter.c...
compiling stm32g0xx_hal_uart_ex.c...
compiling stm32g0xx_hal_spi.c...
compiling stm32g0xx_hal_tim_ex.c...
compiling stm32g0xx_hal_uart.c...
compiling stm32g0xx_hal_tim.c...
linking...
Program Size: Code=47048 RO-data=7668 RW-data=356 ZI-data=15548  
FromELF: creating hex file...
".\SERVOD_1V0\SERVOD_1V0.axf" - 0 Error(s), 0 Warning(s).

<h2>Software Packages used:</h2>

Package Vendor: ARM
                https://www.keil.com/pack/ARM.CMSIS.6.0.0.pack
                ARM::CMSIS@6.0.0
                CMSIS (Common Microcontroller Software Interface Standard)
   * Component: CORE Version: 6.0.0

Package Vendor: GorgonMeducer
                https://raw.githubusercontent.com/GorgonMeducer/perf_counter/CMSIS-Pack/cmsis-pack/GorgonMeducer.perf_counter.2.3.1.pack
                GorgonMeducer::perf_counter@2.3.1
                A dedicated performance counter for the Cortex-M Systick. It shares the SysTick with users' original SysTick function without interfering with it. This library will bring new functionalities, such as performance counter, APIs for delay, clock() defined in time.h etc.
   * Component: Core Variant: Source Version: 2.3.1

Package Vendor: Keil
                https://www.keil.com/pack/Keil.STM32G0xx_DFP.1.5.0.pack
                Keil::STM32G0xx_DFP@1.5.0
                STMicroelectronics STM32G0 Series Device Support

<h2>Collection of Component include folders:</h2>
  ./RTE/_SERVOD_1V0
  C:/Users/33368/AppData/Local/Arm/Packs/ARM/CMSIS/6.0.0/CMSIS/Core/Include
  C:/Users/33368/AppData/Local/Arm/Packs/GorgonMeducer/perf_counter/2.3.1
  C:/Users/33368/AppData/Local/Arm/Packs/Keil/STM32G0xx_DFP/1.5.0/Drivers/CMSIS/Device/ST/STM32G0xx/Include

<h2>Collection of Component Files used:</h2>

   * Component: ARM::CMSIS:CORE@6.0.0

   * Component: GorgonMeducer::Utilities:perf_counter:Core&Source@2.3.1
      Include file:  perf_counter.h
      Source file:   perfc_port_default.c
      Source file:   perf_counter.c
      Source file:   systick_wrapper_ual.s
Build Time Elapsed:  00:00:03
</pre>
</body>
</html>
