Component: Arm Compiler for Embedded 6.21 Tool: armlink [5ec1fa00]

==============================================================================

Section Cross References

    startup_stm32g070xx.o(STACK) refers (Special) to heapauxi.o(.text) for __use_two_region_memory
    startup_stm32g070xx.o(HEAP) refers (Special) to heapauxi.o(.text) for __use_two_region_memory
    startup_stm32g070xx.o(RESET) refers (Special) to heapauxi.o(.text) for __use_two_region_memory
    startup_stm32g070xx.o(RESET) refers to startup_stm32g070xx.o(STACK) for __initial_sp
    startup_stm32g070xx.o(RESET) refers to startup_stm32g070xx.o(.text) for Reset_Handler
    startup_stm32g070xx.o(RESET) refers to stm32g0xx_it.o(.text.NMI_Handler) for NMI_Handler
    startup_stm32g070xx.o(RESET) refers to stm32g0xx_it.o(.text.HardFault_Handler) for HardFault_Handler
    startup_stm32g070xx.o(RESET) refers to stm32g0xx_it.o(.text.SVC_Handler) for SVC_Handler
    startup_stm32g070xx.o(RESET) refers to stm32g0xx_it.o(.text.PendSV_Handler) for PendSV_Handler
    startup_stm32g070xx.o(RESET) refers to systick_wrapper_ual.o(.text) for SysTick_Handler
    startup_stm32g070xx.o(RESET) refers to stm32g0xx_it.o(.text.DMA1_Channel1_IRQHandler) for DMA1_Channel1_IRQHandler
    startup_stm32g070xx.o(RESET) refers to stm32g0xx_it.o(.text.DMA1_Channel2_3_IRQHandler) for DMA1_Channel2_3_IRQHandler
    startup_stm32g070xx.o(RESET) refers to stm32g0xx_it.o(.text.ADC1_IRQHandler) for ADC1_IRQHandler
    startup_stm32g070xx.o(RESET) refers to stm32g0xx_it.o(.text.TIM1_BRK_UP_TRG_COM_IRQHandler) for TIM1_BRK_UP_TRG_COM_IRQHandler
    startup_stm32g070xx.o(RESET) refers to stm32g0xx_it.o(.text.TIM1_CC_IRQHandler) for TIM1_CC_IRQHandler
    startup_stm32g070xx.o(RESET) refers to stm32g0xx_it.o(.text.TIM6_IRQHandler) for TIM6_IRQHandler
    startup_stm32g070xx.o(RESET) refers to stm32g0xx_it.o(.text.USART1_IRQHandler) for USART1_IRQHandler
    startup_stm32g070xx.o(RESET) refers to stm32g0xx_it.o(.text.USART2_IRQHandler) for USART2_IRQHandler
    startup_stm32g070xx.o(.text) refers (Special) to heapauxi.o(.text) for __use_two_region_memory
    startup_stm32g070xx.o(.text) refers to system_stm32g0xx.o(.text.SystemInit) for SystemInit
    startup_stm32g070xx.o(.text) refers to __main.o(!!!main) for __main
    startup_stm32g070xx.o(.text) refers to startup_stm32g070xx.o(HEAP) for Heap_Mem
    startup_stm32g070xx.o(.text) refers to startup_stm32g070xx.o(STACK) for Stack_Mem
    mcpwm.o(.text.init_motor_control) refers to perf_counter.o(.text.delay_ms) for delay_ms
    mcpwm.o(.text.init_motor_control) refers to stm32g0xx_hal_adc_ex.o(.text.HAL_ADCEx_Calibration_Start) for HAL_ADCEx_Calibration_Start
    mcpwm.o(.text.init_motor_control) refers to main.o(.text.Error_Handler) for Error_Handler
    mcpwm.o(.text.init_motor_control) refers to stm32g0xx_hal_tim.o(.text.HAL_TIM_PWM_Start_IT) for HAL_TIM_PWM_Start_IT
    mcpwm.o(.text.init_motor_control) refers to stm32g0xx_hal_tim.o(.text.HAL_TIM_Encoder_Start) for HAL_TIM_Encoder_Start
    mcpwm.o(.text.init_motor_control) refers to adc.o(.bss.hadc1) for hadc1
    mcpwm.o(.text.init_motor_control) refers to tim.o(.bss.htim1) for htim1
    mcpwm.o(.text.init_motor_control) refers to mcpwm.o(.bss..L_MergedGlobals.2) for [Anonymous Symbol]
    mcpwm.o(.text.init_motor_control) refers to mcpwm.o(.bss..L_MergedGlobals.1) for [Anonymous Symbol]
    mcpwm.o(.text.init_motor_control) refers to tim.o(.bss.htim3) for htim3
    mcpwm.o(.text.init_motor_control) refers to mcpwm.o(.data..L_MergedGlobals) for [Anonymous Symbol]
    mcpwm.o(.text.init_motor_control) refers to tamagawa.o(.bss.Tamagawa_First) for Tamagawa_First
    mcpwm.o(.text.init_motor_control) refers to tamagawa.o(.bss.tamagawa_angle) for tamagawa_angle
    mcpwm.o(.text.init_motor_control) refers to tamagawa.o(.bss.tamagawa_angle_b) for tamagawa_angle_b
    mcpwm.o(.text.init_motor_control) refers to position_loop.o(.bss..L_MergedGlobals.1) for pos_offest
    mcpwm.o(.ARM.exidx.text.init_motor_control) refers to mcpwm.o(.text.init_motor_control) for [Anonymous Symbol]
    mcpwm.o(.text.start_adc) refers to stm32g0xx_hal_adc_ex.o(.text.HAL_ADCEx_Calibration_Start) for HAL_ADCEx_Calibration_Start
    mcpwm.o(.text.start_adc) refers to main.o(.text.Error_Handler) for Error_Handler
    mcpwm.o(.text.start_adc) refers to stm32g0xx_hal_tim.o(.text.HAL_TIM_PWM_Start_IT) for HAL_TIM_PWM_Start_IT
    mcpwm.o(.text.start_adc) refers to adc.o(.bss.hadc1) for hadc1
    mcpwm.o(.text.start_adc) refers to tim.o(.bss.htim1) for htim1
    mcpwm.o(.ARM.exidx.text.start_adc) refers to mcpwm.o(.text.start_adc) for [Anonymous Symbol]
    mcpwm.o(.text.Calibrate_ADC_Offset) refers to perf_counter.o(.text.delay_ms) for delay_ms
    mcpwm.o(.text.Calibrate_ADC_Offset) refers to mcpwm.o(.bss..L_MergedGlobals.2) for [Anonymous Symbol]
    mcpwm.o(.text.Calibrate_ADC_Offset) refers to mcpwm.o(.bss..L_MergedGlobals.1) for [Anonymous Symbol]
[...]
    queue_modulation_timings                 0x0800ad25   Thumb Code    60  mcpwm.o(.text.queue_modulation_timings)
    start_pwm                                0x0800ad65   Thumb Code    72  mcpwm.o(.text.start_pwm)
    stop_pwm                                 0x0800adad   Thumb Code    72  mcpwm.o(.text.stop_pwm)
    uart1_init                               0x0800adf5   Thumb Code    44  modbus.o(.text.uart1_init)
    uart2_init                               0x0800ae29   Thumb Code    44  modbus.o(.text.uart2_init)
    uart3_init                               0x0800ae61   Thumb Code    32  tamagawa.o(.text.uart3_init)
    update_motor                             0x0800ae89   Thumb Code   656  mcpwm.o(.text.update_motor)
    __aeabi_uidiv                            0x0800b14d   Thumb Code    68  aeabi_sdivfast.o(.text_divfast)
    __aeabi_idiv                             0x0800b191   Thumb Code   434  aeabi_sdivfast.o(.text_divfast)
    __ARM_common_ll_muluu                    0x0800b343   Thumb Code    48  btod.o(i.__ARM_common_ll_muluu)
    __ARM_fpclassify                         0x0800b375   Thumb Code    40  fpclassify.o(i.__ARM_fpclassify)
    _is_digit                                0x0800b3a1   Thumb Code    14  __printf_wp.o(i._is_digit)
    sqrt                                     0x0800b3b1   Thumb Code    66  sqrt.o(i.sqrt)
    _get_lc_numeric                          0x0800b3f9   Thumb Code    44  lc_numeric_c.o(locale$$code)
    _printf_fp_dec                           0x0800b425   Thumb Code    16  printf1.o(x$fpl$printf1)
    __I$use$fp                               0x0800b434   Number         0  usenofp.o(x$fpl$usenofp)
    AHBPrescTable                            0x0800b58c   Data          64  system_stm32g0xx.o(.rodata.AHBPrescTable)
    APBPrescTable                            0x0800b5cc   Data          32  system_stm32g0xx.o(.rodata.APBPrescTable)
    F6x8                                     0x0800b5ec   Data         552  oled.o(.rodata.F6x8)
    F8X16                                    0x0800b814   Data        1520  oled.o(.rodata.F8X16)
    Sin_Table                                0x0800be04   Data        4096  sin_table.o(.rodata.Sin_Table)
    UARTPrescTable                           0x0800ce04   Data          24  stm32g0xx_hal_uart.o(.rodata.UARTPrescTable)
    auchCRCHi                                0x0800ce1c   Data         256  crc_16.o(.rodata.auchCRCHi)
    auchCRCLo                                0x0800cf1c   Data         256  crc_16.o(.rodata.auchCRCLo)
    Region$$Table$$Base                      0x0800d13c   Number         0  anon$$obj.o(Region$$Table)
    Region$$Table$$Limit                     0x0800d15c   Number         0  anon$$obj.o(Region$$Table)
    SHT$$INIT_ARRAY$$Base                    0x0800d178   Number         0  perf_counter.o(.init_array)
    SHT$$INIT_ARRAY$$Limit                   0x0800d17c   Number         0  init_aeabi.o(.init_array)
    feedback_type                            0x20000000   Data           1  mcpwm.o(.data..L_MergedGlobals)
    phase_dir                                0x20000002   Data           2  mcpwm.o(.data..L_MergedGlobals)
    hall_phase_dir                           0x20000004   Data           2  mcpwm.o(.data..L_MergedGlobals)
    commutation_time                         0x20000006   Data           2  mcpwm.o(.data..L_MergedGlobals)
    poles_num                                0x20000008   Data           2  mcpwm.o(.data..L_MergedGlobals)
    tamagawa_dir                             0x2000000a   Data           2  mcpwm.o(.data..L_MergedGlobals)
    commutation_current                      0x2000000c   Data           4  mcpwm.o(.data..L_MergedGlobals)
    feedback_resolution                      0x20000010   Data           4  mcpwm.o(.data..L_MergedGlobals)
    rad_of_round                             0x20000014   Data           4  mcpwm.o(.data..L_MergedGlobals)
    motor                                    0x20000018   Data          68  mcpwm.o(.data..L_MergedGlobals)
    kcp                                      0x2000005c   Data           2  current_loop.o(.data..L_MergedGlobals)
    kci                                      0x2000005e   Data           2  current_loop.o(.data..L_MergedGlobals)
    current_out_lpf_a                        0x20000060   Data           2  current_loop.o(.data..L_MergedGlobals)
    vfactor                                  0x20000064   Data           4  current_loop.o(.data..L_MergedGlobals)
    Vq_out_limit                             0x20000068   Data           4  current_loop.o(.data..L_MergedGlobals)
    Vd_out_limit                             0x2000006c   Data           4  current_loop.o(.data..L_MergedGlobals)
    kci_sum_limit                            0x20000070   Data           4  current_loop.o(.data..L_MergedGlobals)
    RS485_Addr                               0x20000074   Data           2  modbus.o(.data..L_MergedGlobals)
    RS485_Baudrate                           0x20000078   Data           4  modbus.o(.data..L_MergedGlobals)
    profile_acce                             0x2000007c   Data           4  motion_control.o(.data..L_MergedGlobals)
    profile_dece                             0x20000080   Data           4  motion_control.o(.data..L_MergedGlobals)
    profile_speed                            0x20000084   Data           4  motion_control.o(.data..L_MergedGlobals)
    direction                                0x20000088   Data           4  motion_control.o(.data..L_MergedGlobals)
    auto_p_pos                               0x2000008c   Data           4  motion_control.o(.data..L_MergedGlobals)
    auto_n_pos                               0x20000090   Data           4  motion_control.o(.data..L_MergedGlobals)
    gear_factor_a                            0x20000094   Data           4  motion_control.o(.data..L_MergedGlobals)
    gear_factor_b                            0x20000098   Data           4  motion_control.o(.data..L_MergedGlobals)
    kpp                                      0x2000009c   Data           2  position_loop.o(.data..L_MergedGlobals)
    kpi                                      0x2000009e   Data           2  position_loop.o(.data..L_MergedGlobals)
    position_out_lpf_a                       0x200000a0   Data           2  position_loop.o(.data..L_MergedGlobals)
    vel_lim                                  0x200000a4   Data           4  position_loop.o(.data..L_MergedGlobals)
    kpi_sum_limit                            0x200000a8   Data           4  position_loop.o(.data..L_MergedGlobals)
    kvp                                      0x200000ac   Data           2  velocity_loop.o(.data..L_MergedGlobals)
    kvi                                      0x200000ae   Data           2  velocity_loop.o(.data..L_MergedGlobals)
    low_pass_filter_on                       0x200000b0   Data           2  velocity_loop.o(.data..L_MergedGlobals)
    speed_out_lpf_a                          0x200000b2   Data           2  velocity_loop.o(.data..L_MergedGlobals)
    kvi_sum_limit                            0x200000b4   Data           4  velocity_loop.o(.data..L_MergedGlobals)
    Ilim                                     0x200000b8   Data           4  velocity_loop.o(.data..L_MergedGlobals)
    ENC_Z_Offset                             0x200000c4   Data           2  mcpwm.o(.data.ENC_Z_Offset)
    NTC_Table                                0x200000c8   Data          84  ntc_calculate.o(.data.NTC_Table)
    OLED_Period                              0x2000011c   Data           2  motion_control.o(.data.OLED_Period)
    RS232_Addr                               0x2000011e   Data           2  modbus.o(.data.RS232_Addr)
    RS232_Baudrate                           0x20000120   Data           4  modbus.o(.data.RS232_Baudrate)
    Scop_Period                              0x20000124   Data           2  mcpwm.o(.data.Scop_Period)
    SystemCoreClock                          0x20000128   Data           4  system_stm32g0xx.o(.data.SystemCoreClock)
    Tamagawa_Baudrate                        0x2000012c   Data           4  tamagawa.o(.data.Tamagawa_Baudrate)
    current_in_lpf_a                         0x20000130   Data           2  current_loop.o(.data.current_in_lpf_a)
    device_temperature                       0x20000132   Data           2  mcpwm.o(.data.device_temperature)
    led_blink_period                         0x20000134   Data           4  mcpwm.o(.data.led_blink_period)
    loop_counter_p                           0x20000138   Data           4  mcpwm.o(.data.loop_counter_p)
    loop_counter_v                           0x2000013c   Data           4  mcpwm.o(.data.loop_counter_v)
    motion_out_lpf_a                         0x20000140   Data           2  motion_control.o(.data.motion_out_lpf_a)
    motor_overload_time                      0x20000144   Data           4  mcpwm.o(.data.motor_overload_time)
    motor_peak_current                       0x20000148   Data           4  mcpwm.o(.data.motor_peak_current)
    motor_rated_current                      0x2000014c   Data           4  mcpwm.o(.data.motor_rated_current)
    operation_mode                           0x20000150   Data           2  ds402.o(.data.operation_mode)
    position_in_lpf_a                        0x20000152   Data           2  position_loop.o(.data.position_in_lpf_a)
    real_speed_filter_num                    0x20000154   Data           2  velocity_loop.o(.data.real_speed_filter_num)
    speed_in_lpf_a                           0x20000156   Data           2  velocity_loop.o(.data.speed_in_lpf_a)
    uwTickFreq                               0x20000158   Data           1  stm32g0xx_hal.o(.data.uwTickFreq)
    uwTickPrio                               0x2000015c   Data           4  stm32g0xx_hal.o(.data.uwTickPrio)
    vbus_voltage                             0x20000160   Data           2  mcpwm.o(.data.vbus_voltage)
    vel_dir                                  0x20000162   Data           2  mcpwm.o(.data.vel_dir)
    __libspace_start                         0x20000168   Data          96  libspace.o(.bss)
    __temporary_stack_top$libspace           0x200001c8   Data           0  libspace.o(.bss)
    motor_on                                 0x200001c8   Data           2  ds402.o(.bss..L_MergedGlobals)
    control_word                             0x200001ca   Data           2  ds402.o(.bss..L_MergedGlobals)
    control_word_b                           0x200001cc   Data           2  ds402.o(.bss..L_MergedGlobals)
    Tamagawa_FrameFlag                       0x200001ce   Data           1  tamagawa.o(.bss..L_MergedGlobals)
    Tamagawa_TX_EN                           0x200001cf   Data           1  tamagawa.o(.bss..L_MergedGlobals)
    Tamagawa_RX_CNT                          0x200001d0   Data           1  tamagawa.o(.bss..L_MergedGlobals)
    USART3_RX_STA                            0x200001d2   Data           2  tamagawa.o(.bss..L_MergedGlobals)
    ttt3                                     0x200001d4   Data           4  stm32g0xx_it.o(.bss..L_MergedGlobals)
    ttt4                                     0x200001d8   Data           4  stm32g0xx_it.o(.bss..L_MergedGlobals)
    t2                                       0x200001dc   Data           4  stm32g0xx_it.o(.bss..L_MergedGlobals)
    t1                                       0x200001e0   Data           4  stm32g0xx_it.o(.bss..L_MergedGlobals)
    t3                                       0x200001e4   Data           4  stm32g0xx_it.o(.bss..L_MergedGlobals)
    t4                                       0x200001e8   Data           4  stm32g0xx_it.o(.bss..L_MergedGlobals)
    ttt1                                     0x200001ec   Data           4  stm32g0xx_it.o(.bss..L_MergedGlobals)
    ttt2                                     0x200001f0   Data           4  stm32g0xx_it.o(.bss..L_MergedGlobals)
    tt2                                      0x200001f4   Data           4  stm32g0xx_it.o(.bss..L_MergedGlobals)
    tt3                                      0x200001f8   Data           4  stm32g0xx_it.o(.bss..L_MergedGlobals)
    tt4                                      0x200001fc   Data           4  stm32g0xx_it.o(.bss..L_MergedGlobals)
    commutation_founded                      0x20000200   Data           2  mcpwm.o(.bss..L_MergedGlobals.1)
    commutation_mode                         0x20000202   Data           2  mcpwm.o(.bss..L_MergedGlobals.1)
    tamagawa_offset                          0x20000204   Data           2  mcpwm.o(.bss..L_MergedGlobals.1)
    Driver_Ready                             0x20000206   Data           2  mcpwm.o(.bss..L_MergedGlobals.1)
    hall_count                               0x20000208   Data           2  mcpwm.o(.bss..L_MergedGlobals.1)
    hall_get_position                        0x2000020a   Data           2  mcpwm.o(.bss..L_MergedGlobals.1)
    start_calibrate_hall_phase               0x2000020c   Data           2  mcpwm.o(.bss..L_MergedGlobals.1)
    hall_phase_offset                        0x2000020e   Data           2  mcpwm.o(.bss..L_MergedGlobals.1)
    ENC_Z_Phase                              0x20000210   Data           2  mcpwm.o(.bss..L_MergedGlobals.1)
    ENC_Z_Phase_B                            0x20000212   Data           2  mcpwm.o(.bss..L_MergedGlobals.1)
    encoder_offset_diff                      0x20000214   Data           2  mcpwm.o(.bss..L_MergedGlobals.1)
    hall_phase_offset_diff                   0x20000216   Data           2  mcpwm.o(.bss..L_MergedGlobals.1)
    Scop_Period_counter                      0x20000218   Data           2  mcpwm.o(.bss..L_MergedGlobals.1)
    Scop_Buffer_point                        0x2000021a   Data           2  mcpwm.o(.bss..L_MergedGlobals.1)
    Scop_Start                               0x2000021c   Data           2  mcpwm.o(.bss..L_MergedGlobals.1)
    Scop_Data_Ready                          0x2000021e   Data           2  mcpwm.o(.bss..L_MergedGlobals.1)
    Scop_Send_point                          0x20000220   Data           2  mcpwm.o(.bss..L_MergedGlobals.1)
    Iq_demand                                0x20000224   Data           4  mcpwm.o(.bss..L_MergedGlobals.1)
    target_Iq                                0x20000228   Data           4  mcpwm.o(.bss..L_MergedGlobals.1)
    target_speed                             0x2000022c   Data           4  mcpwm.o(.bss..L_MergedGlobals.1)
    speed_demand                             0x20000230   Data           4  mcpwm.o(.bss..L_MergedGlobals.1)
    encoder_direction_temp                   0x20000234   Data           4  mcpwm.o(.bss..L_MergedGlobals.1)
    encoder_direction_temp_b                 0x20000238   Data           4  mcpwm.o(.bss..L_MergedGlobals.1)
    hall_position                            0x2000023c   Data           4  mcpwm.o(.bss..L_MergedGlobals.1)
    Error_State                              0x20000240   Data           4  mcpwm.o(.bss..L_MergedGlobals.1)
    tA                                       0x20000244   Data           4  mcpwm.o(.bss..L_MergedGlobals.1)
    tB                                       0x20000248   Data           4  mcpwm.o(.bss..L_MergedGlobals.1)
    tC                                       0x2000024c   Data           4  mcpwm.o(.bss..L_MergedGlobals.1)
    Iq_real                                  0x20000254   Data           4  mcpwm.o(.bss..L_MergedGlobals.1)
    calibrate_timechk                        0x20000258   Data           4  mcpwm.o(.bss..L_MergedGlobals.1)
    hall                                     0x2000025c   Data          12  mcpwm.o(.bss..L_MergedGlobals.1)
    hall_phase                               0x20000268   Data          16  mcpwm.o(.bss..L_MergedGlobals.1)
    RS485_FrameFlag                          0x20000278   Data           1  modbus.o(.bss..L_MergedGlobals.1)
    RS485_TX_EN                              0x20000279   Data           1  modbus.o(.bss..L_MergedGlobals.1)
    RS485_RX_CNT                             0x2000027a   Data           1  modbus.o(.bss..L_MergedGlobals.1)
    RS232_FrameFlag                          0x2000027b   Data           1  modbus.o(.bss..L_MergedGlobals.1)
    RS232_TX_EN                              0x2000027c   Data           1  modbus.o(.bss..L_MergedGlobals.1)
    RS232_RX_CNT                             0x2000027d   Data           1  modbus.o(.bss..L_MergedGlobals.1)
    USART1RxBuffer                           0x2000027e   Data           1  modbus.o(.bss..L_MergedGlobals.1)
    USART2RxBuffer                           0x2000027f   Data           1  modbus.o(.bss..L_MergedGlobals.1)
    USART1_RX_STA                            0x20000280   Data           2  modbus.o(.bss..L_MergedGlobals.1)
    USART2_RX_STA                            0x20000282   Data           2  modbus.o(.bss..L_MergedGlobals.1)
    Modbus_Addr_Base                         0x20000284   Data           2  modbus.o(.bss..L_MergedGlobals.1)
    RS485_Protocol                           0x20000286   Data           2  modbus.o(.bss..L_MergedGlobals.1)
    startRegAddr                             0x20000288   Data           2  modbus.o(.bss..L_MergedGlobals.1)
    calCRC                                   0x2000028a   Data           2  modbus.o(.bss..L_MergedGlobals.1)
    RegNum                                   0x2000028c   Data           2  modbus.o(.bss..L_MergedGlobals.1)
    Reserve                                  0x2000028e   Data           2  modbus.o(.bss..L_MergedGlobals.1)
    USART2_RX_TIMECHK                        0x20000290   Data           4  modbus.o(.bss..L_MergedGlobals.1)
    USART1_RX_TIMECHK                        0x20000294   Data           4  modbus.o(.bss..L_MergedGlobals.1)
    software_version                         0x20000298   Data           4  modbus.o(.bss..L_MergedGlobals.1)
    pos_offest                               0x2000029c   Data           4  position_loop.o(.bss..L_MergedGlobals.1)
    kpi_sum                                  0x200002a0   Data           4  position_loop.o(.bss..L_MergedGlobals.1)
    check_pos_overshot_p                     0x200002a4   Data           4  position_loop.o(.bss..L_MergedGlobals.1)
    check_pos_overshot_n                     0x200002a8   Data           4  position_loop.o(.bss..L_MergedGlobals.1)
    pos_actual                               0x200002ac   Data           4  position_loop.o(.bss..L_MergedGlobals.1)
    pos_err                                  0x200002b0   Data           4  position_loop.o(.bss..L_MergedGlobals.1)
    vel_des                                  0x200002b4   Data           4  position_loop.o(.bss..L_MergedGlobals.1)
    kvi_sum                                  0x200002b8   Data           4  velocity_loop.o(.bss..L_MergedGlobals.1)
    buff_sum                                 0x200002bc   Data           4  velocity_loop.o(.bss..L_MergedGlobals.1)
    Iq_temp                                  0x200002c0   Data           4  velocity_loop.o(.bss..L_MergedGlobals.1)
    Step_phase                               0x200002c4   Data           4  velocity_loop.o(.bss..L_MergedGlobals.1)
    check_vel_overshot_p                     0x200002c8   Data           4  velocity_loop.o(.bss..L_MergedGlobals.1)
    check_vel_overshot_n                     0x200002cc   Data           4  velocity_loop.o(.bss..L_MergedGlobals.1)
    hall_speed_loop_count                    0x200002d0   Data           4  velocity_loop.o(.bss..L_MergedGlobals.1)
    hall_speed_update                        0x200002d4   Data           4  velocity_loop.o(.bss..L_MergedGlobals.1)
    display_speed_loop_count                 0x200002d8   Data           4  velocity_loop.o(.bss..L_MergedGlobals.1)
    display_speed                            0x200002dc   Data           4  velocity_loop.o(.bss..L_MergedGlobals.1)
    display_encoder_state_b                  0x200002e0   Data           4  velocity_loop.o(.bss..L_MergedGlobals.1)
    real_speed_filter                        0x200002e4   Data           4  velocity_loop.o(.bss..L_MergedGlobals.1)
    speed_err                                0x200002e8   Data           4  velocity_loop.o(.bss..L_MergedGlobals.1)
    real_speed                               0x200002ec   Data           4  velocity_loop.o(.bss..L_MergedGlobals.1)
    encoder_state_b                          0x200002f0   Data           4  velocity_loop.o(.bss..L_MergedGlobals.1)
    real_speed_buff_point                    0x200002f4   Data           4  velocity_loop.o(.bss..L_MergedGlobals.1)
    g_nOffset                                0x200002f8   Data           4  perf_counter.o(.bss..L_MergedGlobals.1)
    g_lLastTimeStamp                         0x20000308   Data           8  perf_counter.o(.bss..L_MergedGlobals.1)
    Scop_Chanel                              0x20000330   Data          16  mcpwm.o(.bss..L_MergedGlobals.2)
    Scop_Send_Buf                            0x20000340   Data          20  mcpwm.o(.bss..L_MergedGlobals.2)
    ADCValue                                 0x20000354   Data          24  mcpwm.o(.bss..L_MergedGlobals.2)
    ADC_Offset                               0x2000036c   Data          24  mcpwm.o(.bss..L_MergedGlobals.2)
    enc_z                                    0x20000384   Data          36  mcpwm.o(.bss..L_MergedGlobals.2)
    accelerating                             0x200003a8   Data           1  motion_control.o(.bss..L_MergedGlobals.30)
    decelerating                             0x200003a9   Data           1  motion_control.o(.bss..L_MergedGlobals.30)
    positionning                             0x200003aa   Data           1  motion_control.o(.bss..L_MergedGlobals.30)
    motion_state                             0x200003ab   Data           1  motion_control.o(.bss..L_MergedGlobals.30)
    auto_switch_on                           0x200003ac   Data           2  motion_control.o(.bss..L_MergedGlobals.30)
    pluse_temp                               0x200003ae   Data           2  motion_control.o(.bss..L_MergedGlobals.30)
    pluse_temp_b                             0x200003b0   Data           2  motion_control.o(.bss..L_MergedGlobals.30)
    delta_pulse                              0x200003b2   Data           2  motion_control.o(.bss..L_MergedGlobals.30)
    target_speed_now                         0x200003b4   Data           4  motion_control.o(.bss..L_MergedGlobals.30)
    distance_diff                            0x200003b8   Data           4  motion_control.o(.bss..L_MergedGlobals.30)
    target_pos_now                           0x200003bc   Data           4  motion_control.o(.bss..L_MergedGlobals.30)
    searching_speed                          0x200003c0   Data           4  motion_control.o(.bss..L_MergedGlobals.30)
    auto_reverse_p_time                      0x200003c4   Data           4  motion_control.o(.bss..L_MergedGlobals.30)
    auto_reverse_n_time                      0x200003c8   Data           4  motion_control.o(.bss..L_MergedGlobals.30)
    auto_reverse_time                        0x200003cc   Data           4  motion_control.o(.bss..L_MergedGlobals.30)
    pluse_num                                0x200003d0   Data           4  motion_control.o(.bss..L_MergedGlobals.30)
    pluse_num_r                              0x200003d4   Data           4  motion_control.o(.bss..L_MergedGlobals.30)
    pul_dir                                  0x200003d8   Data           4  motion_control.o(.bss..L_MergedGlobals.30)
    pluse_num_beforegear                     0x200003dc   Data           4  motion_control.o(.bss..L_MergedGlobals.30)
    EN_state                                 0x200003e0   Data           4  motion_control.o(.bss..L_MergedGlobals.30)
    EN_state_b                               0x200003e4   Data           4  motion_control.o(.bss..L_MergedGlobals.30)
    DIN1_state                               0x200003e8   Data           4  motion_control.o(.bss..L_MergedGlobals.30)
    DIN1_state_b                             0x200003ec   Data           4  motion_control.o(.bss..L_MergedGlobals.30)
    DIN2_state                               0x200003f0   Data           4  motion_control.o(.bss..L_MergedGlobals.30)
    DIN2_state_b                             0x200003f4   Data           4  motion_control.o(.bss..L_MergedGlobals.30)
    DIN3_state                               0x200003f8   Data           4  motion_control.o(.bss..L_MergedGlobals.30)
    DIN3_state_b                             0x200003fc   Data           4  motion_control.o(.bss..L_MergedGlobals.30)
    profile_target_position_b                0x20000400   Data           4  motion_control.o(.bss..L_MergedGlobals.30)
    dece_diatance                            0x20000404   Data           4  motion_control.o(.bss..L_MergedGlobals.30)
    acce_diatance                            0x20000408   Data           4  motion_control.o(.bss..L_MergedGlobals.30)
    profile_speed_b                          0x2000040c   Data           4  motion_control.o(.bss..L_MergedGlobals.30)
    auto_reverse_status                      0x20000410   Data           4  motion_control.o(.bss..L_MergedGlobals.30)
    key1_state                               0x20000414   Data           4  motion_control.o(.bss..L_MergedGlobals.30)
    key2_state                               0x20000418   Data           4  motion_control.o(.bss..L_MergedGlobals.30)
    key3_state                               0x2000041c   Data           4  motion_control.o(.bss..L_MergedGlobals.30)
    key1_state_b                             0x20000420   Data           4  motion_control.o(.bss..L_MergedGlobals.30)
    key2_state_b                             0x20000428   Data           4  motion_control.o(.bss..L_MergedGlobals.31)
    key3_state_b                             0x2000042c   Data           4  motion_control.o(.bss..L_MergedGlobals.31)
    remain_dst                               0x20000430   Data           8  motion_control.o(.bss..L_MergedGlobals.31)
    step_dst                                 0x20000438   Data           8  motion_control.o(.bss..L_MergedGlobals.31)
    display_buff                             0x20000440   Data          40  motion_control.o(.bss..L_MergedGlobals.31)
    display_buff4                            0x20000468   Data          40  motion_control.o(.bss..L_MergedGlobals.31)
    display_buff1                            0x20000490   Data          40  motion_control.o(.bss..L_MergedGlobals.32)
    display_buff2                            0x200004b8   Data          40  motion_control.o(.bss..L_MergedGlobals.32)
    display_buff3                            0x200004e0   Data          40  motion_control.o(.bss..L_MergedGlobals.32)
    V_current_control_integral_d             0x20000508   Data           4  current_loop.o(.bss..L_MergedGlobals.5)
    V_current_control_integral_q             0x2000050c   Data           4  current_loop.o(.bss..L_MergedGlobals.5)
    check_current_overshot_p                 0x20000510   Data           4  current_loop.o(.bss..L_MergedGlobals.5)
    check_current_overshot_n                 0x20000514   Data           4  current_loop.o(.bss..L_MergedGlobals.5)
    Ierr_d                                   0x20000518   Data           4  current_loop.o(.bss..L_MergedGlobals.5)
    Ierr_q                                   0x2000051c   Data           4  current_loop.o(.bss..L_MergedGlobals.5)
    Vd                                       0x20000520   Data           4  current_loop.o(.bss..L_MergedGlobals.5)
    Vq                                       0x20000524   Data           4  current_loop.o(.bss..L_MergedGlobals.5)
    Vq_filter                                0x20000528   Data           4  current_loop.o(.bss..L_MergedGlobals.5)
    Vd_filter                                0x2000052c   Data           4  current_loop.o(.bss..L_MergedGlobals.5)
    mod_d                                    0x20000530   Data           4  current_loop.o(.bss..L_MergedGlobals.5)
    mod_q                                    0x20000534   Data           4  current_loop.o(.bss..L_MergedGlobals.5)
    mod_alpha                                0x20000538   Data           4  current_loop.o(.bss..L_MergedGlobals.5)
    mod_beta                                 0x2000053c   Data           4  current_loop.o(.bss..L_MergedGlobals.5)
    IIt_Remaider                             0x20000540   Data           4  current_loop.o(.bss..L_MergedGlobals.5)
    IIt_temp                                 0x20000544   Data           4  current_loop.o(.bss..L_MergedGlobals.5)
    IIt_DC_Remaider                          0x20000548   Data           4  current_loop.o(.bss..L_MergedGlobals.5)
    IIt_DC_temp                              0x2000054c   Data           4  current_loop.o(.bss..L_MergedGlobals.5)
    ADC_Value                                0x20000550   Data          24  mcpwm.o(.bss.ADC_Value)
    Driver_IIt_Current                       0x20000568   Data           4  current_loop.o(.bss.Driver_IIt_Current)
    Driver_IIt_Current_DC                    0x2000056c   Data           4  current_loop.o(.bss.Driver_IIt_Current_DC)
    Driver_IIt_Filter                        0x20000570   Data           2  current_loop.o(.bss.Driver_IIt_Filter)
    Driver_IIt_Filter_DC                     0x20000572   Data           2  current_loop.o(.bss.Driver_IIt_Filter_DC)
    Driver_IIt_Real                          0x20000574   Data           4  current_loop.o(.bss.Driver_IIt_Real)
    Driver_IIt_Real_DC                       0x20000578   Data           4  current_loop.o(.bss.Driver_IIt_Real_DC)
    Id_demand                                0x2000057c   Data           4  mcpwm.o(.bss.Id_demand)
    Id_real                                  0x20000580   Data           4  mcpwm.o(.bss.Id_real)
    Modbus_Output_Reg                        0x20000584   Data        2000  modbus.o(.bss.Modbus_Output_Reg)
    NTC_R_Value                              0x20000d54   Data           4  ntc_calculate.o(.bss.NTC_R_Value)
    OLED_count                               0x20000d58   Data           2  motion_control.o(.bss.OLED_count)
    RS232_RX_BUFF                            0x20000d5a   Data         200  modbus.o(.bss.RS232_RX_BUFF)
    RS232_TX_BUFF                            0x20000e22   Data         200  modbus.o(.bss.RS232_TX_BUFF)
    RS485_RX_BUFF                            0x20000eea   Data         200  modbus.o(.bss.RS485_RX_BUFF)
    RS485_TX_BUFF                            0x20000fb2   Data         200  modbus.o(.bss.RS485_TX_BUFF)
    Scop_Buffer                              0x2000107c   Data        8192  mcpwm.o(.bss.Scop_Buffer)
    Tamagawa_CRC_count                       0x2000307c   Data           2  tamagawa.o(.bss.Tamagawa_CRC_count)
    Tamagawa_First                           0x2000307e   Data           2  tamagawa.o(.bss.Tamagawa_First)
    Tamagawa_RX_BUFF                         0x20003080   Data         200  tamagawa.o(.bss.Tamagawa_RX_BUFF)
    Tamagawa_TX_BUFF                         0x20003148   Data         200  tamagawa.o(.bss.Tamagawa_TX_BUFF)
    Tamagawa_calCRC                          0x20003210   Data           2  tamagawa.o(.bss.Tamagawa_calCRC)
    Tamagawa_count_temp                      0x20003212   Data           2  tamagawa.o(.bss.Tamagawa_count_temp)
    Tamagawa_lost                            0x20003214   Data           2  tamagawa.o(.bss.Tamagawa_lost)
    chop_voltage                             0x20003216   Data           2  mcpwm.o(.bss.chop_voltage)
    current_loop_ready                       0x20003218   Data           4  mcpwm.o(.bss.current_loop_ready)
    drv8301_error                            0x2000321c   Data           4  mcpwm.o(.bss.drv8301_error)
    hadc1                                    0x20003220   Data         100  adc.o(.bss.hadc1)
    hall_position_b                          0x20003284   Data           4  mcpwm.o(.bss.hall_position_b)
    hdma_adc1                                0x20003288   Data          92  adc.o(.bss.hdma_adc1)
    hdma_usart3_rx                           0x200032e4   Data          92  usart.o(.bss.hdma_usart3_rx)
    hspi1                                    0x20003340   Data         100  spi.o(.bss.hspi1)
    htim1                                    0x200033a4   Data          76  tim.o(.bss.htim1)
    htim3                                    0x200033f0   Data          76  tim.o(.bss.htim3)
    htim6                                    0x2000343c   Data          76  tim.o(.bss.htim6)
    huart1                                   0x20003488   Data         144  usart.o(.bss.huart1)
    huart2                                   0x20003518   Data         144  usart.o(.bss.huart2)
    huart3                                   0x200035a8   Data         144  usart.o(.bss.huart3)
    led_blink_counter                        0x20003638   Data           4  mcpwm.o(.bss.led_blink_counter)
    loop_counter_c                           0x2000363c   Data           4  mcpwm.o(.bss.loop_counter_c)
    motor_code                               0x20003640   Data           2  mcpwm.o(.bss.motor_code)
    num                                      0x20003642   Data           2  sin_table.o(.bss.num)
    over_temperature                         0x20003644   Data           2  mcpwm.o(.bss.over_temperature)
    over_voltage                             0x20003646   Data           2  mcpwm.o(.bss.over_voltage)
    position_demand                          0x20003648   Data           4  mcpwm.o(.bss.position_demand)
    position_loop_ready                      0x2000364c   Data           4  mcpwm.o(.bss.position_loop_ready)
    profile_target_position                  0x20003650   Data           4  motion_control.o(.bss.profile_target_position)
    set_tamagawa_zero                        0x20003654   Data           2  tamagawa.o(.bss.set_tamagawa_zero)
    store_parameter                          0x20003656   Data           2  mcpwm.o(.bss.store_parameter)
    svpwm                                    0x20003658   Data          40  mcpwm.o(.bss.svpwm)
    tamagawa_angle                           0x20003680   Data           2  tamagawa.o(.bss.tamagawa_angle)
    tamagawa_angle_32                        0x20003684   Data           4  tamagawa.o(.bss.tamagawa_angle_32)
    tamagawa_angle_b                         0x20003688   Data           2  tamagawa.o(.bss.tamagawa_angle_b)
    target_position                          0x2000368c   Data           4  mcpwm.o(.bss.target_position)
    under_voltage                            0x20003690   Data           2  mcpwm.o(.bss.under_voltage)
    uwTick                                   0x20003694   Data           4  stm32g0xx_hal.o(.bss.uwTick)
    velocity_loop_ready                      0x20003698   Data           4  mcpwm.o(.bss.velocity_loop_ready)



==============================================================================

Memory Map of the image

  Image Entry point : 0x080000b9

  Load Region LR_IROM1 (Base: 0x08000000, Size: 0x0000d2e8, Max: 0x00020000, ABSOLUTE, COMPRESSED[0x0000d250])

    Execution Region ER_IROM1 (Exec base: 0x08000000, Load base: 0x08000000, Size: 0x0000d17c, Max: 0x00020000, ABSOLUTE)

    Exec Addr    Load Addr    Size         Type   Attr      Idx    E Section Name        Object

    0x08000000   0x08000000   0x000000b8   Data   RO            3    RESET               startup_stm32g070xx.o
    0x080000b8   0x080000b8   0x00000008   Code   RO         2152  * !!!main             c_p.l(__main.o)
    0x080000c0   0x080000c0   0x00000054   Code   RO         2614    !!!scatter          c_p.l(__scatter.o)
    0x08000114   0x08000114   0x00000002   Code   RO         2615    !!handler_null      c_p.l(__scatter.o)
    0x08000116   0x08000116   0x00000002   PAD
    0x08000118   0x08000118   0x0000001c   Code   RO         2618    !!handler_zi        c_p.l(__scatter_zi.o)
    0x08000134   0x08000134   0x00000002   Code   RO         2125    .ARM.Collect$$_printf_percent$$00000000  c_p.l(_printf_percent.o)
    0x08000136   0x08000136   0x0000000a   Code   RO         2124    .ARM.Collect$$_printf_percent$$00000003  c_p.l(_printf_f.o)
    0x08000140   0x08000140   0x0000000a   Code   RO         2123    .ARM.Collect$$_printf_percent$$00000009  c_p.l(_printf_d.o)
    0x0800014a   0x0800014a   0x0000000a   Code   RO         2122    .ARM.Collect$$_printf_percent$$00000014  c_p.l(_printf_s.o)
    0x08000154   0x08000154   0x00000004   Code   RO         2266    .ARM.Collect$$_printf_percent$$00000017  c_p.l(_printf_percent_end.o)
    0x08000158   0x08000158   0x00000002   Code   RO         2479    .ARM.Collect$$libinit$$00000000  c_p.l(libinit.o)
    0x0800015a   0x0800015a   0x00000000   Code   RO         2282    .ARM.Collect$$libinit$$00000002  c_p.l(libinit2.o)
    0x0800015a   0x0800015a   0x00000000   Code   RO         2284    .ARM.Collect$$libinit$$00000004  c_p.l(libinit2.o)
    0x0800015a   0x0800015a   0x00000000   Code   RO         2286    .ARM.Collect$$libinit$$00000006  c_p.l(libinit2.o)
    0x0800015a   0x0800015a   0x00000000   Code   RO         2289    .ARM.Collect$$libinit$$0000000C  c_p.l(libinit2.o)
    0x0800015a   0x0800015a   0x00000000   Code   RO         2291    .ARM.Collect$$libinit$$0000000E  c_p.l(libinit2.o)
    0x0800015a   0x0800015a   0x00000000   Code   RO         2293    .ARM.Collect$$libinit$$00000010  c_p.l(libinit2.o)
    0x0800015a   0x0800015a   0x00000006   Code   RO         2294    .ARM.Collect$$libinit$$00000011  c_p.l(libinit2.o)
    0x08000160   0x08000160   0x00000000   Code   RO         2296    .ARM.Collect$$libinit$$00000013  c_p.l(libinit2.o)
    0x08000160   0x08000160   0x00000000   Code   RO         2298    .ARM.Collect$$libinit$$00000015  c_p.l(libinit2.o)
    0x08000160   0x08000160   0x00000000   Code   RO         2300    .ARM.Collect$$libinit$$00000017  c_p.l(libinit2.o)
    0x08000160   0x08000160   0x0000000a   Code   RO         2301    .ARM.Collect$$libinit$$00000018  c_p.l(libinit2.o)
    0x0800016a   0x0800016a   0x00000000   Code   RO         2302    .ARM.Collect$$libinit$$00000019  c_p.l(libinit2.o)
    0x0800016a   0x0800016a   0x00000000   Code   RO         2304    .ARM.Collect$$libinit$$0000001B  c_p.l(libinit2.o)
    0x0800016a   0x0800016a   0x00000000   Code   RO         2306    .ARM.Collect$$libinit$$0000001D  c_p.l(libinit2.o)
    0x0800016a   0x0800016a   0x00000000   Code   RO         2308    .ARM.Collect$$libinit$$0000001F  c_p.l(libinit2.o)
    0x0800016a   0x0800016a   0x00000000   Code   RO         2310    .ARM.Collect$$libinit$$00000021  c_p.l(libinit2.o)
    0x0800016a   0x0800016a   0x00000000   Code   RO         2312    .ARM.Collect$$libinit$$00000023  c_p.l(libinit2.o)
    0x0800016a   0x0800016a   0x00000000   Code   RO         2314    .ARM.Collect$$libinit$$00000025  c_p.l(libinit2.o)
    0x0800016a   0x0800016a   0x00000000   Code   RO         2316    .ARM.Collect$$libinit$$00000027  c_p.l(libinit2.o)
    0x0800016a   0x0800016a   0x00000000   Code   RO         2320    .ARM.Collect$$libinit$$0000002E  c_p.l(libinit2.o)
    0x0800016a   0x0800016a   0x00000000   Code   RO         2322    .ARM.Collect$$libinit$$00000030  c_p.l(libinit2.o)
    0x0800016a   0x0800016a   0x00000000   Code   RO         2324    .ARM.Collect$$libinit$$00000032  c_p.l(libinit2.o)
    0x0800016a   0x0800016a   0x00000004   Code   RO         2325    .ARM.Collect$$libinit$$00000033  c_p.l(libinit2.o)
    0x0800016e   0x0800016e   0x00000000   Code   RO         2326    .ARM.Collect$$libinit$$00000034  c_p.l(libinit2.o)
    0x0800016e   0x0800016e   0x00000002   Code   RO         2327    .ARM.Collect$$libinit$$00000035  c_p.l(libinit2.o)
    0x08000170   0x08000170   0x00000002   Code   RO         2579    .ARM.Collect$$libshutdown$$00000000  c_p.l(libshutdown.o)
    0x08000172   0x08000172   0x00000000   Code   RO         2481    .ARM.Collect$$libshutdown$$00000002  c_p.l(libshutdown2.o)
    0x08000172   0x08000172   0x00000000   Code   RO         2483    .ARM.Collect$$libshutdown$$00000004  c_p.l(libshutdown2.o)
    0x08000172   0x08000172   0x00000000   Code   RO         2486    .ARM.Collect$$libshutdown$$00000007  c_p.l(libshutdown2.o)
    0x08000172   0x08000172   0x00000000   Code   RO         2489    .ARM.Collect$$libshutdown$$0000000A  c_p.l(libshutdown2.o)
    0x08000172   0x08000172   0x00000000   Code   RO         2491    .ARM.Collect$$libshutdown$$0000000C  c_p.l(libshutdown2.o)
    0x08000172   0x08000172   0x00000000   Code   RO         2494    .ARM.Collect$$libshutdown$$0000000F  c_p.l(libshutdown2.o)
    0x08000172   0x08000172   0x00000002   Code   RO         2495    .ARM.Collect$$libshutdown$$00000010  c_p.l(libshutdown2.o)
    0x08000174   0x08000174   0x00000000   Code   RO         2205    .ARM.Collect$$rtentry$$00000000  c_p.l(__rtentry.o)
    0x08000174   0x08000174   0x00000000   Code   RO         2343    .ARM.Collect$$rtentry$$00000002  c_p.l(__rtentry2.o)
    0x08000174   0x08000174   0x00000006   Code   RO         2355    .ARM.Collect$$rtentry$$00000004  c_p.l(__rtentry4.o)
    0x0800017a   0x0800017a   0x00000000   Code   RO         2345    .ARM.Collect$$rtentry$$00000009  c_p.l(__rtentry2.o)
    0x0800017a   0x0800017a   0x00000004   Code   RO         2346    .ARM.Collect$$rtentry$$0000000A  c_p.l(__rtentry2.o)
    0x0800017e   0x0800017e   0x00000000   Code   RO         2348    .ARM.Collect$$rtentry$$0000000C  c_p.l(__rtentry2.o)
    0x0800017e   0x0800017e   0x00000008   Code   RO         2349    .ARM.Collect$$rtentry$$0000000D  c_p.l(__rtentry2.o)
    0x08000186   0x08000186   0x00000002   Code   RO         2501    .ARM.Collect$$rtexit$$00000000  c_p.l(rtexit.o)
    0x08000188   0x08000188   0x00000000   Code   RO         2543    .ARM.Collect$$rtexit$$00000002  c_p.l(rtexit2.o)
    0x08000188   0x08000188   0x00000004   Code   RO         2544    .ARM.Collect$$rtexit$$00000003  c_p.l(rtexit2.o)
    0x0800018c   0x0800018c   0x00000006   Code   RO         2545    .ARM.Collect$$rtexit$$00000004  c_p.l(rtexit2.o)
    0x08000192   0x08000192   0x00000002   PAD
    0x08000194   0x08000194   0x00000038   Code   RO         2134    .emb_text           c_p.l(rt_memcpy.o)
    0x080001cc   0x080001cc   0x00000038   Code   RO            4    .text               startup_stm32g070xx.o
    0x08000204   0x08000204   0x00000020   Code   RO         2020    .text               systick_wrapper_ual.o
    0x08000224   0x08000224   0x00000002   Code   RO         2026    .text               c_p.l(use_no_semi_2.o)
    0x08000226   0x08000226   0x00000030   Code   RO         2084    .text               c_p.l(llmul.o)
    0x08000256   0x08000256   0x000000a6   Code   RO         2086    .text               c_p.l(llsdiv.o)
    0x080002fc   0x080002fc   0x00000028   Code   RO         2094    .text               c_p.l(noretval__2sprintf.o)
    0x08000324   0x08000324   0x00000052   Code   RO         2098    .text               c_p.l(_printf_str.o)
    0x08000376   0x08000376   0x00000002   PAD
    0x08000378   0x08000378   0x0000006c   Code   RO         2100    .text               c_p.l(_printf_dec.o)
    0x080003e4   0x080003e4   0x00000160   Code   RO         2117    .text               c_p.l(__printf_ss_wp.o)
    0x08000544   0x08000544   0x00000082   Code   RO         2135    .text               c_p.l(rt_memcpy.o)
    0x080005c6   0x080005c6   0x00000040   Code   RO         2138    .text               c_p.l(rt_memclr.o)
    0x08000606   0x08000606   0x00000002   PAD
    0x08000608   0x08000608   0x000000b0   Code   RO         2140    .text               c_p.l(strcmpv6m.o)
    0x080006b8   0x080006b8   0x000001f8   Code   RO         2142    .text               c_p.l(aeabi_sdivfast.o)
    0x080008b0   0x080008b0   0x00000006   Code   RO         2150    .text               c_p.l(heapauxi.o)
    0x080008b6   0x080008b6   0x00000002   PAD
    0x080008b8   0x080008b8   0x0000002c   Code   RO         2157    .text               c_p.l(init_aeabi.o)
    0x080008e4   0x080008e4   0x0000007c   Code   RO         2160    .text               fz_ps.l(d2f.o)
    0x08000960   0x08000960   0x00000448   Code   RO         2164    .text               fz_ps.l(ddiv.o)
    0x08000da8   0x08000da8   0x000000b4   Code   RO         2169    .text               fz_ps.l(dfixl.o)
    0x08000e5c   0x08000e5c   0x00000058   Code   RO         2171    .text               fz_ps.l(dflti.o)
    0x08000eb4   0x08000eb4   0x00000084   Code   RO         2173    .text               fz_ps.l(dfltl.o)
    0x08000f38   0x08000f38   0x00000054   Code   RO         2177    .text               fz_ps.l(f2d.o)
    0x08000f8c   0x08000f8c   0x00000002   Code   RO         2201    .text               c_p.l(use_no_semi.o)
    0x08000f8e   0x08000f8e   0x00000002   PAD
    0x08000f90   0x08000f90   0x00000008   Code   RO         2222    .text               c_p.l(rt_errno_addr_intlibspace.o)
    0x08000f98   0x08000f98   0x00000110   Code   RO         2248    .text               c_p.l(lludiv.o)
    0x080010a8   0x080010a8   0x00000016   Code   RO         2250    .text               c_p.l(_rserrno.o)
    0x080010be   0x080010be   0x000000b0   Code   RO         2252    .text               c_p.l(_printf_intcommon.o)
    0x0800116e   0x0800116e   0x00000002   PAD
    0x08001170   0x08001170   0x00000414   Code   RO         2254    .text               c_p.l(_printf_fp_dec.o)
    0x08001584   0x08001584   0x00000030   Code   RO         2258    .text               c_p.l(_printf_char_common.o)
    0x080015b4   0x080015b4   0x0000000a   Code   RO         2260    .text               c_p.l(_sputc.o)
    0x080015be   0x080015be   0x0000002e   Code   RO         2262    .text               c_p.l(_printf_char.o)
    0x080015ec   0x080015ec   0x00000028   Code   RO         2277    .text               c_p.l(rtudiv10.o)
    0x08001614   0x08001614   0x00000100   Code   RO         2332    .text               fz_ps.l(dsqrt.o)
    0x08001714   0x08001714   0x00000008   Code   RO         2339    .text               c_p.l(libspace.o)
    0x0800171c   0x0800171c   0x00000008   Code   RO         2364    .text               c_p.l(rt_locale_intlibspace.o)
    0x08001724   0x08001724   0x0000007a   Code   RO         2374    .text               c_p.l(lludiv10.o)
    0x0800179e   0x0800179e   0x00000002   PAD
    0x080017a0   0x080017a0   0x00000088   Code   RO         2378    .text               c_p.l(_printf_fp_infnan.o)
    0x08001828   0x08001828   0x000000d8   Code   RO         2386    .text               c_p.l(bigflt0.o)
    0x08001900   0x08001900   0x00000580   Code   RO         2389    .text               c_p.l(btod.o)
    0x08001e80   0x08001e80   0x0000003e   Code   RO         2427    .text               c_p.l(sys_stackheap_outer.o)
    0x08001ebe   0x08001ebe   0x00000010   Code   RO         2456    .text               c_p.l(exit.o)
    0x08001ece   0x08001ece   0x00000056   Code   RO         2612    .text               c_p.l(__dczerorl2.o)
    0x08001f24   0x08001f24   0x00000010   Code   RO          605    .text.ADC1_IRQHandler  stm32g0xx_it.o
    0x08001f34   0x08001f34   0x0000007c   Code   RO          809    .text.ADC_DMAConvCplt  stm32g0xx_hal_adc.o
    0x08001fb0   0x08001fb0   0x0000001a   Code   RO          813    .text.ADC_DMAError  stm32g0xx_hal_adc.o
    0x08001fca   0x08001fca   0x0000000a   Code   RO          811    .text.ADC_DMAHalfConvCplt  stm32g0xx_hal_adc.o
    0x08001fd4   0x08001fd4   0x00000064   Code   RO          789    .text.ADC_Disable   stm32g0xx_hal_adc.o
    0x08002038   0x08002038   0x000000ac   Code   RO          795    .text.ADC_Enable    stm32g0xx_hal_adc.o
    0x080020e4   0x080020e4   0x000000e8   Code   RO          218    .text.Auto_reserve_process  motion_control.o
    0x080021cc   0x080021cc   0x00000244   Code   RO          112    .text.Current_loop  current_loop.o
    0x08002410   0x08002410   0x0000002c   Code   RO          601    .text.DMA1_Channel1_IRQHandler  stm32g0xx_it.o
    0x0800243c   0x0800243c   0x00000010   Code   RO          603    .text.DMA1_Channel2_3_IRQHandler  stm32g0xx_it.o
    0x0800244c   0x0800244c   0x00000130   Code   RO          140    .text.DS402_process  ds402.o
    0x0800257c   0x0800257c   0x00000008   Code   RO          474    .text.Error_Handler  main.o
    0x08002584   0x08002584   0x00000154   Code   RO          333    .text.Exchange_motor_code  parameter.o
    0x080026d8   0x080026d8   0x00000080   Code   RO          101    .text.Get_Crc16     crc_16.o
    0x08002758   0x08002758   0x000000f8   Code   RO          259    .text.Get_NTC_Temperature  ntc_calculate.o
    0x08002850   0x08002850   0x0000009c   Code   RO          845    .text.HAL_ADCEx_Calibration_Start  stm32g0xx_hal_adc_ex.o
    0x080028ec   0x080028ec   0x00000002   Code   RO          857    .text.HAL_ADCEx_ChannelConfigReadyCallback  stm32g0xx_hal_adc_ex.o
    0x080028ee   0x080028ee   0x00000002   Code   RO          855    .text.HAL_ADCEx_EndOfSamplingCallback  stm32g0xx_hal_adc_ex.o
    0x080028f0   0x080028f0   0x00000002   Code   RO          851    .text.HAL_ADCEx_LevelOutOfWindow2Callback  stm32g0xx_hal_adc_ex.o
    0x080028f2   0x080028f2   0x00000002   Code   RO          853    .text.HAL_ADCEx_LevelOutOfWindow3Callback  stm32g0xx_hal_adc_ex.o
    0x080028f4   0x080028f4   0x00000268   Code   RO          829    .text.HAL_ADC_ConfigChannel  stm32g0xx_hal_adc.o
    0x08002b5c   0x08002b5c   0x00000002   Code   RO          821    .text.HAL_ADC_ConvCpltCallback  stm32g0xx_hal_adc.o
    0x08002b5e   0x08002b5e   0x00000002   Code   RO          827    .text.HAL_ADC_ConvHalfCpltCallback  stm32g0xx_hal_adc.o
    0x08002b60   0x08002b60   0x00000002   Code   RO          825    .text.HAL_ADC_ErrorCallback  stm32g0xx_hal_adc.o
    0x08002b62   0x08002b62   0x000001c6   Code   RO          819    .text.HAL_ADC_IRQHandler  stm32g0xx_hal_adc.o
    0x08002d28   0x08002d28   0x00000274   Code   RO          781    .text.HAL_ADC_Init  stm32g0xx_hal_adc.o
    0x08002f9c   0x08002f9c   0x00000002   Code   RO          823    .text.HAL_ADC_LevelOutOfWindowCallback  stm32g0xx_hal_adc.o
    0x08002f9e   0x08002f9e   0x00000002   PAD
    0x08002fa0   0x08002fa0   0x000000c8   Code   RO          503    .text.HAL_ADC_MspInit  adc.o
    0x08003068   0x08003068   0x000000ac   Code   RO          807    .text.HAL_ADC_Start_DMA  stm32g0xx_hal_adc.o
    0x08003114   0x08003114   0x0000006c   Code   RO         1020    .text.HAL_DMA_Abort  stm32g0xx_hal_dma.o
    0x08003180   0x08003180   0x00000070   Code   RO         1022    .text.HAL_DMA_Abort_IT  stm32g0xx_hal_dma.o
    0x080031f0   0x080031f0   0x000000e0   Code   RO         1026    .text.HAL_DMA_IRQHandler  stm32g0xx_hal_dma.o
    0x080032d0   0x080032d0   0x000000f8   Code   RO         1012    .text.HAL_DMA_Init  stm32g0xx_hal_dma.o
    0x080033c8   0x080033c8   0x000000cc   Code   RO         1018    .text.HAL_DMA_Start_IT  stm32g0xx_hal_dma.o
    0x08003494   0x08003494   0x0000018c   Code   RO          986    .text.HAL_GPIO_Init  stm32g0xx_hal_gpio.o
    0x08003620   0x08003620   0x0000000a   Code   RO          990    .text.HAL_GPIO_ReadPin  stm32g0xx_hal_gpio.o
    0x0800362a   0x0800362a   0x00000010   Code   RO          992    .text.HAL_GPIO_WritePin  stm32g0xx_hal_gpio.o
    0x0800363a   0x0800363a   0x00000002   PAD
    0x0800363c   0x0800363c   0x00000008   Code   RO         1185    .text.HAL_GetTick   stm32g0xx_hal.o
    0x08003644   0x08003644   0x00000014   Code   RO         1183    .text.HAL_IncTick   stm32g0xx_hal.o
    0x08003658   0x08003658   0x0000002c   Code   RO         1173    .text.HAL_Init      stm32g0xx_hal.o
    0x08003684   0x08003684   0x00000048   Code   RO         1175    .text.HAL_InitTick  stm32g0xx_hal.o
    0x080036cc   0x080036cc   0x00000038   Code   RO          630    .text.HAL_MspInit   stm32g0xx_hal_msp.o
    0x08003704   0x08003704   0x00000018   Code   RO         1137    .text.HAL_NVIC_EnableIRQ  stm32g0xx_hal_cortex.o
    0x0800371c   0x0800371c   0x00000038   Code   RO         1135    .text.HAL_NVIC_SetPriority  stm32g0xx_hal_cortex.o
    0x08003754   0x08003754   0x00000050   Code   RO         1121    .text.HAL_PWREx_ControlVoltageScaling  stm32g0xx_hal_pwr_ex.o
    0x080037a4   0x080037a4   0x00000174   Code   RO          910    .text.HAL_RCCEx_PeriphCLKConfig  stm32g0xx_hal_rcc_ex.o
    0x08003918   0x08003918   0x000001e4   Code   RO          874    .text.HAL_RCC_ClockConfig  stm32g0xx_hal_rcc.o
    0x08003afc   0x08003afc   0x00000024   Code   RO          882    .text.HAL_RCC_GetPCLK1Freq  stm32g0xx_hal_rcc.o
    0x08003b20   0x08003b20   0x00000088   Code   RO          876    .text.HAL_RCC_GetSysClockFreq  stm32g0xx_hal_rcc.o
    0x08003ba8   0x08003ba8   0x00000428   Code   RO          872    .text.HAL_RCC_OscConfig  stm32g0xx_hal_rcc.o
    0x08003fd0   0x08003fd0   0x000000fc   Code   RO         1266    .text.HAL_SPI_Init  stm32g0xx_hal_spi.o
    0x080040cc   0x080040cc   0x0000005c   Code   RO          527    .text.HAL_SPI_MspInit  spi.o
    0x08004128   0x08004128   0x00000014   Code   RO         1227    .text.HAL_SYSCFG_StrobeDBattpinsConfig  stm32g0xx_hal.o
    0x0800413c   0x0800413c   0x00000034   Code   RO         1143    .text.HAL_SYSTICK_Config  stm32g0xx_hal_cortex.o
    0x08004170   0x08004170   0x00000002   Code   RO         1708    .text.HAL_TIMEx_Break2Callback  stm32g0xx_hal_tim_ex.o
    0x08004172   0x08004172   0x00000002   Code   RO         1706    .text.HAL_TIMEx_BreakCallback  stm32g0xx_hal_tim_ex.o
    0x08004174   0x08004174   0x00000002   Code   RO         1702    .text.HAL_TIMEx_CommutCallback  stm32g0xx_hal_tim_ex.o
    0x08004176   0x08004176   0x00000002   PAD
    0x08004178   0x08004178   0x000000bc   Code   RO         1688    .text.HAL_TIMEx_ConfigBreakDeadTime  stm32g0xx_hal_tim_ex.o
    0x08004234   0x08004234   0x00000058   Code   RO         1690    .text.HAL_TIMEx_ConfigBreakInput  stm32g0xx_hal_tim_ex.o
    0x0800428c   0x0800428c   0x00000060   Code   RO         1686    .text.HAL_TIMEx_MasterConfigSynchronization  stm32g0xx_hal_tim_ex.o
    0x080042ec   0x080042ec   0x00000094   Code   RO         1656    .text.HAL_TIMEx_PWMN_Start  stm32g0xx_hal_tim_ex.o
    0x08004380   0x08004380   0x0000007c   Code   RO         1658    .text.HAL_TIMEx_PWMN_Stop  stm32g0xx_hal_tim_ex.o
    0x080043fc   0x080043fc   0x000000e0   Code   RO         1391    .text.HAL_TIM_Base_Init  stm32g0xx_hal_tim.o
    0x080044dc   0x080044dc   0x000000a8   Code   RO          548    .text.HAL_TIM_Base_MspInit  tim.o
    0x08004584   0x08004584   0x00000060   Code   RO         1405    .text.HAL_TIM_Base_Start_IT  stm32g0xx_hal_tim.o
    0x080045e4   0x080045e4   0x0000013c   Code   RO         1571    .text.HAL_TIM_ConfigClockSource  stm32g0xx_hal_tim.o
    0x08004720   0x08004720   0x00000148   Code   RO         1505    .text.HAL_TIM_Encoder_Init  stm32g0xx_hal_tim.o
    0x08004868   0x08004868   0x00000058   Code   RO          550    .text.HAL_TIM_Encoder_MspInit  tim.o
    0x080048c0   0x080048c0   0x000000a8   Code   RO         1513    .text.HAL_TIM_Encoder_Start  stm32g0xx_hal_tim.o
    0x08004968   0x08004968   0x00000002   Code   RO         1527    .text.HAL_TIM_IC_CaptureCallback  stm32g0xx_hal_tim.o
    0x0800496a   0x0800496a   0x00000002   PAD
    0x0800496c   0x0800496c   0x00000164   Code   RO         1525    .text.HAL_TIM_IRQHandler  stm32g0xx_hal_tim.o
    0x08004ad0   0x08004ad0   0x000002f8   Code   RO         1537    .text.HAL_TIM_OC_ConfigChannel  stm32g0xx_hal_tim.o
    0x08004dc8   0x08004dc8   0x00000002   Code   RO         1529    .text.HAL_TIM_OC_DelayElapsedCallback  stm32g0xx_hal_tim.o
    0x08004dca   0x08004dca   0x00000002   PAD
    0x08004dcc   0x08004dcc   0x000000f0   Code   RO         1419    .text.HAL_TIM_OC_Init  stm32g0xx_hal_tim.o
    0x08004ebc   0x08004ebc   0x00000002   Code   RO         1421    .text.HAL_TIM_OC_MspInit  stm32g0xx_hal_tim.o
    0x08004ebe   0x08004ebe   0x00000002   PAD
    0x08004ec0   0x08004ec0   0x000003d0   Code   RO         1545    .text.HAL_TIM_PWM_ConfigChannel  stm32g0xx_hal_tim.o
    0x08005290   0x08005290   0x000000e8   Code   RO         1445    .text.HAL_TIM_PWM_Init  stm32g0xx_hal_tim.o
    0x08005378   0x08005378   0x00000002   Code   RO         1447    .text.HAL_TIM_PWM_MspInit  stm32g0xx_hal_tim.o
    0x0800537a   0x0800537a   0x00000002   Code   RO         1531    .text.HAL_TIM_PWM_PulseFinishedCallback  stm32g0xx_hal_tim.o
    0x0800537c   0x0800537c   0x000000e8   Code   RO         1453    .text.HAL_TIM_PWM_Start  stm32g0xx_hal_tim.o
    0x08005464   0x08005464   0x00000110   Code   RO         1457    .text.HAL_TIM_PWM_Start_IT  stm32g0xx_hal_tim.o
    0x08005574   0x08005574   0x000000a8   Code   RO         1455    .text.HAL_TIM_PWM_Stop  stm32g0xx_hal_tim.o
    0x0800561c   0x0800561c   0x00000002   Code   RO         1533    .text.HAL_TIM_PeriodElapsedCallback  stm32g0xx_hal_tim.o
    0x0800561e   0x0800561e   0x00000002   Code   RO         1535    .text.HAL_TIM_TriggerCallback  stm32g0xx_hal_tim.o
    0x08005620   0x08005620   0x00000036   Code   RO         1884    .text.HAL_UARTEx_DisableFifoMode  stm32g0xx_hal_uart_ex.o
    0x08005656   0x08005656   0x00000002   Code   RO         1812    .text.HAL_UARTEx_RxEventCallback  stm32g0xx_hal_uart.o
    0x08005658   0x08005658   0x00000002   Code   RO         1870    .text.HAL_UARTEx_RxFifoFullCallback  stm32g0xx_hal_uart_ex.o
    0x0800565a   0x0800565a   0x00000002   PAD
    0x0800565c   0x0800565c   0x00000078   Code   RO         1888    .text.HAL_UARTEx_SetRxFifoThreshold  stm32g0xx_hal_uart_ex.o
    0x080056d4   0x080056d4   0x00000080   Code   RO         1886    .text.HAL_UARTEx_SetTxFifoThreshold  stm32g0xx_hal_uart_ex.o
    0x08005754   0x08005754   0x00000002   Code   RO         1872    .text.HAL_UARTEx_TxFifoEmptyCallback  stm32g0xx_hal_uart_ex.o
    0x08005756   0x08005756   0x00000002   Code   RO         1868    .text.HAL_UARTEx_WakeupCallback  stm32g0xx_hal_uart_ex.o
    0x08005758   0x08005758   0x00000002   Code   RO         1810    .text.HAL_UART_ErrorCallback  stm32g0xx_hal_uart.o
    0x0800575a   0x0800575a   0x0000000c   Code   RO         1840    .text.HAL_UART_GetState  stm32g0xx_hal_uart.o
    0x08005766   0x08005766   0x00000002   PAD
    0x08005768   0x08005768   0x00000420   Code   RO         1806    .text.HAL_UART_IRQHandler  stm32g0xx_hal_uart.o
    0x08005b88   0x08005b88   0x000000c0   Code   RO         1722    .text.HAL_UART_Init  stm32g0xx_hal_uart.o
    0x08005c48   0x08005c48   0x0000016c   Code   RO          575    .text.HAL_UART_MspInit  usart.o
    0x08005db4   0x08005db4   0x0000006e   Code   RO         1770    .text.HAL_UART_Receive_DMA  stm32g0xx_hal_uart.o
    0x08005e22   0x08005e22   0x0000006c   Code   RO         1758    .text.HAL_UART_Receive_IT  stm32g0xx_hal_uart.o
    0x08005e8e   0x08005e8e   0x00000002   PAD
    0x08005e90   0x08005e90   0x00000114   Code   RO          162    .text.HAL_UART_RxCpltCallback  modbus.o
    0x08005fa4   0x08005fa4   0x00000002   Code   RO         1820    .text.HAL_UART_RxHalfCpltCallback  stm32g0xx_hal_uart.o
    0x08005fa6   0x08005fa6   0x00000002   Code   RO         1814    .text.HAL_UART_TxCpltCallback  stm32g0xx_hal_uart.o
    0x08005fa8   0x08005fa8   0x00000002   Code   RO          593    .text.HardFault_Handler  stm32g0xx_it.o
    0x08005faa   0x08005faa   0x00000002   PAD
    0x08005fac   0x08005fac   0x0000016c   Code   RO          331    .text.Init_Control_Parameter  parameter.o
    0x08006118   0x08006118   0x00000028   Code   RO          325    .text.Init_Driver_State  parameter.o
    0x08006140   0x08006140   0x00000784   Code   RO          192    .text.Init_Modbus_Addr_List  modbus.o
    0x080068c4   0x080068c4   0x000000c4   Code   RO          329    .text.Init_Motor_Parameter  parameter.o
    0x08006988   0x08006988   0x00000098   Code   RO          327    .text.Init_System_Parameter  parameter.o
    0x08006a20   0x08006a20   0x00000184   Code   RO          226    .text.KEY_Process   motion_control.o
    0x08006ba4   0x08006ba4   0x00000104   Code   RO          222    .text.LED_Process   motion_control.o
    0x08006ca8   0x08006ca8   0x00000014   Code   RO          452    .text.Low_pass_filter_1  velocity_loop.o
    0x08006cbc   0x08006cbc   0x000000fc   Code   RO          501    .text.MX_ADC1_Init  adc.o
    0x08006db8   0x08006db8   0x00000044   Code   RO          517    .text.MX_DMA_Init   dma.o
    0x08006dfc   0x08006dfc   0x0000011c   Code   RO          492    .text.MX_GPIO_Init  gpio.o
    0x08006f18   0x08006f18   0x00000048   Code   RO          525    .text.MX_SPI1_Init  spi.o
    0x08006f60   0x08006f60   0x000001b8   Code   RO          540    .text.MX_TIM1_Init  tim.o
    0x08007118   0x08007118   0x00000064   Code   RO          544    .text.MX_TIM3_Init  tim.o
    0x0800717c   0x0800717c   0x0000004c   Code   RO          546    .text.MX_TIM6_Init  tim.o
    0x080071c8   0x080071c8   0x00000070   Code   RO          569    .text.MX_USART1_UART_Init  usart.o
    0x08007238   0x08007238   0x0000006c   Code   RO          571    .text.MX_USART2_UART_Init  usart.o
    0x080072a4   0x080072a4   0x0000003c   Code   RO          573    .text.MX_USART3_UART_Init  usart.o
    0x080072e0   0x080072e0   0x0000020c   Code   RO          178    .text.Modbus_03_Solve  modbus.o
    0x080074ec   0x080074ec   0x0000016c   Code   RO          180    .text.Modbus_06_Solve  modbus.o
    0x08007658   0x08007658   0x00000224   Code   RO          182    .text.Modbus_16_Solve  modbus.o
    0x0800787c   0x0800787c   0x000000a4   Code   RO          176    .text.Modbus_Solve_Service  modbus.o
    0x08007920   0x08007920   0x000004c0   Code   RO          216    .text.Motion_process  motion_control.o
    0x08007de0   0x08007de0   0x00000002   Code   RO          591    .text.NMI_Handler   stm32g0xx_it.o
    0x08007de2   0x08007de2   0x00000002   PAD
    0x08007de4   0x08007de4   0x000000ec   Code   RO          296    .text.OLED_Clear    oled.o
    0x08007ed0   0x08007ed0   0x000000c4   Code   RO          312    .text.OLED_Init     oled.o
    0x08007f94   0x08007f94   0x00000440   Code   RO          224    .text.OLED_Process  motion_control.o
    0x080083d4   0x080083d4   0x00000100   Code   RO          300    .text.OLED_ShowChar  oled.o
    0x080084d4   0x080084d4   0x0000004a   Code   RO          306    .text.OLED_ShowString  oled.o
    0x0800851e   0x0800851e   0x00000002   Code   RO          597    .text.PendSV_Handler  stm32g0xx_it.o
    0x08008520   0x08008520   0x00000274   Code   RO          343    .text.Position_Loop  position_loop.o
    0x08008794   0x08008794   0x00000080   Code   RO           35    .text.Process_Scop_Data  mcpwm.o
    0x08008814   0x08008814   0x000001d8   Code   RO          186    .text.RS232_03_Solve  modbus.o
    0x080089ec   0x080089ec   0x00000154   Code   RO          188    .text.RS232_06_Solve  modbus.o
    0x08008b40   0x08008b40   0x000001f8   Code   RO          190    .text.RS232_16_Solve  modbus.o
    0x08008d38   0x08008d38   0x00000034   Code   RO          166    .text.RS232_Process  modbus.o
    0x08008d6c   0x08008d6c   0x000000a0   Code   RO          184    .text.RS232_Solve_Service  modbus.o
    0x08008e0c   0x08008e0c   0x00000038   Code   RO          164    .text.RS485_Process  modbus.o
    0x08008e44   0x08008e44   0x00000002   Code   RO          595    .text.SVC_Handler   stm32g0xx_it.o
    0x08008e46   0x08008e46   0x00000002   PAD
    0x08008e48   0x08008e48   0x000001c4   Code   RO          438    .text.SVM           utils.o
    0x0800900c   0x0800900c   0x00000018   Code   RO          599    .text.SysTick_Handler  stm32g0xx_it.o
    0x08009024   0x08009024   0x00000002   Code   RO         1905    .text.SystemInit    system_stm32g0xx.o
    0x08009026   0x08009026   0x00000002   PAD
    0x08009028   0x08009028   0x0000000c   Code   RO          607    .text.TIM1_BRK_UP_TRG_COM_IRQHandler  stm32g0xx_it.o
    0x08009034   0x08009034   0x000001d0   Code   RO          609    .text.TIM1_CC_IRQHandler  stm32g0xx_it.o
    0x08009204   0x08009204   0x00000030   Code   RO          611    .text.TIM6_IRQHandler  stm32g0xx_it.o
    0x08009234   0x08009234   0x0000018c   Code   RO          391    .text.Tamagawa_Read_Cmd  tamagawa.o
    0x080093c0   0x080093c0   0x000000d2   Code   RO         1728    .text.UART_AdvFeatureConfig  stm32g0xx_hal_uart.o
    0x08009492   0x08009492   0x00000016   Code   RO         1808    .text.UART_DMAAbortOnError  stm32g0xx_hal_uart.o
    0x080094a8   0x080094a8   0x000000d0   Code   RO         1768    .text.UART_DMAError  stm32g0xx_hal_uart.o
    0x08009578   0x08009578   0x0000008c   Code   RO         1852    .text.UART_DMAReceiveCplt  stm32g0xx_hal_uart.o
    0x08009604   0x08009604   0x0000001c   Code   RO         1854    .text.UART_DMARxHalfCplt  stm32g0xx_hal_uart.o
    0x08009620   0x08009620   0x000000a0   Code   RO         1848    .text.UART_RxISR_16BIT  stm32g0xx_hal_uart.o
    0x080096c0   0x080096c0   0x000001ac   Code   RO         1844    .text.UART_RxISR_16BIT_FIFOEN  stm32g0xx_hal_uart.o
    0x0800986c   0x0800986c   0x000000a2   Code   RO         1850    .text.UART_RxISR_8BIT  stm32g0xx_hal_uart.o
    0x0800990e   0x0800990e   0x00000002   PAD
    0x08009910   0x08009910   0x000001ac   Code   RO         1846    .text.UART_RxISR_8BIT_FIFOEN  stm32g0xx_hal_uart.o
    0x08009abc   0x08009abc   0x000001a0   Code   RO         1726    .text.UART_SetConfig  stm32g0xx_hal_uart.o
    0x08009c5c   0x08009c5c   0x000000a0   Code   RO         1772    .text.UART_Start_Receive_DMA  stm32g0xx_hal_uart.o
    0x08009cfc   0x08009cfc   0x00000114   Code   RO         1760    .text.UART_Start_Receive_IT  stm32g0xx_hal_uart.o
    0x08009e10   0x08009e10   0x000000f2   Code   RO         1744    .text.UART_WaitOnFlagUntilTimeout  stm32g0xx_hal_uart.o
    0x08009f02   0x08009f02   0x00000002   PAD
    0x08009f04   0x08009f04   0x00000030   Code   RO          613    .text.USART1_IRQHandler  stm32g0xx_it.o
    0x08009f34   0x08009f34   0x00000030   Code   RO          615    .text.USART2_IRQHandler  stm32g0xx_it.o
    0x08009f64   0x08009f64   0x00000130   Code   RO          450    .text.Update_Speed  velocity_loop.o
    0x0800a094   0x0800a094   0x000001e0   Code   RO          448    .text.Velocity_loop  velocity_loop.o
    0x0800a274   0x0800a274   0x00000148   Code   RO          276    .text.Write_IIC_Byte  oled.o
    0x0800a3bc   0x0800a3bc   0x000000b0   Code   RO          278    .text.Write_IIC_Command  oled.o
    0x0800a46c   0x0800a46c   0x000000b4   Code   RO          280    .text.Write_IIC_Data  oled.o
    0x0800a520   0x0800a520   0x00000074   Code   RO         1932    .text.__perf_counter_init  perf_counter.o
    0x0800a594   0x0800a594   0x00000002   Code   RO         1922    .text.__perf_os_patch_init  perf_counter.o
    0x0800a596   0x0800a596   0x00000002   Code   RO          152    .text._sys_exit     modbus.o
    0x0800a598   0x0800a598   0x00000020   Code   RO          367    .text.arm_cos_f32   sin_table.o
    0x0800a5b8   0x0800a5b8   0x0000002c   Code   RO          369    .text.arm_sin_f32   sin_table.o
    0x0800a5e4   0x0800a5e4   0x00000058   Code   RO           39    .text.calibrate_hall_phase  mcpwm.o
    0x0800a63c   0x0800a63c   0x000000c0   Code   RO           41    .text.calibrate_tamagawa_encoder  mcpwm.o
    0x0800a6fc   0x0800a6fc   0x0000004c   Code   RO         1936    .text.delay_ms      perf_counter.o
    0x0800a748   0x0800a748   0x00000228   Code   RO           29    .text.find_commutation  mcpwm.o
    0x0800a970   0x0800a970   0x00000094   Code   RO         1926    .text.get_system_ticks  perf_counter.o
    0x0800aa04   0x0800aa04   0x000000dc   Code   RO           11    .text.init_motor_control  mcpwm.o
    0x0800aae0   0x0800aae0   0x00000124   Code   RO          470    .text.main          main.o
    0x0800ac04   0x0800ac04   0x0000000c   Code   RO         2007    .text.perfc_port_clear_system_timer_ovf_pending  perfc_port_default.o
    0x0800ac10   0x0800ac10   0x00000010   Code   RO         2005    .text.perfc_port_get_system_timer_elapsed  perfc_port_default.o
    0x0800ac20   0x0800ac20   0x0000000c   Code   RO         1999    .text.perfc_port_get_system_timer_freq  perfc_port_default.o
    0x0800ac2c   0x0800ac2c   0x0000000c   Code   RO         2003    .text.perfc_port_get_system_timer_top  perfc_port_default.o
    0x0800ac38   0x0800ac38   0x00000030   Code   RO         1997    .text.perfc_port_init_system_timer  perfc_port_default.o
    0x0800ac68   0x0800ac68   0x00000084   Code   RO         1920    .text.perfc_port_insert_to_system_timer_insert_ovf_handler  perf_counter.o
    0x0800acec   0x0800acec   0x00000014   Code   RO         2001    .text.perfc_port_is_system_timer_ovf_pending  perfc_port_default.o
    0x0800ad00   0x0800ad00   0x00000024   Code   RO           23    .text.phase_current_from_adcval  mcpwm.o
    0x0800ad24   0x0800ad24   0x00000040   Code   RO           25    .text.queue_modulation_timings  mcpwm.o
    0x0800ad64   0x0800ad64   0x00000048   Code   RO           19    .text.start_pwm     mcpwm.o
    0x0800adac   0x0800adac   0x00000048   Code   RO           21    .text.stop_pwm      mcpwm.o
    0x0800adf4   0x0800adf4   0x00000034   Code   RO          158    .text.uart1_init    modbus.o
    0x0800ae28   0x0800ae28   0x00000038   Code   RO          160    .text.uart2_init    modbus.o
    0x0800ae60   0x0800ae60   0x00000028   Code   RO          389    .text.uart3_init    tamagawa.o
    0x0800ae88   0x0800ae88   0x000002c4   Code   RO           31    .text.update_motor  mcpwm.o
    0x0800b14c   0x0800b14c   0x000001f6   Code   RO         2143    .text_divfast       c_p.l(aeabi_sdivfast.o)
    0x0800b342   0x0800b342   0x00000030   Code   RO         2391    i.__ARM_common_ll_muluu  c_p.l(btod.o)
    0x0800b372   0x0800b372   0x00000002   PAD
    0x0800b374   0x0800b374   0x0000002c   Code   RO         2421    i.__ARM_fpclassify  m_ps.l(fpclassify.o)
    0x0800b3a0   0x0800b3a0   0x0000000e   Code   RO         2112    i._is_digit         c_p.l(__printf_wp.o)
    0x0800b3ae   0x0800b3ae   0x00000002   PAD
    0x0800b3b0   0x0800b3b0   0x00000048   Code   RO         2198    i.sqrt              m_ps.l(sqrt.o)
    0x0800b3f8   0x0800b3f8   0x0000002c   Code   RO         2404    locale$$code        c_p.l(lc_numeric_c.o)
    0x0800b424   0x0800b424   0x00000010   Code   RO         2191    x$fpl$printf1       fz_ps.l(printf1.o)
    0x0800b434   0x0800b434   0x00000000   Code   RO         2334    x$fpl$usenofp       fz_ps.l(usenofp.o)
    0x0800b434   0x0800b434   0x00000080   Data   RO         2165    .constdata          fz_ps.l(ddiv.o)
    0x0800b4b4   0x0800b4b4   0x00000094   Data   RO         2387    .constdata          c_p.l(bigflt0.o)
    0x0800b548   0x0800b548   0x00000044   Data   RO          246    .rodata..Lswitch.table.Auto_reserve_process.29  motion_control.o
    0x0800b58c   0x0800b58c   0x00000040   Data   RO         1910    .rodata.AHBPrescTable  system_stm32g0xx.o
    0x0800b5cc   0x0800b5cc   0x00000020   Data   RO         1911    .rodata.APBPrescTable  system_stm32g0xx.o
    0x0800b5ec   0x0800b5ec   0x00000228   Data   RO          314    .rodata.F6x8        oled.o
    0x0800b814   0x0800b814   0x000005f0   Data   RO          315    .rodata.F8X16       oled.o
    0x0800be04   0x0800be04   0x00001000   Data   RO          371    .rodata.Sin_Table   sin_table.o
    0x0800ce04   0x0800ce04   0x00000018   Data   RO         1856    .rodata.UARTPrescTable  stm32g0xx_hal_uart.o
    0x0800ce1c   0x0800ce1c   0x00000100   Data   RO          103    .rodata.auchCRCHi   crc_16.o
    0x0800cf1c   0x0800cf1c   0x00000100   Data   RO          104    .rodata.auchCRCLo   crc_16.o
    0x0800d01c   0x0800d01c   0x00000020   Data   RO         1611    .rodata.cst16       stm32g0xx_hal_tim.o
    0x0800d03c   0x0800d03c   0x00000010   Data   RO         1857    .rodata.cst16       stm32g0xx_hal_uart.o
    0x0800d04c   0x0800d04c   0x00000010   Data   RO         1896    .rodata.cst8        stm32g0xx_hal_uart_ex.o
    0x0800d05c   0x0800d05c   0x00000050   Data   RO          241    .rodata.str1.1      motion_control.o
    0x0800d0ac   0x0800d0ac   0x00000090   Data   RO          240    .rodata.str1.4      motion_control.o
    0x0800d13c   0x0800d13c   0x00000020   Data   RO         2611    Region$$Table       anon$$obj.o
    0x0800d15c   0x0800d15c   0x0000001c   Data   RO         2403    locale$$data        c_p.l(lc_numeric_c.o)
    0x0800d178   0x0800d178   0x00000004   Data   RO         1986    .init_array         perf_counter.o
    0x0800d17c   0x0800d178   0x00000000   Data   RO         2155    .init_array         c_p.l(init_aeabi.o)


    Execution Region RW_IRAM1 (Exec base: 0x20000000, Load base: 0x0800d180, Size: 0x00003ca0, Max: 0x00009000, ABSOLUTE, COMPRESSED[0x000000d0])

    Exec Addr    Load Addr    Size         Type   Attr      Idx    E Section Name        Object

    0x20000000   COMPRESSED   0x0000005c   Data   RW           82    .data..L_MergedGlobals  mcpwm.o
    0x2000005c   COMPRESSED   0x00000018   Data   RW          130    .data..L_MergedGlobals  current_loop.o
    0x20000074   COMPRESSED   0x00000008   Data   RW          204    .data..L_MergedGlobals  modbus.o
    0x2000007c   COMPRESSED   0x00000020   Data   RW          247    .data..L_MergedGlobals  motion_control.o
    0x2000009c   COMPRESSED   0x00000010   Data   RW          357    .data..L_MergedGlobals  position_loop.o
    0x200000ac   COMPRESSED   0x00000010   Data   RW          460    .data..L_MergedGlobals  velocity_loop.o
    0x200000bc   COMPRESSED   0x00000008   Data   RW         1987    .data..L_MergedGlobals  perf_counter.o
    0x200000c4   COMPRESSED   0x00000002   Data   RW           63    .data.ENC_Z_Offset  mcpwm.o
    0x200000c6   COMPRESSED   0x00000002   PAD
    0x200000c8   COMPRESSED   0x00000054   Data   RW          261    .data.NTC_Table     ntc_calculate.o
    0x2000011c   COMPRESSED   0x00000002   Data   RW          237    .data.OLED_Period   motion_control.o
    0x2000011e   COMPRESSED   0x00000002   Data   RW          194    .data.RS232_Addr    modbus.o
    0x20000120   COMPRESSED   0x00000004   Data   RW          195    .data.RS232_Baudrate  modbus.o
    0x20000124   COMPRESSED   0x00000002   Data   RW           67    .data.Scop_Period   mcpwm.o
    0x20000126   COMPRESSED   0x00000002   PAD
    0x20000128   COMPRESSED   0x00000004   Data   RW         1909    .data.SystemCoreClock  system_stm32g0xx.o
    0x2000012c   COMPRESSED   0x00000004   Data   RW          395    .data.Tamagawa_Baudrate  tamagawa.o
    0x20000130   COMPRESSED   0x00000002   Data   RW          118    .data.current_in_lpf_a  current_loop.o
    0x20000132   COMPRESSED   0x00000002   Data   RW           44    .data.device_temperature  mcpwm.o
    0x20000134   COMPRESSED   0x00000004   Data   RW           69    .data.led_blink_period  mcpwm.o
    0x20000138   COMPRESSED   0x00000004   Data   RW           56    .data.loop_counter_p  mcpwm.o
    0x2000013c   COMPRESSED   0x00000004   Data   RW           55    .data.loop_counter_v  mcpwm.o
    0x20000140   COMPRESSED   0x00000002   Data   RW          235    .data.motion_out_lpf_a  motion_control.o
    0x20000142   COMPRESSED   0x00000002   PAD
    0x20000144   COMPRESSED   0x00000004   Data   RW           53    .data.motor_overload_time  mcpwm.o
    0x20000148   COMPRESSED   0x00000004   Data   RW           52    .data.motor_peak_current  mcpwm.o
    0x2000014c   COMPRESSED   0x00000004   Data   RW           51    .data.motor_rated_current  mcpwm.o
    0x20000150   COMPRESSED   0x00000002   Data   RW          142    .data.operation_mode  ds402.o
    0x20000152   COMPRESSED   0x00000002   Data   RW          355    .data.position_in_lpf_a  position_loop.o
    0x20000154   COMPRESSED   0x00000002   Data   RW          456    .data.real_speed_filter_num  velocity_loop.o
    0x20000156   COMPRESSED   0x00000002   Data   RW          457    .data.speed_in_lpf_a  velocity_loop.o
    0x20000158   COMPRESSED   0x00000001   Data   RW         1230    .data.uwTickFreq    stm32g0xx_hal.o
    0x20000159   COMPRESSED   0x00000003   PAD
    0x2000015c   COMPRESSED   0x00000004   Data   RW         1229    .data.uwTickPrio    stm32g0xx_hal.o
    0x20000160   COMPRESSED   0x00000002   Data   RW           43    .data.vbus_voltage  mcpwm.o
    0x20000162   COMPRESSED   0x00000002   Data   RW           46    .data.vel_dir       mcpwm.o
    0x20000164   COMPRESSED   0x00000004   PAD
    0x20000168        -       0x00000060   Zero   RW         2340    .bss                c_p.l(libspace.o)
    0x200001c8        -       0x00000006   Zero   RW          145    .bss..L_MergedGlobals  ds402.o
    0x200001ce        -       0x00000006   Zero   RW          429    .bss..L_MergedGlobals  tamagawa.o
    0x200001d4        -       0x0000002c   Zero   RW          622    .bss..L_MergedGlobals  stm32g0xx_it.o
    0x20000200        -       0x00000078   Zero   RW           83    .bss..L_MergedGlobals.1  mcpwm.o
    0x20000278        -       0x00000024   Zero   RW          205    .bss..L_MergedGlobals.1  modbus.o
    0x2000029c        -       0x0000001c   Zero   RW          358    .bss..L_MergedGlobals.1  position_loop.o
    0x200002b8        -       0x00000040   Zero   RW          461    .bss..L_MergedGlobals.1  velocity_loop.o
    0x200002f8        -       0x00000038   Zero   RW         1988    .bss..L_MergedGlobals.1  perf_counter.o
    0x20000330        -       0x00000078   Zero   RW           84    .bss..L_MergedGlobals.2  mcpwm.o
    0x200003a8        -       0x0000007c   Zero   RW          248    .bss..L_MergedGlobals.30  motion_control.o
    0x20000424   COMPRESSED   0x00000004   PAD
    0x20000428        -       0x00000068   Zero   RW          249    .bss..L_MergedGlobals.31  motion_control.o
    0x20000490        -       0x00000078   Zero   RW          250    .bss..L_MergedGlobals.32  motion_control.o
    0x20000508        -       0x00000048   Zero   RW          131    .bss..L_MergedGlobals.5  current_loop.o
    0x20000550        -       0x00000018   Zero   RW           71    .bss.ADC_Value      mcpwm.o
    0x20000568        -       0x00000004   Zero   RW          126    .bss.Driver_IIt_Current  current_loop.o
    0x2000056c        -       0x00000004   Zero   RW          127    .bss.Driver_IIt_Current_DC  current_loop.o
    0x20000570        -       0x00000002   Zero   RW          128    .bss.Driver_IIt_Filter  current_loop.o
    0x20000572        -       0x00000002   Zero   RW          129    .bss.Driver_IIt_Filter_DC  current_loop.o
    0x20000574        -       0x00000004   Zero   RW          119    .bss.Driver_IIt_Real  current_loop.o
    0x20000578        -       0x00000004   Zero   RW          120    .bss.Driver_IIt_Real_DC  current_loop.o
    0x2000057c        -       0x00000004   Zero   RW           47    .bss.Id_demand      mcpwm.o
    0x20000580        -       0x00000004   Zero   RW           74    .bss.Id_real        mcpwm.o
    0x20000584        -       0x000007d0   Zero   RW          201    .bss.Modbus_Output_Reg  modbus.o
    0x20000d54        -       0x00000004   Zero   RW          262    .bss.NTC_R_Value    ntc_calculate.o
    0x20000d58        -       0x00000002   Zero   RW          236    .bss.OLED_count     motion_control.o
    0x20000d5a        -       0x000000c8   Zero   RW          198    .bss.RS232_RX_BUFF  modbus.o
    0x20000e22        -       0x000000c8   Zero   RW          202    .bss.RS232_TX_BUFF  modbus.o
    0x20000eea        -       0x000000c8   Zero   RW          199    .bss.RS485_RX_BUFF  modbus.o
    0x20000fb2        -       0x000000c8   Zero   RW          200    .bss.RS485_TX_BUFF  modbus.o
    0x2000107a   COMPRESSED   0x00000002   PAD
    0x2000107c        -       0x00002000   Zero   RW           66    .bss.Scop_Buffer    mcpwm.o
    0x2000307c        -       0x00000002   Zero   RW          397    .bss.Tamagawa_CRC_count  tamagawa.o
    0x2000307e        -       0x00000002   Zero   RW          398    .bss.Tamagawa_First  tamagawa.o
    0x20003080        -       0x000000c8   Zero   RW          423    .bss.Tamagawa_RX_BUFF  tamagawa.o
    0x20003148        -       0x000000c8   Zero   RW          426    .bss.Tamagawa_TX_BUFF  tamagawa.o
    0x20003210        -       0x00000002   Zero   RW          428    .bss.Tamagawa_calCRC  tamagawa.o
    0x20003212        -       0x00000002   Zero   RW          399    .bss.Tamagawa_count_temp  tamagawa.o
    0x20003214        -       0x00000002   Zero   RW          400    .bss.Tamagawa_lost  tamagawa.o
    0x20003216        -       0x00000002   Zero   RW           79    .bss.chop_voltage   mcpwm.o
    0x20003218        -       0x00000004   Zero   RW           57    .bss.current_loop_ready  mcpwm.o
    0x2000321c        -       0x00000004   Zero   RW           61    .bss.drv8301_error  mcpwm.o
    0x20003220        -       0x00000064   Zero   RW          507    .bss.hadc1          adc.o
    0x20003284        -       0x00000004   Zero   RW           65    .bss.hall_position_b  mcpwm.o
    0x20003288        -       0x0000005c   Zero   RW          508    .bss.hdma_adc1      adc.o
    0x200032e4        -       0x0000005c   Zero   RW          582    .bss.hdma_usart3_rx  usart.o
    0x20003340        -       0x00000064   Zero   RW          531    .bss.hspi1          spi.o
    0x200033a4        -       0x0000004c   Zero   RW          558    .bss.htim1          tim.o
    0x200033f0        -       0x0000004c   Zero   RW          559    .bss.htim3          tim.o
    0x2000343c        -       0x0000004c   Zero   RW          560    .bss.htim6          tim.o
    0x20003488        -       0x00000090   Zero   RW          579    .bss.huart1         usart.o
    0x20003518        -       0x00000090   Zero   RW          580    .bss.huart2         usart.o
    0x200035a8        -       0x00000090   Zero   RW          581    .bss.huart3         usart.o
    0x20003638        -       0x00000004   Zero   RW           68    .bss.led_blink_counter  mcpwm.o
    0x2000363c        -       0x00000004   Zero   RW           54    .bss.loop_counter_c  mcpwm.o
    0x20003640        -       0x00000002   Zero   RW           60    .bss.motor_code     mcpwm.o
    0x20003642        -       0x00000002   Zero   RW          372    .bss.num            sin_table.o
    0x20003644        -       0x00000002   Zero   RW           80    .bss.over_temperature  mcpwm.o
    0x20003646        -       0x00000002   Zero   RW           77    .bss.over_voltage   mcpwm.o
    0x20003648        -       0x00000004   Zero   RW           75    .bss.position_demand  mcpwm.o
    0x2000364c        -       0x00000004   Zero   RW           59    .bss.position_loop_ready  mcpwm.o
    0x20003650        -       0x00000004   Zero   RW          244    .bss.profile_target_position  motion_control.o
    0x20003654        -       0x00000002   Zero   RW          409    .bss.set_tamagawa_zero  tamagawa.o
    0x20003656        -       0x00000002   Zero   RW           70    .bss.store_parameter  mcpwm.o
    0x20003658        -       0x00000028   Zero   RW           62    .bss.svpwm          mcpwm.o
    0x20003680        -       0x00000002   Zero   RW          405    .bss.tamagawa_angle  tamagawa.o
    0x20003682   COMPRESSED   0x00000002   PAD
    0x20003684        -       0x00000004   Zero   RW          411    .bss.tamagawa_angle_32  tamagawa.o
    0x20003688        -       0x00000002   Zero   RW          406    .bss.tamagawa_angle_b  tamagawa.o
    0x2000368a   COMPRESSED   0x00000002   PAD
    0x2000368c        -       0x00000004   Zero   RW           49    .bss.target_position  mcpwm.o
    0x20003690        -       0x00000002   Zero   RW           78    .bss.under_voltage  mcpwm.o
    0x20003692   COMPRESSED   0x00000002   PAD
    0x20003694        -       0x00000004   Zero   RW         1231    .bss.uwTick         stm32g0xx_hal.o
    0x20003698        -       0x00000004   Zero   RW           58    .bss.velocity_loop_ready  mcpwm.o
    0x2000369c   COMPRESSED   0x00000004   PAD
    0x200036a0        -       0x00000200   Zero   RW            2    HEAP                startup_stm32g070xx.o
    0x200038a0        -       0x00000400   Zero   RW            1    STACK               startup_stm32g070xx.o


==============================================================================

Image component sizes


      Code (inc. data)   RO Data    RW Data    ZI Data      Debug   Object Name

       452         44          0          0        192       6859   adc.o
       128          8        512          0          0       1242   crc_16.o
       580         36          0         26         92       8554   current_loop.o
        68          4          0          0          0       1857   dma.o
       304         86          0          2          6       2674   ds402.o
       284         12          0          0          0       2300   gpio.o
       300         24          0          0          0       4117   main.o
      2132        184          0        126       8552      14793   mcpwm.o
      5494        560          0         14       2836      15869   modbus.o
      3184        678        292         36        354       8982   motion_control.o
       248          4          0         84          4       1391   ntc_calculate.o
      1446         16       2072          0          0      14995   oled.o
      1092        442          0          0          0       1476   parameter.o
       474         24          4          8         56      16723   perf_counter.o
       120         20          0          0          0       3064   perfc_port_default.o
       628         76          0         18         28       6723   position_loop.o
        76         16       4096          0          2        854   sin_table.o
       164         20          0          0        100       5286   spi.o
        56         26        184          0       1536        588   startup_stm32g070xx.o
       164         20          0          5          4       6633   stm32g0xx_hal.o
      2310        104          0          0          0      19610   stm32g0xx_hal_adc.o
       164          4          0          0          0       6250   stm32g0xx_hal_adc_ex.o
       132         24          0          0          0       6528   stm32g0xx_hal_cortex.o
       896         28          0          0          0       8996   stm32g0xx_hal_dma.o
       422         20          0          0          0       4613   stm32g0xx_hal_gpio.o
        56          4          0          0          0       1236   stm32g0xx_hal_msp.o
        80          8          0          0          0       4677   stm32g0xx_hal_pwr_ex.o
      1720         84          0          0          0       9056   stm32g0xx_hal_rcc.o
       372         16          0          0          0       6043   stm32g0xx_hal_rcc_ex.o
       252          4          0          0          0      24744   stm32g0xx_hal_spi.o
      4382        250         32          0          0      67320   stm32g0xx_hal_tim.o
       650         20          0          0          0      25387   stm32g0xx_hal_tim_ex.o
      4366        136         40          0          0      46372   stm32g0xx_hal_uart.o
       308          8         16          0          0      11555   stm32g0xx_hal_uart_ex.o
       728        160          0          0         44       3920   stm32g0xx_it.o
         2          0         96          4          0       1908   system_stm32g0xx.o
        32         10          0          0          0        524   systick_wrapper_ual.o
       436         32          0          4        426       4170   tamagawa.o
       872         56          0          0        228      11799   tim.o
       644         52          0          0        524       7363   usart.o
       452         12          0          0          0       2345   utils.o
       804         68          0         20         64       8016   velocity_loop.o

    ----------------------------------------------------------------------
     37504       3400       7376        356      15068     407412   Object Totals
         0          0         32          0          0          0   (incl. Generated)
        30          0          0          9         20          0   (incl. Padding)

    ----------------------------------------------------------------------

      Code (inc. data)   RO Data    RW Data    ZI Data      Debug   Library Member Name

        86          0          0          0          0          0   __dczerorl2.o
         8          0          0          0          0         68   __main.o
       352          0          0          0          0         76   __printf_ss_wp.o
        14          0          0          0          0         60   __printf_wp.o
         0          0          0          0          0          0   __rtentry.o
        12          0          0          0          0          0   __rtentry2.o
         6          0          0          0          0          0   __rtentry4.o
        86         10          0          0          0          0   __scatter.o
        28          0          0          0          0          0   __scatter_zi.o
        46          0          0          0          0        100   _printf_char.o
        48          6          0          0          0         88   _printf_char_common.o
        10          0          0          0          0          0   _printf_d.o
       108         18          0          0          0         76   _printf_dec.o
        10          0          0          0          0          0   _printf_f.o
      1044         12          0          0          0        116   _printf_fp_dec.o
       136         16          0          0          0         76   _printf_fp_infnan.o
       176          0          0          0          0         84   _printf_intcommon.o
         2          0          0          0          0          0   _printf_percent.o
         4          0          0          0          0          0   _printf_percent_end.o
        10          0          0          0          0          0   _printf_s.o
        82          0          0          0          0         72   _printf_str.o
        22          0          0          0          0         92   _rserrno.o
        10          0          0          0          0         60   _sputc.o
      1006          4          0          0          0        184   aeabi_sdivfast.o
       216          6        148          0          0         80   bigflt0.o
      1456         30          0          0          0        336   btod.o
        16          0          0          0          0         68   exit.o
         6          0          0          0          0        136   heapauxi.o
        44          8          0          0          0         72   init_aeabi.o
        44         10         28          0          0         76   lc_numeric_c.o
         2          0          0          0          0          0   libinit.o
        22          0          0          0          0          0   libinit2.o
         2          0          0          0          0          0   libshutdown.o
         2          0          0          0          0          0   libshutdown2.o
         8          4          0          0         96         68   libspace.o
        48          0          0          0          0         72   llmul.o
       166          0          0          0          0         72   llsdiv.o
       272          0          0          0          0         88   lludiv.o
       122          0          0          0          0         72   lludiv10.o
        40          4          0          0          0         84   noretval__2sprintf.o
         8          4          0          0          0         68   rt_errno_addr_intlibspace.o
         8          4          0          0          0         68   rt_locale_intlibspace.o
        64          0          0          0          0        108   rt_memclr.o
       186          0          0          0          0        144   rt_memcpy.o
         2          0          0          0          0          0   rtexit.o
        10          0          0          0          0          0   rtexit2.o
        40          0          0          0          0         60   rtudiv10.o
       176          4          0          0          0         80   strcmpv6m.o
        62          0          0          0          0         80   sys_stackheap_outer.o
         2          0          0          0          0         68   use_no_semi.o
         2          0          0          0          0         68   use_no_semi_2.o
       124          4          0          0          0         72   d2f.o
      1096         26        128          0          0        112   ddiv.o
       180          6          0          0          0         76   dfixl.o
        88          0          0          0          0         92   dflti.o
       132          4          0          0          0        100   dfltl.o
       256          8          0          0          0         76   dsqrt.o
        84          4          0          0          0         60   f2d.o
        16          4          0          0          0         76   printf1.o
         0          0          0          0          0          0   usenofp.o
        44          4          0          0          0         60   fpclassify.o
        72          6          0          0          0         76   sqrt.o

    ----------------------------------------------------------------------
      8444        206        304          0         96       3920   Library Totals
        20          0          0          0          0          0   (incl. Padding)

    ----------------------------------------------------------------------

      Code (inc. data)   RO Data    RW Data    ZI Data      Debug   Library Name

      6332        140        176          0         96       3120   c_p.l
      1976         56        128          0          0        664   fz_ps.l
       116         10          0          0          0        136   m_ps.l

    ----------------------------------------------------------------------
      8444        206        304          0         96       3920   Library Totals

    ----------------------------------------------------------------------

==============================================================================


      Code (inc. data)   RO Data    RW Data    ZI Data      Debug   

     45948       3606       7680        356      15164     408648   Grand Totals
     45948       3606       7680        208      15164     408648   ELF Image Totals (compressed)
     45948       3606       7680        208          0          0   ROM Totals

==============================================================================

    Total RO  Size (Code + RO Data)                53628 (  52.37kB)
    Total RW  Size (RW Data + ZI Data)             15520 (  15.16kB)
    Total ROM Size (Code + RO Data + RW Data)      53836 (  52.57kB)

==============================================================================

