Component: ARM Compiler 5.06 update 6 (build 750) Tool: armlink [4d35ed]

==============================================================================

Section Cross References

    startup_stm32g070xx.o(STACK) refers (Special) to heapauxi.o(.text) for __use_two_region_memory
    startup_stm32g070xx.o(HEAP) refers (Special) to heapauxi.o(.text) for __use_two_region_memory
    startup_stm32g070xx.o(RESET) refers (Special) to heapauxi.o(.text) for __use_two_region_memory
    startup_stm32g070xx.o(RESET) refers to startup_stm32g070xx.o(STACK) for __initial_sp
    startup_stm32g070xx.o(RESET) refers to startup_stm32g070xx.o(.text) for Reset_Handler
    startup_stm32g070xx.o(RESET) refers to stm32g0xx_it.o(i.NMI_Handler) for NMI_Handler
    startup_stm32g070xx.o(RESET) refers to stm32g0xx_it.o(i.HardFault_Handler) for HardFault_Handler
    startup_stm32g070xx.o(RESET) refers to stm32g0xx_it.o(i.SVC_Handler) for SVC_Handler
    startup_stm32g070xx.o(RESET) refers to stm32g0xx_it.o(i.PendSV_Handler) for PendSV_Handler
    startup_stm32g070xx.o(RESET) refers to stm32g0xx_it.o(i.SysTick_Handler) for SysTick_Handler
    startup_stm32g070xx.o(RESET) refers to stm32g0xx_it.o(i.DMA1_Channel1_IRQHandler) for DMA1_Channel1_IRQHandler
    startup_stm32g070xx.o(RESET) refers to stm32g0xx_it.o(i.DMA1_Channel2_3_IRQHandler) for DMA1_Channel2_3_IRQHandler
    startup_stm32g070xx.o(RESET) refers to stm32g0xx_it.o(i.ADC1_IRQHandler) for ADC1_IRQHandler
    startup_stm32g070xx.o(RESET) refers to stm32g0xx_it.o(i.TIM1_BRK_UP_TRG_COM_IRQHandler) for TIM1_BRK_UP_TRG_COM_IRQHandler
    startup_stm32g070xx.o(RESET) refers to stm32g0xx_it.o(i.TIM1_CC_IRQHandler) for TIM1_CC_IRQHandler
    startup_stm32g070xx.o(RESET) refers to stm32g0xx_it.o(i.TIM6_IRQHandler) for TIM6_IRQHandler
    startup_stm32g070xx.o(RESET) refers to stm32g0xx_it.o(i.USART1_IRQHandler) for USART1_IRQHandler
    startup_stm32g070xx.o(RESET) refers to stm32g0xx_it.o(i.USART2_IRQHandler) for USART2_IRQHandler
    startup_stm32g070xx.o(.text) refers (Special) to heapauxi.o(.text) for __use_two_region_memory
    startup_stm32g070xx.o(.text) refers to system_stm32g0xx.o(i.SystemInit) for SystemInit
    startup_stm32g070xx.o(.text) refers to __main.o(!!!main) for __main
    startup_stm32g070xx.o(.text) refers to startup_stm32g070xx.o(HEAP) for Heap_Mem
    startup_stm32g070xx.o(.text) refers to startup_stm32g070xx.o(STACK) for Stack_Mem
    mcpwm.o(i.Calibrate_ADC_Offset) refers to delay.o(i.delay_ms) for delay_ms
    mcpwm.o(i.Calibrate_ADC_Offset) refers to mcpwm.o(.bss) for .bss
    mcpwm.o(i.Calibrate_ADC_Offset) refers to mcpwm.o(.data) for .data
    mcpwm.o(i.Process_Scop_Data) refers to mcpwm.o(.data) for .data
    mcpwm.o(i.Process_Scop_Data) refers to velocity_loop.o(.data) for real_speed_filter
    mcpwm.o(i.Process_Scop_Data) refers to mcpwm.o(.bss) for .bss
    mcpwm.o(i.Process_Scop_Data) refers to position_loop.o(.data) for pos_actual
    mcpwm.o(i.Send_Scop_Data) refers to modbus.o(i.Modbus_Solve_PutString) for Modbus_Solve_PutString
    mcpwm.o(i.Send_Scop_Data) refers to mcpwm.o(.data) for .data
    mcpwm.o(i.Send_Scop_Data) refers to mcpwm.o(.bss) for .bss
    mcpwm.o(i.calibrate_hall_phase) refers to delay.o(i.delay_ms) for delay_ms
    mcpwm.o(i.calibrate_hall_phase) refers to mcpwm.o(.data) for .data
    mcpwm.o(i.calibrate_hall_phase) refers to ds402.o(.data) for operation_mode
    mcpwm.o(i.calibrate_hall_phase) refers to motion_control.o(.data) for auto_reverse_p_time
    mcpwm.o(i.calibrate_tamagawa_encoder) refers to stm32g0xx_hal.o(i.HAL_GetTick) for HAL_GetTick
    mcpwm.o(i.calibrate_tamagawa_encoder) refers to tamagawa.o(.data) for set_tamagawa_zero
    mcpwm.o(i.calibrate_tamagawa_encoder) refers to mcpwm.o(.data) for .data
    mcpwm.o(i.calibrate_tamagawa_encoder) refers to motion_control.o(.data) for auto_reverse_p_time
    mcpwm.o(i.calibrate_tamagawa_encoder) refers to ds402.o(.data) for operation_mode
    mcpwm.o(i.calibrate_tamagawa_encoder) refers to tamagawa.o(.data) for Tamagawa_count_temp
    mcpwm.o(i.find_commutation) refers to mcpwm.o(i.start_pwm) for start_pwm
    mcpwm.o(i.find_commutation) refers to mcpwm.o(i.get_electric_phase) for get_electric_phase
    mcpwm.o(i.find_commutation) refers to aeabi_sdiv.o(.text) for __aeabi_idivmod
    mcpwm.o(i.find_commutation) refers to mcpwm.o(i.stop_pwm) for stop_pwm
    mcpwm.o(i.find_commutation) refers to mcpwm.o(.data) for .data
    mcpwm.o(i.find_commutation) refers to tamagawa.o(.data) for tamagawa_angle
    mcpwm.o(i.find_commutation) refers to tim.o(.bss) for htim1
    mcpwm.o(i.find_commutation) refers to ds402.o(.data) for motor_on
    mcpwm.o(i.find_commutation) refers to mcpwm.o(.bss) for .bss
    mcpwm.o(i.get_electric_phase) refers to delay.o(i.delay_ms) for delay_ms
    mcpwm.o(i.get_electric_phase) refers to mcpwm.o(.data) for .data
    mcpwm.o(i.get_hall_edge_phase) refers to mcpwm.o(.data) for .data
    mcpwm.o(i.get_hall_edge_phase) refers to mcpwm.o(.bss) for .bss
[...]
    delay_ms                                 0x080091c1   Thumb Code    26  delay.o(i.delay_ms)
    delay_us                                 0x080091dd   Thumb Code    44  delay.o(i.delay_us)
    find_commutation                         0x08009211   Thumb Code   468  mcpwm.o(i.find_commutation)
    get_electric_phase                       0x08009401   Thumb Code    32  mcpwm.o(i.get_electric_phase)
    get_hall_edge_phase                      0x08009425   Thumb Code   154  mcpwm.o(i.get_hall_edge_phase)
    init_motor_control                       0x080094cd   Thumb Code   144  mcpwm.o(i.init_motor_control)
    main                                     0x08009581   Thumb Code   220  main.o(i.main)
    phase_current_from_adcval                0x08009681   Thumb Code    26  mcpwm.o(i.phase_current_from_adcval)
    queue_modulation_timings                 0x080096a5   Thumb Code    76  mcpwm.o(i.queue_modulation_timings)
    sqrt                                     0x080096f5   Thumb Code    66  sqrt.o(i.sqrt)
    start_adc                                0x0800973d   Thumb Code    36  mcpwm.o(i.start_adc)
    start_pwm                                0x08009769   Thumb Code    70  mcpwm.o(i.start_pwm)
    stop_pwm                                 0x080097af   Thumb Code    70  mcpwm.o(i.stop_pwm)
    uart1_init                               0x080097f5   Thumb Code    42  modbus.o(i.uart1_init)
    uart2_init                               0x0800982d   Thumb Code    42  modbus.o(i.uart2_init)
    uart3_init                               0x08009865   Thumb Code    32  tamagawa.o(i.uart3_init)
    update_motor                             0x0800988d   Thumb Code   504  mcpwm.o(i.update_motor)
    _get_lc_numeric                          0x08009aa9   Thumb Code    44  lc_numeric_c.o(locale$$code)
    _printf_fp_dec                           0x08009ad5   Thumb Code    16  printf1.o(x$fpl$printf1)
    __I$use$fp                               0x08009ae4   Number         0  usenofp.o(x$fpl$usenofp)
    auchCRCHi                                0x08009ae4   Data         256  crc_16.o(.constdata)
    auchCRCLo                                0x08009be4   Data         256  crc_16.o(.constdata)
    F6x8                                     0x08009ce4   Data         552  oled.o(.constdata)
    F8X16                                    0x08009f0c   Data        1520  oled.o(.constdata)
    Sin_Table                                0x0800a4fc   Data        4096  sin_table.o(.constdata)
    UARTPrescTable                           0x0800b4fc   Data          24  stm32g0xx_hal_uart.o(.constdata)
    AHBPrescTable                            0x0800b524   Data          64  system_stm32g0xx.o(.constdata)
    APBPrescTable                            0x0800b564   Data          32  system_stm32g0xx.o(.constdata)
    Region$$Table$$Base                      0x0800b698   Number         0  anon$$obj.o(Region$$Table)
    Region$$Table$$Limit                     0x0800b6b8   Number         0  anon$$obj.o(Region$$Table)
    vbus_voltage                             0x20000000   Data           2  mcpwm.o(.data)
    device_temperature                       0x20000002   Data           2  mcpwm.o(.data)
    phase_dir                                0x20000004   Data           2  mcpwm.o(.data)
    hall_phase_dir                           0x20000006   Data           2  mcpwm.o(.data)
    commutation_founded                      0x20000008   Data           2  mcpwm.o(.data)
    commutation_mode                         0x2000000a   Data           2  mcpwm.o(.data)
    commutation_time                         0x2000000c   Data           2  mcpwm.o(.data)
    feedback_type                            0x2000000e   Data           2  mcpwm.o(.data)
    poles_num                                0x20000010   Data           2  mcpwm.o(.data)
    tamagawa_offset                          0x20000012   Data           2  mcpwm.o(.data)
    tamagawa_dir                             0x20000014   Data           2  mcpwm.o(.data)
    Driver_Ready                             0x20000016   Data           2  mcpwm.o(.data)
    enc_z.count                              0x20000018   Data           2  mcpwm.o(.data)
    enc_z.count_back                            0x2000001a   Data           2  mcpwm.o(.data)
    enc_z.first                              0x2000001c   Data           2  mcpwm.o(.data)
    hall_u                                   0x2000001e   Data           2  mcpwm.o(.data)
    hall.v                                   0x20000020   Data           2  mcpwm.o(.data)
    hall.w                                   0x20000022   Data           2  mcpwm.o(.data)
    hall.state                               0x20000024   Data           2  mcpwm.o(.data)
    hall.state_back                             0x20000026   Data           2  mcpwm.o(.data)
    hall_count                               0x20000028   Data           2  mcpwm.o(.data)
    hall_get_position                        0x2000002a   Data           2  mcpwm.o(.data)
    start_calibrate_hall_phase               0x2000002c   Data           2  mcpwm.o(.data)
    hall_phase_offset                        0x2000002e   Data           2  mcpwm.o(.data)
    ENC_Z_Phase                              0x20000030   Data           2  mcpwm.o(.data)
    ENC_Z_Phase_B                            0x20000032   Data           2  mcpwm.o(.data)
    encoder_offset_diff                      0x20000034   Data           2  mcpwm.o(.data)
    hall_phase_offset_diff                   0x20000036   Data           2  mcpwm.o(.data)
    Scop_Period                              0x20000038   Data           2  mcpwm.o(.data)
    Scop_Period_counter                      0x2000003a   Data           2  mcpwm.o(.data)
    Scop_Buffer_point                        0x2000003c   Data           2  mcpwm.o(.data)
    Scop_Start                               0x2000003e   Data           2  mcpwm.o(.data)
    Scop_Data_Ready                          0x20000040   Data           2  mcpwm.o(.data)
    Scop_Send_point                          0x20000042   Data           2  mcpwm.o(.data)
    Iq_demand                                0x20000044   Data           4  mcpwm.o(.data)
    target_Iq                                0x20000048   Data           4  mcpwm.o(.data)
    target_speed                             0x2000004c   Data           4  mcpwm.o(.data)
    speed_demand                             0x20000050   Data           4  mcpwm.o(.data)
    commutation_current                      0x20000054   Data           4  mcpwm.o(.data)
    motor.motion.feedback_resolution                      0x20000058   Data           4  mcpwm.o(.data)
    encoder_direction_temp                   0x2000005c   Data           4  mcpwm.o(.data)
    encoder_direction_temp_b                 0x20000060   Data           4  mcpwm.o(.data)
    hall_position                            0x20000064   Data           4  mcpwm.o(.data)
    rad_of_round                             0x20000068   Data           4  mcpwm.o(.data)
    Iq_real                                  0x2000006c   Data           4  mcpwm.o(.data)
    Error_State                              0x20000070   Data           4  mcpwm.o(.data)
    tA                                       0x20000074   Data           4  mcpwm.o(.data)
    tB                                       0x20000078   Data           4  mcpwm.o(.data)
    tC                                       0x2000007c   Data           4  mcpwm.o(.data)
    my_p0                                    0x20000080   Data           4  mcpwm.o(.data)
    my_p1                                    0x20000084   Data           4  mcpwm.o(.data)
    calibrate_timechk                        0x20000088   Data           4  mcpwm.o(.data)
    motor                                    0x2000008c   Data          68  mcpwm.o(.data)
    vel_dir                                  0x200000d0   Data           2  mcpwm.o(.data)
    Id_demand                                0x200000d4   Data           4  mcpwm.o(.data)
    target_position                          0x200000d8   Data           4  mcpwm.o(.data)
    motor_rated_current                      0x200000dc   Data           4  mcpwm.o(.data)
    motor_peak_current                       0x200000e0   Data           4  mcpwm.o(.data)
    motor_overload_time                      0x200000e4   Data           4  mcpwm.o(.data)
    loop_counter_c                           0x200000e8   Data           4  mcpwm.o(.data)
    loop_counter_v                           0x200000ec   Data           4  mcpwm.o(.data)
    loop_counter_p                           0x200000f0   Data           4  mcpwm.o(.data)
    current_loop_ready                       0x200000f4   Data           4  mcpwm.o(.data)
    velocity_loop_ready                      0x200000f8   Data           4  mcpwm.o(.data)
    position_loop_ready                      0x200000fc   Data           4  mcpwm.o(.data)
    motor_code                               0x20000100   Data           2  mcpwm.o(.data)
    drv8301_error                            0x20000104   Data           4  mcpwm.o(.data)
    enc_z.trig                               0x20000108   Data           2  mcpwm.o(.data)
    enc_z.counting_error                       0x2000010a   Data           2  mcpwm.o(.data)
    enc_z.pos                                0x2000010c   Data           4  mcpwm.o(.data)
    enc_z.pos_back                              0x20000110   Data           4  mcpwm.o(.data)
    enc_z.pos_offset                         0x20000114   Data           4  mcpwm.o(.data)
    enc_z.pos_diff                           0x20000118   Data           4  mcpwm.o(.data)
    enc_z.pos_diff_back                         0x2000011c   Data           4  mcpwm.o(.data)
    ENC_Z_Offset                             0x20000120   Data           2  mcpwm.o(.data)
    hall_position_b                          0x20000124   Data           4  mcpwm.o(.data)
    led_blink_counter                        0x20000128   Data           4  mcpwm.o(.data)
    led_blink_period                         0x2000012c   Data           4  mcpwm.o(.data)
    store_parameter                          0x20000130   Data           2  mcpwm.o(.data)
    Id                                       0x20000134   Data           4  mcpwm.o(.data)
    Iq                                       0x20000138   Data           4  mcpwm.o(.data)
    Id_real                                  0x2000013c   Data           4  mcpwm.o(.data)
    position_demand                          0x20000140   Data           4  mcpwm.o(.data)
    over_voltage                             0x20000144   Data           2  mcpwm.o(.data)
    under_voltage                            0x20000146   Data           2  mcpwm.o(.data)
    chop_voltage                             0x20000148   Data           2  mcpwm.o(.data)
    over_temperature                         0x2000014a   Data           2  mcpwm.o(.data)
    Scop_Point                               0x2000014c   Data           8  mcpwm.o(.data)
    kcp                                      0x20000158   Data           2  current_loop.o(.data)
    kci                                      0x2000015a   Data           2  current_loop.o(.data)
    current_out_lpf_a                        0x2000015c   Data           2  current_loop.o(.data)
    vfactor                                  0x20000160   Data           4  current_loop.o(.data)
    V_current_control_integral_d             0x20000164   Data           4  current_loop.o(.data)
    V_current_control_integral_q             0x20000168   Data           4  current_loop.o(.data)
    Vq_out_limit                             0x2000016c   Data           4  current_loop.o(.data)
    Vd_out_limit                             0x20000170   Data           4  current_loop.o(.data)
    kci_sum_limit                            0x20000174   Data           4  current_loop.o(.data)
    check_current_overshot_p                 0x20000178   Data           4  current_loop.o(.data)
    check_current_overshot_n                 0x2000017c   Data           4  current_loop.o(.data)
    IIt_Remaider                             0x20000180   Data           4  current_loop.o(.data)
    IIt_temp                                 0x20000184   Data           4  current_loop.o(.data)
    IIt_DC_Remaider                          0x20000188   Data           4  current_loop.o(.data)
    IIt_DC_temp                              0x2000018c   Data           4  current_loop.o(.data)
    Ialpha                                   0x20000190   Data           4  current_loop.o(.data)
    Ibeta                                    0x20000194   Data           4  current_loop.o(.data)
    Ierr_d                                   0x20000198   Data           4  current_loop.o(.data)
    Ierr_q                                   0x2000019c   Data           4  current_loop.o(.data)
    Vd                                       0x200001a0   Data           4  current_loop.o(.data)
    Vd_filter                                0x200001a4   Data           4  current_loop.o(.data)
    Vq                                       0x200001a8   Data           4  current_loop.o(.data)
    Vq_filter                                0x200001ac   Data           4  current_loop.o(.data)
    mod_d                                    0x200001b0   Data           4  current_loop.o(.data)
    mod_q                                    0x200001b4   Data           4  current_loop.o(.data)
    mod_alpha                                0x200001b8   Data           4  current_loop.o(.data)
    mod_beta                                 0x200001bc   Data           4  current_loop.o(.data)
    current_in_lpf_a                         0x200001c0   Data           2  current_loop.o(.data)
    Driver_IIt_Real                          0x200001c4   Data           4  current_loop.o(.data)
    Driver_IIt_Real_DC                       0x200001c8   Data           4  current_loop.o(.data)
    Driver_IIt_Current                       0x200001cc   Data           4  current_loop.o(.data)
    Driver_IIt_Current_DC                    0x200001d0   Data           4  current_loop.o(.data)
    Driver_IIt_Filter                        0x200001d4   Data           2  current_loop.o(.data)
    Driver_IIt_Filter_DC                     0x200001d6   Data           2  current_loop.o(.data)
    operation_mode                           0x200001d8   Data           2  ds402.o(.data)
    motor_on                                 0x200001da   Data           2  ds402.o(.data)
    control_word                             0x200001dc   Data           2  ds402.o(.data)
    control_word_b                           0x200001de   Data           2  ds402.o(.data)
    RS485_FrameFlag                          0x200001e0   Data           1  modbus.o(.data)
    RS485_TX_EN                              0x200001e1   Data           1  modbus.o(.data)
    RS485_RX_CNT                             0x200001e2   Data           1  modbus.o(.data)
    RS232_FrameFlag                          0x200001e3   Data           1  modbus.o(.data)
    RS232_TX_EN                              0x200001e4   Data           1  modbus.o(.data)
    RS232_RX_CNT                             0x200001e5   Data           1  modbus.o(.data)
    USART1RxBuffer                           0x200001e6   Data           1  modbus.o(.data)
    USART2RxBuffer                           0x200001e7   Data           1  modbus.o(.data)
    USART1_RX_STA                            0x200001e8   Data           2  modbus.o(.data)
    USART2_RX_STA                            0x200001ea   Data           2  modbus.o(.data)
    RS232_Addr                               0x200001ec   Data           2  modbus.o(.data)
    RS485_Addr                               0x200001ee   Data           2  modbus.o(.data)
    Modbus_Addr_Base                         0x200001f0   Data           2  modbus.o(.data)
    RS485_Protocol                           0x200001f2   Data           2  modbus.o(.data)
    startRegAddr                             0x200001f4   Data           2  modbus.o(.data)
    Reserve                                  0x200001f6   Data           2  modbus.o(.data)
    RegNum                                   0x200001f8   Data           2  modbus.o(.data)
    calCRC                                   0x200001fa   Data           2  modbus.o(.data)
    RS485_Baudrate                           0x200001fc   Data           4  modbus.o(.data)
    USART1_RX_TIMECHK                        0x20000200   Data           4  modbus.o(.data)
    USART2_RX_TIMECHK                        0x20000204   Data           4  modbus.o(.data)
    software_version                         0x20000208   Data           4  modbus.o(.data)
    RS232_Baudrate                           0x2000020c   Data           4  modbus.o(.data)
    accelerating                             0x20000210   Data           1  motion_control.o(.data)
    decelerating                             0x20000211   Data           1  motion_control.o(.data)
    positionning                             0x20000212   Data           1  motion_control.o(.data)
    motion_state                             0x20000213   Data           1  motion_control.o(.data)
    auto_switch_on                           0x20000214   Data           2  motion_control.o(.data)
    pluse_temp                               0x20000216   Data           2  motion_control.o(.data)
    pluse_temp_b                             0x20000218   Data           2  motion_control.o(.data)
    delta_pulse                              0x2000021a   Data           2  motion_control.o(.data)
    profile_acce                             0x2000021c   Data           4  motion_control.o(.data)
    profile_dece                             0x20000220   Data           4  motion_control.o(.data)
    profile_speed                            0x20000224   Data           4  motion_control.o(.data)
    target_speed_now                         0x20000228   Data           4  motion_control.o(.data)
    direction                                0x2000022c   Data           4  motion_control.o(.data)
    distance_diff                            0x20000230   Data           4  motion_control.o(.data)
    target_pos_now                           0x20000234   Data           4  motion_control.o(.data)
    searching_speed                          0x20000238   Data           4  motion_control.o(.data)
    auto_p_pos                               0x2000023c   Data           4  motion_control.o(.data)
    auto_n_pos                               0x20000240   Data           4  motion_control.o(.data)
    auto_reverse_p_time                      0x20000244   Data           4  motion_control.o(.data)
    auto_reverse_n_time                      0x20000248   Data           4  motion_control.o(.data)
    auto_reverse_time                        0x2000024c   Data           4  motion_control.o(.data)
    pluse_num                                0x20000250   Data           4  motion_control.o(.data)
    pluse_num_r                              0x20000254   Data           4  motion_control.o(.data)
    pul_dir                                  0x20000258   Data           4  motion_control.o(.data)
    gear_factor_a                            0x2000025c   Data           4  motion_control.o(.data)
    gear_factor_b                            0x20000260   Data           4  motion_control.o(.data)
    pluse_num_beforegear                     0x20000264   Data           4  motion_control.o(.data)
    EN_state                                 0x20000268   Data           4  motion_control.o(.data)
    EN_state_b                               0x2000026c   Data           4  motion_control.o(.data)
    DIN1_state                               0x20000270   Data           4  motion_control.o(.data)
    DIN1_state_b                             0x20000274   Data           4  motion_control.o(.data)
    DIN2_state                               0x20000278   Data           4  motion_control.o(.data)
    DIN2_state_b                             0x2000027c   Data           4  motion_control.o(.data)
    DIN3_state                               0x20000280   Data           4  motion_control.o(.data)
    DIN3_state_b                             0x20000284   Data           4  motion_control.o(.data)
    key12_count                              0x20000288   Data           4  motion_control.o(.data)
    profile_speed_b                          0x2000028c   Data           4  motion_control.o(.data)
    profile_target_position_b                0x20000290   Data           4  motion_control.o(.data)
    acce_diatance                            0x20000294   Data           4  motion_control.o(.data)
    dece_diatance                            0x20000298   Data           4  motion_control.o(.data)
    auto_reverse_status                      0x2000029c   Data           4  motion_control.o(.data)
    key1_state                               0x200002a0   Data           4  motion_control.o(.data)
    key2_state                               0x200002a4   Data           4  motion_control.o(.data)
    key3_state                               0x200002a8   Data           4  motion_control.o(.data)
    key1_state_b                             0x200002ac   Data           4  motion_control.o(.data)
    key2_state_b                             0x200002b0   Data           4  motion_control.o(.data)
    key3_state_b                             0x200002b4   Data           4  motion_control.o(.data)
    remain_dst                               0x200002b8   Data           8  motion_control.o(.data)
    step_dst                                 0x200002c0   Data           8  motion_control.o(.data)
    motion_out_lpf_a                         0x200002c8   Data           2  motion_control.o(.data)
    OLED_count                               0x200002ca   Data           2  motion_control.o(.data)
    OLED_Period                              0x200002cc   Data           2  motion_control.o(.data)
    profile_target_position                  0x200002d0   Data           4  motion_control.o(.data)
    NTC_Table                                0x200002d4   Data          84  ntc_calculate.o(.data)
    NTC_R_Value                              0x20000328   Data           4  ntc_calculate.o(.data)
    sttt                                     0x20000330   Data           1  parameter.o(.data)
    data_flash_addr                          0x20000334   Data           4  parameter.o(.data)
    temp_64                                  0x20000338   Data           8  parameter.o(.data)
    temp1                                    0x20000340   Data           8  parameter.o(.data)
    temp2                                    0x20000348   Data           8  parameter.o(.data)
    temp3                                    0x20000350   Data           8  parameter.o(.data)
    temp4                                    0x20000358   Data           8  parameter.o(.data)
    kpp                                      0x20000360   Data           2  position_loop.o(.data)
    kpi                                      0x20000362   Data           2  position_loop.o(.data)
    position_out_lpf_a                       0x20000364   Data           2  position_loop.o(.data)
    vel_lim                                  0x20000368   Data           4  position_loop.o(.data)
    pos_offest                               0x2000036c   Data           4  position_loop.o(.data)
    kpi_sum                                  0x20000370   Data           4  position_loop.o(.data)
    kpi_sum_limit                            0x20000374   Data           4  position_loop.o(.data)
    check_pos_overshot_p                     0x20000378   Data           4  position_loop.o(.data)
    check_pos_overshot_n                     0x2000037c   Data           4  position_loop.o(.data)
    pos_actual                               0x20000380   Data           4  position_loop.o(.data)
    pos_err                                  0x20000384   Data           4  position_loop.o(.data)
    vel_des                                  0x20000388   Data           4  position_loop.o(.data)
    position_in_lpf_a                        0x2000038c   Data           2  position_loop.o(.data)
    num                                      0x2000038e   Data           2  sin_table.o(.data)
    Tamagawa_FrameFlag                       0x20000390   Data           1  tamagawa.o(.data)
    Tamagawa_TX_EN                           0x20000391   Data           1  tamagawa.o(.data)
    Tamagawa_RX_CNT                          0x20000392   Data           1  tamagawa.o(.data)
    USART3_RX_STA                            0x20000394   Data           2  tamagawa.o(.data)
    Tamagawa_Baudrate                        0x20000398   Data           4  tamagawa.o(.data)
    Tamagawa_CRC_count                       0x2000039c   Data           2  tamagawa.o(.data)
    Tamagawa_First                           0x2000039e   Data           2  tamagawa.o(.data)
    Tamagawa_count_temp                      0x200003a0   Data           2  tamagawa.o(.data)
    Tamagawa_lost                            0x200003a2   Data           2  tamagawa.o(.data)
    tamagawa_angle                           0x200003a4   Data           2  tamagawa.o(.data)
    tamagawa_angle_b                         0x200003a6   Data           2  tamagawa.o(.data)
    set_tamagawa_zero                        0x200003a8   Data           2  tamagawa.o(.data)
    set_tamagawa_zero_count                  0x200003aa   Data           2  tamagawa.o(.data)
    tamagawa_angle_32                        0x200003ac   Data           4  tamagawa.o(.data)
    tamagawa_ENID                            0x200003b0   Data           4  tamagawa.o(.data)
    tamagawa_ALMC                            0x200003b4   Data           4  tamagawa.o(.data)
    tamagawa_multi_turn                      0x200003b8   Data           2  tamagawa.o(.data)
    Tamagawa_calCRC                          0x200003ba   Data           2  tamagawa.o(.data)
    kvp                                      0x200003bc   Data           2  velocity_loop.o(.data)
    kvi                                      0x200003be   Data           2  velocity_loop.o(.data)
    low_pass_filter_on                       0x200003c0   Data           2  velocity_loop.o(.data)
    speed_in_lpf_a                           0x200003c2   Data           2  velocity_loop.o(.data)
    speed_out_lpf_a                          0x200003c4   Data           2  velocity_loop.o(.data)
    kvi_sum                                  0x200003c8   Data           4  velocity_loop.o(.data)
    kvi_sum_limit                            0x200003cc   Data           4  velocity_loop.o(.data)
    buff_sum                                 0x200003d0   Data           4  velocity_loop.o(.data)
    Iq_temp                                  0x200003d4   Data           4  velocity_loop.o(.data)
    Ilim                                     0x200003d8   Data           4  velocity_loop.o(.data)
    Step_phase                               0x200003dc   Data           4  velocity_loop.o(.data)
    check_vel_overshot_p                     0x200003e0   Data           4  velocity_loop.o(.data)
    check_vel_overshot_n                     0x200003e4   Data           4  velocity_loop.o(.data)
    hall_speed_loop_count                    0x200003e8   Data           4  velocity_loop.o(.data)
    hall_speed_update                        0x200003ec   Data           4  velocity_loop.o(.data)
    display_speed_loop_count                 0x200003f0   Data           4  velocity_loop.o(.data)
    display_speed                            0x200003f4   Data           4  velocity_loop.o(.data)
    display_encoder_state_b                  0x200003f8   Data           4  velocity_loop.o(.data)
    encoder_state_b                          0x200003fc   Data           4  velocity_loop.o(.data)
    real_speed                               0x20000400   Data           4  velocity_loop.o(.data)
    real_speed_filter                        0x20000404   Data           4  velocity_loop.o(.data)
    speed_err                                0x20000408   Data           4  velocity_loop.o(.data)
    real_speed_buff_point                    0x2000040c   Data           4  velocity_loop.o(.data)
    real_speed_filter_num                    0x20000410   Data           2  velocity_loop.o(.data)
    ttt3                                     0x20000414   Data           4  stm32g0xx_it.o(.data)
    ttt4                                     0x20000418   Data           4  stm32g0xx_it.o(.data)
    t1                                       0x2000041c   Data           4  stm32g0xx_it.o(.data)
    t2                                       0x20000420   Data           4  stm32g0xx_it.o(.data)
    t3                                       0x20000424   Data           4  stm32g0xx_it.o(.data)
    t4                                       0x20000428   Data           4  stm32g0xx_it.o(.data)
    tt2                                      0x2000042c   Data           4  stm32g0xx_it.o(.data)
    tt3                                      0x20000430   Data           4  stm32g0xx_it.o(.data)
    tt4                                      0x20000434   Data           4  stm32g0xx_it.o(.data)
    ttt1                                     0x20000438   Data           4  stm32g0xx_it.o(.data)
    ttt2                                     0x2000043c   Data           4  stm32g0xx_it.o(.data)
    uwTickFreq                               0x20000440   Data           1  stm32g0xx_hal.o(.data)
    uwTickPrio                               0x20000444   Data           4  stm32g0xx_hal.o(.data)
    uwTick                                   0x20000448   Data           4  stm32g0xx_hal.o(.data)
    SystemCoreClock                          0x2000044c   Data           4  system_stm32g0xx.o(.data)
    Scop_Buffer                              0x20000450   Data        8192  mcpwm.o(.bss)
    ADCValue                                 0x20002450   Data          24  mcpwm.o(.bss)
    ADC_Offset                               0x20002468   Data          24  mcpwm.o(.bss)
    hall_phase                               0x20002480   Data          16  mcpwm.o(.bss)
    Scop_Chanel                              0x20002490   Data          16  mcpwm.o(.bss)
    Scop_Send_Buf                            0x200024a0   Data          20  mcpwm.o(.bss)
    ADC_Value                                0x200024b4   Data          24  mcpwm.o(.bss)
    RS485_RX_BUFF                            0x200024cc   Data         200  modbus.o(.bss)
    RS485_TX_BUFF                            0x20002594   Data         200  modbus.o(.bss)
    RS232_RX_BUFF                            0x2000265c   Data         200  modbus.o(.bss)
    RS232_TX_BUFF                            0x20002724   Data         200  modbus.o(.bss)
    Modbus_Output_Reg                        0x200027ec   Data        2000  modbus.o(.bss)
    display_buff                             0x20002fbc   Data          40  motion_control.o(.bss)
    display_buff1                            0x20002fe4   Data          40  motion_control.o(.bss)
    display_buff2                            0x2000300c   Data          40  motion_control.o(.bss)
    display_buff3                            0x20003034   Data          40  motion_control.o(.bss)
    display_buff4                            0x2000305c   Data          40  motion_control.o(.bss)
    Tamagawa_RX_BUFF                         0x20003084   Data         200  tamagawa.o(.bss)
    Tamagawa_TX_BUFF                         0x2000314c   Data         200  tamagawa.o(.bss)
    hadc1                                    0x20003214   Data         100  adc.o(.bss)
    hdma_adc1                                0x20003278   Data          92  adc.o(.bss)
    hspi1                                    0x200032d4   Data         100  spi.o(.bss)
    htim1                                    0x20003338   Data          76  tim.o(.bss)
    htim3                                    0x20003384   Data          76  tim.o(.bss)
    htim6                                    0x200033d0   Data          76  tim.o(.bss)
    huart1                                   0x2000341c   Data         144  usart.o(.bss)
    huart2                                   0x200034ac   Data         144  usart.o(.bss)
    huart3                                   0x2000353c   Data         144  usart.o(.bss)
    hdma_usart3_rx                           0x200035cc   Data          92  usart.o(.bss)
    pFlash                                   0x20003628   Data          28  stm32g0xx_hal_flash.o(.bss)
    __libspace_start                         0x20003644   Data          96  libspace.o(.bss)
    __temporary_stack_top$libspace           0x200036a4   Data           0  libspace.o(.bss)



==============================================================================

Memory Map of the image

  Image Entry point : 0x080000b9

  Load Region LR_IROM1 (Base: 0x08000000, Size: 0x0000bb24, Max: 0x00020000, ABSOLUTE, COMPRESSED[0x0000b7bc])

    Execution Region ER_IROM1 (Exec base: 0x08000000, Load base: 0x08000000, Size: 0x0000b6d4, Max: 0x00020000, ABSOLUTE)

    Exec Addr    Load Addr    Size         Type   Attr      Idx    E Section Name        Object

    0x08000000   0x08000000   0x000000b8   Data   RO            3    RESET               startup_stm32g070xx.o
    0x080000b8   0x080000b8   0x00000008   Code   RO         5006  * !!!main             c_p.l(__main.o)
    0x080000c0   0x080000c0   0x0000003c   Code   RO         5264    !!!scatter          c_p.l(__scatter.o)
    0x080000fc   0x080000fc   0x0000001c   Code   RO         5266    !!handler_zi        c_p.l(__scatter_zi.o)
    0x08000118   0x08000118   0x00000002   Code   RO         4997    .ARM.Collect$$_printf_percent$$00000000  c_p.l(_printf_percent.o)
    0x0800011a   0x0800011a   0x0000000a   Code   RO         4996    .ARM.Collect$$_printf_percent$$00000003  c_p.l(_printf_f.o)
    0x08000124   0x08000124   0x0000000a   Code   RO         4995    .ARM.Collect$$_printf_percent$$00000009  c_p.l(_printf_d.o)
    0x0800012e   0x0800012e   0x0000000a   Code   RO         4994    .ARM.Collect$$_printf_percent$$00000014  c_p.l(_printf_s.o)
    0x08000138   0x08000138   0x00000004   Code   RO         5052    .ARM.Collect$$_printf_percent$$00000017  c_p.l(_printf_percent_end.o)
    0x0800013c   0x0800013c   0x00000002   Code   RO         5132    .ARM.Collect$$libinit$$00000000  c_p.l(libinit.o)
    0x0800013e   0x0800013e   0x00000000   Code   RO         5134    .ARM.Collect$$libinit$$00000002  c_p.l(libinit2.o)
    0x0800013e   0x0800013e   0x00000000   Code   RO         5136    .ARM.Collect$$libinit$$00000004  c_p.l(libinit2.o)
    0x0800013e   0x0800013e   0x00000000   Code   RO         5139    .ARM.Collect$$libinit$$0000000A  c_p.l(libinit2.o)
    0x0800013e   0x0800013e   0x00000000   Code   RO         5141    .ARM.Collect$$libinit$$0000000C  c_p.l(libinit2.o)
    0x0800013e   0x0800013e   0x00000000   Code   RO         5143    .ARM.Collect$$libinit$$0000000E  c_p.l(libinit2.o)
    0x0800013e   0x0800013e   0x00000006   Code   RO         5144    .ARM.Collect$$libinit$$0000000F  c_p.l(libinit2.o)
    0x08000144   0x08000144   0x00000000   Code   RO         5146    .ARM.Collect$$libinit$$00000011  c_p.l(libinit2.o)
    0x08000144   0x08000144   0x00000000   Code   RO         5148    .ARM.Collect$$libinit$$00000013  c_p.l(libinit2.o)
    0x08000144   0x08000144   0x00000000   Code   RO         5150    .ARM.Collect$$libinit$$00000015  c_p.l(libinit2.o)
    0x08000144   0x08000144   0x0000000a   Code   RO         5151    .ARM.Collect$$libinit$$00000016  c_p.l(libinit2.o)
    0x0800014e   0x0800014e   0x00000000   Code   RO         5152    .ARM.Collect$$libinit$$00000017  c_p.l(libinit2.o)
    0x0800014e   0x0800014e   0x00000000   Code   RO         5154    .ARM.Collect$$libinit$$00000019  c_p.l(libinit2.o)
    0x0800014e   0x0800014e   0x00000000   Code   RO         5156    .ARM.Collect$$libinit$$0000001B  c_p.l(libinit2.o)
    0x0800014e   0x0800014e   0x00000000   Code   RO         5158    .ARM.Collect$$libinit$$0000001D  c_p.l(libinit2.o)
    0x0800014e   0x0800014e   0x00000000   Code   RO         5160    .ARM.Collect$$libinit$$0000001F  c_p.l(libinit2.o)
    0x0800014e   0x0800014e   0x00000000   Code   RO         5162    .ARM.Collect$$libinit$$00000021  c_p.l(libinit2.o)
    0x0800014e   0x0800014e   0x00000000   Code   RO         5164    .ARM.Collect$$libinit$$00000023  c_p.l(libinit2.o)
    0x0800014e   0x0800014e   0x00000000   Code   RO         5166    .ARM.Collect$$libinit$$00000025  c_p.l(libinit2.o)
    0x0800014e   0x0800014e   0x00000000   Code   RO         5170    .ARM.Collect$$libinit$$0000002C  c_p.l(libinit2.o)
    0x0800014e   0x0800014e   0x00000000   Code   RO         5172    .ARM.Collect$$libinit$$0000002E  c_p.l(libinit2.o)
    0x0800014e   0x0800014e   0x00000000   Code   RO         5174    .ARM.Collect$$libinit$$00000030  c_p.l(libinit2.o)
    0x0800014e   0x0800014e   0x00000000   Code   RO         5176    .ARM.Collect$$libinit$$00000032  c_p.l(libinit2.o)
    0x0800014e   0x0800014e   0x00000002   Code   RO         5177    .ARM.Collect$$libinit$$00000033  c_p.l(libinit2.o)
    0x08000150   0x08000150   0x00000002   Code   RO         5226    .ARM.Collect$$libshutdown$$00000000  c_p.l(libshutdown.o)
    0x08000152   0x08000152   0x00000000   Code   RO         5245    .ARM.Collect$$libshutdown$$00000002  c_p.l(libshutdown2.o)
    0x08000152   0x08000152   0x00000000   Code   RO         5247    .ARM.Collect$$libshutdown$$00000004  c_p.l(libshutdown2.o)
    0x08000152   0x08000152   0x00000000   Code   RO         5250    .ARM.Collect$$libshutdown$$00000007  c_p.l(libshutdown2.o)
    0x08000152   0x08000152   0x00000000   Code   RO         5253    .ARM.Collect$$libshutdown$$0000000A  c_p.l(libshutdown2.o)
    0x08000152   0x08000152   0x00000000   Code   RO         5255    .ARM.Collect$$libshutdown$$0000000C  c_p.l(libshutdown2.o)
    0x08000152   0x08000152   0x00000000   Code   RO         5258    .ARM.Collect$$libshutdown$$0000000F  c_p.l(libshutdown2.o)
    0x08000152   0x08000152   0x00000002   Code   RO         5259    .ARM.Collect$$libshutdown$$00000010  c_p.l(libshutdown2.o)
    0x08000154   0x08000154   0x00000000   Code   RO         5033    .ARM.Collect$$rtentry$$00000000  c_p.l(__rtentry.o)
    0x08000154   0x08000154   0x00000000   Code   RO         5061    .ARM.Collect$$rtentry$$00000002  c_p.l(__rtentry2.o)
    0x08000154   0x08000154   0x00000006   Code   RO         5073    .ARM.Collect$$rtentry$$00000004  c_p.l(__rtentry4.o)
    0x0800015a   0x0800015a   0x00000000   Code   RO         5063    .ARM.Collect$$rtentry$$00000009  c_p.l(__rtentry2.o)
    0x0800015a   0x0800015a   0x00000004   Code   RO         5064    .ARM.Collect$$rtentry$$0000000A  c_p.l(__rtentry2.o)
    0x0800015e   0x0800015e   0x00000000   Code   RO         5066    .ARM.Collect$$rtentry$$0000000C  c_p.l(__rtentry2.o)
    0x0800015e   0x0800015e   0x00000008   Code   RO         5067    .ARM.Collect$$rtentry$$0000000D  c_p.l(__rtentry2.o)
    0x08000166   0x08000166   0x00000002   Code   RO         5183    .ARM.Collect$$rtexit$$00000000  c_p.l(rtexit.o)
    0x08000168   0x08000168   0x00000000   Code   RO         5198    .ARM.Collect$$rtexit$$00000002  c_p.l(rtexit2.o)
    0x08000168   0x08000168   0x00000004   Code   RO         5199    .ARM.Collect$$rtexit$$00000003  c_p.l(rtexit2.o)
    0x0800016c   0x0800016c   0x00000006   Code   RO         5200    .ARM.Collect$$rtexit$$00000004  c_p.l(rtexit2.o)
    0x08000172   0x08000172   0x00000002   PAD
    0x08000174   0x08000174   0x00000038   Code   RO            4    .text               startup_stm32g070xx.o
    0x080001ac   0x080001ac   0x00000002   Code   RO         4958    .text               c_p.l(use_no_semi_2.o)
    0x080001ae   0x080001ae   0x00000030   Code   RO         4960    .text               c_p.l(llmul.o)
    0x080001de   0x080001de   0x00000070   Code   RO         4962    .text               c_p.l(llsdiv.o)
    0x0800024e   0x0800024e   0x00000002   PAD
    0x08000250   0x08000250   0x00000028   Code   RO         4966    .text               c_p.l(noretval__2sprintf.o)
    0x08000278   0x08000278   0x00000052   Code   RO         4970    .text               c_p.l(_printf_str.o)
    0x080002ca   0x080002ca   0x00000002   PAD
    0x080002cc   0x080002cc   0x0000006c   Code   RO         4972    .text               c_p.l(_printf_dec.o)
    0x08000338   0x08000338   0x0000010e   Code   RO         4982    .text               c_p.l(__printf_wp.o)
    0x08000446   0x08000446   0x00000040   Code   RO         4998    .text               c_p.l(rt_memclr.o)
    0x08000486   0x08000486   0x0000015a   Code   RO         5000    .text               c_p.l(aeabi_sdiv.o)
    0x080005e0   0x080005e0   0x00000006   Code   RO         5004    .text               c_p.l(heapauxi.o)
    0x080005e6   0x080005e6   0x00000002   PAD
    0x080005e8   0x080005e8   0x0000007c   Code   RO         5008    .text               fz_ps.l(d2f.o)
    0x08000664   0x08000664   0x00000448   Code   RO         5010    .text               fz_ps.l(ddiv.o)
    0x08000aac   0x08000aac   0x000000b4   Code   RO         5013    .text               fz_ps.l(dfixl.o)
    0x08000b60   0x08000b60   0x00000058   Code   RO         5015    .text               fz_ps.l(dflti.o)
    0x08000bb8   0x08000bb8   0x00000084   Code   RO         5017    .text               fz_ps.l(dfltl.o)
    0x08000c3c   0x08000c3c   0x00000054   Code   RO         5019    .text               fz_ps.l(f2d.o)
    0x08000c90   0x08000c90   0x00000002   Code   RO         5031    .text               c_p.l(use_no_semi.o)
    0x08000c92   0x08000c92   0x00000102   Code   RO         5038    .text               c_p.l(lludiv.o)
    0x08000d94   0x08000d94   0x00000016   Code   RO         5040    .text               c_p.l(_rserrno.o)
    0x08000daa   0x08000daa   0x000000b0   Code   RO         5042    .text               c_p.l(_printf_intcommon.o)
    0x08000e5a   0x08000e5a   0x00000002   PAD
    0x08000e5c   0x08000e5c   0x00000418   Code   RO         5044    .text               c_p.l(_printf_fp_dec.o)
    0x08001274   0x08001274   0x00000030   Code   RO         5046    .text               c_p.l(_printf_char_common.o)
    0x080012a4   0x080012a4   0x0000000a   Code   RO         5048    .text               c_p.l(_sputc.o)
    0x080012ae   0x080012ae   0x0000002e   Code   RO         5050    .text               c_p.l(_printf_char.o)
    0x080012dc   0x080012dc   0x00000028   Code   RO         5053    .text               c_p.l(rtudiv10.o)
    0x08001304   0x08001304   0x00000100   Code   RO         5057    .text               fz_ps.l(dsqrt.o)
    0x08001404   0x08001404   0x00000008   Code   RO         5084    .text               c_p.l(rt_locale_intlibspace.o)
    0x0800140c   0x0800140c   0x00000008   Code   RO         5089    .text               c_p.l(rt_errno_addr_intlibspace.o)
    0x08001414   0x08001414   0x0000007a   Code   RO         5091    .text               c_p.l(lludiv10.o)
    0x0800148e   0x0800148e   0x00000002   PAD
    0x08001490   0x08001490   0x00000088   Code   RO         5093    .text               c_p.l(_printf_fp_infnan.o)
    0x08001518   0x08001518   0x000000d8   Code   RO         5097    .text               c_p.l(bigflt0.o)
    0x080015f0   0x080015f0   0x00000580   Code   RO         5100    .text               c_p.l(btod.o)
    0x08001b70   0x08001b70   0x00000008   Code   RO         5113    .text               c_p.l(libspace.o)
    0x08001b78   0x08001b78   0x0000003e   Code   RO         5116    .text               c_p.l(sys_stackheap_outer.o)
    0x08001bb6   0x08001bb6   0x00000010   Code   RO         5119    .text               c_p.l(exit.o)
    0x08001bc6   0x08001bc6   0x00000002   PAD
    0x08001bc8   0x08001bc8   0x00000088   Code   RO         5125    .text               c_p.l(strcmp.o)
    0x08001c50   0x08001c50   0x00000056   Code   RO         5262    .text               c_p.l(__dczerorl2.o)
    0x08001ca6   0x08001ca6   0x00000002   PAD
    0x08001ca8   0x08001ca8   0x00000010   Code   RO         1511    i.ADC1_IRQHandler   stm32g0xx_it.o
    0x08001cb8   0x08001cb8   0x00000080   Code   RO         1640    i.ADC_DMAConvCplt   stm32g0xx_hal_adc.o
    0x08001d38   0x08001d38   0x0000001a   Code   RO         1641    i.ADC_DMAError      stm32g0xx_hal_adc.o
    0x08001d52   0x08001d52   0x0000000a   Code   RO         1642    i.ADC_DMAHalfConvCplt  stm32g0xx_hal_adc.o
    0x08001d5c   0x08001d5c   0x00000074   Code   RO         1643    i.ADC_Disable       stm32g0xx_hal_adc.o
    0x08001dd0   0x08001dd0   0x000000b4   Code   RO         1644    i.ADC_Enable        stm32g0xx_hal_adc.o
    0x08001e84   0x08001e84   0x00000040   Code   RO          645    i.Acce_distance_cal  motion_control.o
    0x08001ec4   0x08001ec4   0x00000110   Code   RO          646    i.Auto_reserve_process  motion_control.o
    0x08001fd4   0x08001fd4   0x00000044   Code   RO           12    i.Calibrate_ADC_Offset  mcpwm.o
    0x08002018   0x08002018   0x00000040   Code   RO          993    i.Check_DCBus       position_loop.o
    0x08002058   0x08002058   0x0000006c   Code   RO          994    i.Check_IIt         position_loop.o
    0x080020c4   0x080020c4   0x0000021c   Code   RO          408    i.Current_loop      current_loop.o
    0x080022e0   0x080022e0   0x0000002c   Code   RO         1512    i.DMA1_Channel1_IRQHandler  stm32g0xx_it.o
    0x0800230c   0x0800230c   0x00000010   Code   RO         1513    i.DMA1_Channel2_3_IRQHandler  stm32g0xx_it.o
    0x0800231c   0x0800231c   0x00000030   Code   RO         2334    i.DMA_CalcDMAMUXChannelBaseAndMask  stm32g0xx_hal_dma.o
    0x0800234c   0x0800234c   0x00000028   Code   RO         2335    i.DMA_CalcDMAMUXRequestGenBaseAndMask  stm32g0xx_hal_dma.o
    0x08002374   0x08002374   0x00000048   Code   RO         2336    i.DMA_SetConfig     stm32g0xx_hal_dma.o
    0x080023bc   0x080023bc   0x00000128   Code   RO          461    i.DS402_process     ds402.o
    0x080024e4   0x080024e4   0x000000c0   Code   RO          996    i.ENC_Z_Check       position_loop.o
    0x080025a4   0x080025a4   0x00000004   Code   RO         1224    i.Error_Handler     main.o
    0x080025a8   0x080025a8   0x00000100   Code   RO          916    i.Exchange_motor_code  parameter.o
    0x080026a8   0x080026a8   0x00000014   Code   RO         2185    i.FLASH_MassErase   stm32g0xx_hal_flash_ex.o
    0x080026bc   0x080026bc   0x00000020   Code   RO         2189    i.FLASH_PageErase   stm32g0xx_hal_flash_ex.o
    0x080026dc   0x080026dc   0x0000001c   Code   RO         2079    i.FLASH_Program_DoubleWord  stm32g0xx_hal_flash.o
    0x080026f8   0x080026f8   0x00000034   Code   RO         2080    i.FLASH_Program_Fast  stm32g0xx_hal_flash.o
    0x0800272c   0x0800272c   0x00000064   Code   RO         2081    i.FLASH_WaitForLastOperation  stm32g0xx_hal_flash.o
    0x08002790   0x08002790   0x00000030   Code   RO          382    i.Get_Crc16         crc_16.o
    0x080027c0   0x080027c0   0x00000050   Code   RO          736    i.Get_NTC_Temperature  ntc_calculate.o
    0x08002810   0x08002810   0x000000a0   Code   RO         1853    i.HAL_ADCEx_Calibration_Start  stm32g0xx_hal_adc_ex.o
    0x080028b0   0x080028b0   0x00000002   Code   RO         1854    i.HAL_ADCEx_ChannelConfigReadyCallback  stm32g0xx_hal_adc_ex.o
    0x080028b2   0x080028b2   0x00000002   Code   RO         1856    i.HAL_ADCEx_EndOfSamplingCallback  stm32g0xx_hal_adc_ex.o
    0x080028b4   0x080028b4   0x00000002   Code   RO         1857    i.HAL_ADCEx_LevelOutOfWindow2Callback  stm32g0xx_hal_adc_ex.o
    0x080028b6   0x080028b6   0x00000002   Code   RO         1858    i.HAL_ADCEx_LevelOutOfWindow3Callback  stm32g0xx_hal_adc_ex.o
    0x080028b8   0x080028b8   0x00000224   Code   RO         1646    i.HAL_ADC_ConfigChannel  stm32g0xx_hal_adc.o
    0x08002adc   0x08002adc   0x00000002   Code   RO         1647    i.HAL_ADC_ConvCpltCallback  stm32g0xx_hal_adc.o
    0x08002ade   0x08002ade   0x00000002   Code   RO         1648    i.HAL_ADC_ConvHalfCpltCallback  stm32g0xx_hal_adc.o
    0x08002ae0   0x08002ae0   0x00000002   Code   RO         1650    i.HAL_ADC_ErrorCallback  stm32g0xx_hal_adc.o
    0x08002ae2   0x08002ae2   0x00000002   PAD
    0x08002ae4   0x08002ae4   0x00000150   Code   RO         1654    i.HAL_ADC_IRQHandler  stm32g0xx_hal_adc.o
    0x08002c34   0x08002c34   0x0000025c   Code   RO         1655    i.HAL_ADC_Init      stm32g0xx_hal_adc.o
    0x08002e90   0x08002e90   0x00000002   Code   RO         1656    i.HAL_ADC_LevelOutOfWindowCallback  stm32g0xx_hal_adc.o
    0x08002e92   0x08002e92   0x00000002   PAD
    0x08002e94   0x08002e94   0x000000a8   Code   RO         1292    i.HAL_ADC_MspInit   adc.o
    0x08002f3c   0x08002f3c   0x000000b4   Code   RO         1662    i.HAL_ADC_Start_DMA  stm32g0xx_hal_adc.o
    0x08002ff0   0x08002ff0   0x00000074   Code   RO         2337    i.HAL_DMA_Abort     stm32g0xx_hal_dma.o
    0x08003064   0x08003064   0x0000007c   Code   RO         2338    i.HAL_DMA_Abort_IT  stm32g0xx_hal_dma.o
    0x080030e0   0x080030e0   0x000000b8   Code   RO         2342    i.HAL_DMA_IRQHandler  stm32g0xx_hal_dma.o
    0x08003198   0x08003198   0x000000a4   Code   RO         2343    i.HAL_DMA_Init      stm32g0xx_hal_dma.o
    0x0800323c   0x0800323c   0x0000008c   Code   RO         2347    i.HAL_DMA_Start_IT  stm32g0xx_hal_dma.o
    0x080032c8   0x080032c8   0x00000088   Code   RO         2190    i.HAL_FLASHEx_Erase  stm32g0xx_hal_flash_ex.o
    0x08003350   0x08003350   0x0000001c   Code   RO         2085    i.HAL_FLASH_Lock    stm32g0xx_hal_flash.o
    0x0800336c   0x0800336c   0x00000060   Code   RO         2090    i.HAL_FLASH_Program  stm32g0xx_hal_flash.o
    0x080033cc   0x080033cc   0x00000028   Code   RO         2092    i.HAL_FLASH_Unlock  stm32g0xx_hal_flash.o
    0x080033f4   0x080033f4   0x00000158   Code   RO         2270    i.HAL_GPIO_Init     stm32g0xx_hal_gpio.o
    0x0800354c   0x0800354c   0x0000000a   Code   RO         2272    i.HAL_GPIO_ReadPin  stm32g0xx_hal_gpio.o
    0x08003556   0x08003556   0x0000000c   Code   RO         2274    i.HAL_GPIO_WritePin  stm32g0xx_hal_gpio.o
    0x08003562   0x08003562   0x00000002   PAD
    0x08003564   0x08003564   0x0000000c   Code   RO         2799    i.HAL_GetTick       stm32g0xx_hal.o
    0x08003570   0x08003570   0x00000010   Code   RO         2805    i.HAL_IncTick       stm32g0xx_hal.o
    0x08003580   0x08003580   0x00000028   Code   RO         2806    i.HAL_Init          stm32g0xx_hal.o
    0x080035a8   0x080035a8   0x00000048   Code   RO         2807    i.HAL_InitTick      stm32g0xx_hal.o
    0x080035f0   0x080035f0   0x00000034   Code   RO         1619    i.HAL_MspInit       stm32g0xx_hal_msp.o
    0x08003624   0x08003624   0x00000018   Code   RO         2683    i.HAL_NVIC_EnableIRQ  stm32g0xx_hal_cortex.o
    0x0800363c   0x0800363c   0x00000008   Code   RO         2687    i.HAL_NVIC_SetPriority  stm32g0xx_hal_cortex.o
    0x08003644   0x08003644   0x0000001c   Code   RO         2688    i.HAL_NVIC_SystemReset  stm32g0xx_hal_cortex.o
    0x08003660   0x08003660   0x0000004c   Code   RO         2568    i.HAL_PWREx_ControlVoltageScaling  stm32g0xx_hal_pwr_ex.o
    0x080036ac   0x080036ac   0x00000160   Code   RO         2036    i.HAL_RCCEx_PeriphCLKConfig  stm32g0xx_hal_rcc_ex.o
    0x0800380c   0x0800380c   0x00000158   Code   RO         1920    i.HAL_RCC_ClockConfig  stm32g0xx_hal_rcc.o
    0x08003964   0x08003964   0x00000028   Code   RO         1928    i.HAL_RCC_GetPCLK1Freq  stm32g0xx_hal_rcc.o
    0x0800398c   0x0800398c   0x0000008c   Code   RO         1930    i.HAL_RCC_GetSysClockFreq  stm32g0xx_hal_rcc.o
    0x08003a18   0x08003a18   0x000003e0   Code   RO         1934    i.HAL_RCC_OscConfig  stm32g0xx_hal_rcc.o
    0x08003df8   0x08003df8   0x000000ee   Code   RO         3057    i.HAL_SPI_Init      stm32g0xx_hal_spi.o
    0x08003ee6   0x08003ee6   0x00000002   PAD
    0x08003ee8   0x08003ee8   0x00000060   Code   RO         1350    i.HAL_SPI_MspInit   spi.o
    0x08003f48   0x08003f48   0x00000014   Code   RO         2815    i.HAL_SYSCFG_StrobeDBattpinsConfig  stm32g0xx_hal.o
    0x08003f5c   0x08003f5c   0x00000018   Code   RO         2689    i.HAL_SYSTICK_CLKSourceConfig  stm32g0xx_hal_cortex.o
    0x08003f74   0x08003f74   0x00000030   Code   RO         2691    i.HAL_SYSTICK_Config  stm32g0xx_hal_cortex.o
    0x08003fa4   0x08003fa4   0x00000002   Code   RO         4101    i.HAL_TIMEx_Break2Callback  stm32g0xx_hal_tim_ex.o
    0x08003fa6   0x08003fa6   0x00000002   Code   RO         4102    i.HAL_TIMEx_BreakCallback  stm32g0xx_hal_tim_ex.o
    0x08003fa8   0x08003fa8   0x00000002   Code   RO         4103    i.HAL_TIMEx_CommutCallback  stm32g0xx_hal_tim_ex.o
    0x08003faa   0x08003faa   0x00000002   PAD
    0x08003fac   0x08003fac   0x000000ac   Code   RO         4105    i.HAL_TIMEx_ConfigBreakDeadTime  stm32g0xx_hal_tim_ex.o
    0x08004058   0x08004058   0x0000006a   Code   RO         4106    i.HAL_TIMEx_ConfigBreakInput  stm32g0xx_hal_tim_ex.o
    0x080040c2   0x080040c2   0x00000002   PAD
    0x080040c4   0x080040c4   0x000000d0   Code   RO         4115    i.HAL_TIMEx_HallSensor_Init  stm32g0xx_hal_tim_ex.o
    0x08004194   0x08004194   0x00000078   Code   RO         1388    i.HAL_TIMEx_HallSensor_MspInit  tim.o
    0x0800420c   0x0800420c   0x0000006c   Code   RO         4124    i.HAL_TIMEx_MasterConfigSynchronization  stm32g0xx_hal_tim_ex.o
    0x08004278   0x08004278   0x00000094   Code   RO         4135    i.HAL_TIMEx_PWMN_Start  stm32g0xx_hal_tim_ex.o
    0x0800430c   0x0800430c   0x0000006c   Code   RO         4138    i.HAL_TIMEx_PWMN_Stop  stm32g0xx_hal_tim_ex.o
    0x08004378   0x08004378   0x0000004c   Code   RO         3391    i.HAL_TIM_Base_Init  stm32g0xx_hal_tim.o
    0x080043c4   0x080043c4   0x000000ac   Code   RO         1390    i.HAL_TIM_Base_MspInit  tim.o
    0x08004470   0x08004470   0x0000005c   Code   RO         3396    i.HAL_TIM_Base_Start_IT  stm32g0xx_hal_tim.o
    0x080044cc   0x080044cc   0x000000d8   Code   RO         3400    i.HAL_TIM_ConfigClockSource  stm32g0xx_hal_tim.o
    0x080045a4   0x080045a4   0x00000082   Code   RO         3415    i.HAL_TIM_Encoder_Start  stm32g0xx_hal_tim.o
    0x08004626   0x08004626   0x00000002   Code   RO         3425    i.HAL_TIM_IC_CaptureCallback  stm32g0xx_hal_tim.o
    0x08004628   0x08004628   0x00000184   Code   RO         3439    i.HAL_TIM_IRQHandler  stm32g0xx_hal_tim.o
    0x080047ac   0x080047ac   0x00000070   Code   RO         1391    i.HAL_TIM_MspPostInit  tim.o
    0x0800481c   0x0800481c   0x00000066   Code   RO         3440    i.HAL_TIM_OC_ConfigChannel  stm32g0xx_hal_tim.o
    0x08004882   0x08004882   0x00000002   Code   RO         3442    i.HAL_TIM_OC_DelayElapsedCallback  stm32g0xx_hal_tim.o
    0x08004884   0x08004884   0x0000004c   Code   RO         3444    i.HAL_TIM_OC_Init   stm32g0xx_hal_tim.o
    0x080048d0   0x080048d0   0x00000002   Code   RO         3446    i.HAL_TIM_OC_MspInit  stm32g0xx_hal_tim.o
    0x080048d2   0x080048d2   0x0000011e   Code   RO         3463    i.HAL_TIM_PWM_ConfigChannel  stm32g0xx_hal_tim.o
    0x080049f0   0x080049f0   0x0000004c   Code   RO         3466    i.HAL_TIM_PWM_Init  stm32g0xx_hal_tim.o
    0x08004a3c   0x08004a3c   0x00000002   Code   RO         3468    i.HAL_TIM_PWM_MspInit  stm32g0xx_hal_tim.o
    0x08004a3e   0x08004a3e   0x00000002   Code   RO         3469    i.HAL_TIM_PWM_PulseFinishedCallback  stm32g0xx_hal_tim.o
    0x08004a40   0x08004a40   0x000000d0   Code   RO         3471    i.HAL_TIM_PWM_Start  stm32g0xx_hal_tim.o
    0x08004b10   0x08004b10   0x000000f4   Code   RO         3473    i.HAL_TIM_PWM_Start_IT  stm32g0xx_hal_tim.o
    0x08004c04   0x08004c04   0x000000a4   Code   RO         3474    i.HAL_TIM_PWM_Stop  stm32g0xx_hal_tim.o
    0x08004ca8   0x08004ca8   0x00000002   Code   RO         3477    i.HAL_TIM_PeriodElapsedCallback  stm32g0xx_hal_tim.o
    0x08004caa   0x08004caa   0x00000002   Code   RO         3482    i.HAL_TIM_TriggerCallback  stm32g0xx_hal_tim.o
    0x08004cac   0x08004cac   0x0000003c   Code   RO         4816    i.HAL_UARTEx_DisableFifoMode  stm32g0xx_hal_uart_ex.o
    0x08004ce8   0x08004ce8   0x00000002   Code   RO         4409    i.HAL_UARTEx_RxEventCallback  stm32g0xx_hal_uart.o
    0x08004cea   0x08004cea   0x00000002   Code   RO         4823    i.HAL_UARTEx_RxFifoFullCallback  stm32g0xx_hal_uart_ex.o
    0x08004cec   0x08004cec   0x00000048   Code   RO         4824    i.HAL_UARTEx_SetRxFifoThreshold  stm32g0xx_hal_uart_ex.o
    0x08004d34   0x08004d34   0x00000046   Code   RO         4825    i.HAL_UARTEx_SetTxFifoThreshold  stm32g0xx_hal_uart_ex.o
    0x08004d7a   0x08004d7a   0x00000002   Code   RO         4827    i.HAL_UARTEx_TxFifoEmptyCallback  stm32g0xx_hal_uart_ex.o
    0x08004d7c   0x08004d7c   0x00000002   Code   RO         4828    i.HAL_UARTEx_WakeupCallback  stm32g0xx_hal_uart_ex.o
    0x08004d7e   0x08004d7e   0x00000002   Code   RO         4425    i.HAL_UART_ErrorCallback  stm32g0xx_hal_uart.o
    0x08004d80   0x08004d80   0x0000000c   Code   RO         4427    i.HAL_UART_GetState  stm32g0xx_hal_uart.o
    0x08004d8c   0x08004d8c   0x000002e8   Code   RO         4428    i.HAL_UART_IRQHandler  stm32g0xx_hal_uart.o
    0x08005074   0x08005074   0x0000006c   Code   RO         4429    i.HAL_UART_Init     stm32g0xx_hal_uart.o
    0x080050e0   0x080050e0   0x00000138   Code   RO         1462    i.HAL_UART_MspInit  usart.o
    0x08005218   0x08005218   0x00000064   Code   RO         4433    i.HAL_UART_Receive_DMA  stm32g0xx_hal_uart.o
    0x0800527c   0x0800527c   0x00000064   Code   RO         4434    i.HAL_UART_Receive_IT  stm32g0xx_hal_uart.o
    0x080052e0   0x080052e0   0x000001a4   Code   RO          490    i.HAL_UART_RxCpltCallback  modbus.o
    0x08005484   0x08005484   0x00000002   Code   RO         4437    i.HAL_UART_RxHalfCpltCallback  stm32g0xx_hal_uart.o
    0x08005486   0x08005486   0x00000002   Code   RO         4441    i.HAL_UART_TxCpltCallback  stm32g0xx_hal_uart.o
    0x08005488   0x08005488   0x00000002   Code   RO         1514    i.HardFault_Handler  stm32g0xx_it.o
    0x0800548a   0x0800548a   0x00000002   PAD
    0x0800548c   0x0800548c   0x00000034   Code   RO          769    i.IIC_Start         oled.o
    0x080054c0   0x080054c0   0x00000028   Code   RO          770    i.IIC_Stop          oled.o
    0x080054e8   0x080054e8   0x00000020   Code   RO          771    i.IIC_Wait_Ack      oled.o
    0x08005508   0x08005508   0x0000002c   Code   RO          409    i.IIt_DC_filter     current_loop.o
    0x08005534   0x08005534   0x0000002c   Code   RO          410    i.IIt_filter        current_loop.o
    0x08005560   0x08005560   0x00000190   Code   RO          917    i.Init_Control_Parameter  parameter.o
    0x080056f0   0x080056f0   0x00000028   Code   RO          918    i.Init_Driver_State  parameter.o
    0x08005718   0x08005718   0x00000390   Code   RO          491    i.Init_Modbus_Addr_List  modbus.o
    0x08005aa8   0x08005aa8   0x000000c0   Code   RO          919    i.Init_Motor_Parameter  parameter.o
    0x08005b68   0x08005b68   0x00000098   Code   RO          920    i.Init_System_Parameter  parameter.o
    0x08005c00   0x08005c00   0x00000168   Code   RO          648    i.KEY_Process       motion_control.o
    0x08005d68   0x08005d68   0x0000009c   Code   RO          649    i.LED_Process       motion_control.o
    0x08005e04   0x08005e04   0x00000008   Code   RO         1667    i.LL_ADC_IsEnabled  stm32g0xx_hal_adc.o
    0x08005e0c   0x08005e0c   0x00000008   Code   RO         1668    i.LL_ADC_REG_IsConversionOngoing  stm32g0xx_hal_adc.o
    0x08005e14   0x08005e14   0x00000010   Code   RO         1669    i.LL_ADC_REG_IsTriggerSourceSWStart  stm32g0xx_hal_adc.o
    0x08005e24   0x08005e24   0x0000000e   Code   RO         1671    i.LL_ADC_SetCommonPathInternalCh  stm32g0xx_hal_adc.o
    0x08005e32   0x08005e32   0x00000016   Code   RO         1672    i.LL_ADC_SetSamplingTimeCommonChannels  stm32g0xx_hal_adc.o
    0x08005e48   0x08005e48   0x00000014   Code   RO         1177    i.Low_pass_filter_1  velocity_loop.o
    0x08005e5c   0x08005e5c   0x000000fc   Code   RO         1293    i.MX_ADC1_Init      adc.o
    0x08005f58   0x08005f58   0x00000038   Code   RO         1329    i.MX_DMA_Init       dma.o
    0x08005f90   0x08005f90   0x00000108   Code   RO         1271    i.MX_GPIO_Init      gpio.o
    0x08006098   0x08006098   0x0000004c   Code   RO         1351    i.MX_SPI1_Init      spi.o
    0x080060e4   0x080060e4   0x00000158   Code   RO         1392    i.MX_TIM1_Init      tim.o
    0x0800623c   0x0800623c   0x0000005c   Code   RO         1393    i.MX_TIM3_Init      tim.o
    0x08006298   0x08006298   0x0000004c   Code   RO         1394    i.MX_TIM6_Init      tim.o
    0x080062e4   0x080062e4   0x00000070   Code   RO         1463    i.MX_USART1_UART_Init  usart.o
    0x08006354   0x08006354   0x0000006c   Code   RO         1464    i.MX_USART2_UART_Init  usart.o
    0x080063c0   0x080063c0   0x0000003c   Code   RO         1465    i.MX_USART3_UART_Init  usart.o
    0x080063fc   0x080063fc   0x000000d4   Code   RO          924    i.MemWriteModbus    parameter.o
    0x080064d0   0x080064d0   0x00000090   Code   RO          492    i.Modbus_03_Solve   modbus.o
    0x08006560   0x08006560   0x00000068   Code   RO          493    i.Modbus_06_Solve   modbus.o
    0x080065c8   0x080065c8   0x000000ac   Code   RO          494    i.Modbus_16_Solve   modbus.o
    0x08006674   0x08006674   0x00000020   Code   RO          495    i.Modbus_Solve_485_Disenable  modbus.o
    0x08006694   0x08006694   0x00000014   Code   RO          496    i.Modbus_Solve_485_Enable  modbus.o
    0x080066a8   0x080066a8   0x0000003c   Code   RO          497    i.Modbus_Solve_PutString  modbus.o
    0x080066e4   0x080066e4   0x00000098   Code   RO          498    i.Modbus_Solve_Service  modbus.o
    0x0800677c   0x0800677c   0x000003cc   Code   RO          650    i.Motion_process    motion_control.o
    0x08006b48   0x08006b48   0x00000002   Code   RO         1515    i.NMI_Handler       stm32g0xx_it.o
    0x08006b4a   0x08006b4a   0x0000003a   Code   RO          772    i.OLED_Clear        oled.o
    0x08006b84   0x08006b84   0x000000de   Code   RO          776    i.OLED_Init         oled.o
    0x08006c62   0x08006c62   0x00000002   PAD
    0x08006c64   0x08006c64   0x000003a0   Code   RO          651    i.OLED_Process      motion_control.o
    0x08007004   0x08007004   0x00000026   Code   RO          778    i.OLED_Set_Pos      oled.o
    0x0800702a   0x0800702a   0x00000002   PAD
    0x0800702c   0x0800702c   0x00000084   Code   RO          780    i.OLED_ShowChar     oled.o
    0x080070b0   0x080070b0   0x00000034   Code   RO          782    i.OLED_ShowString   oled.o
    0x080070e4   0x080070e4   0x00000016   Code   RO          783    i.OLED_WR_Byte      oled.o
    0x080070fa   0x080070fa   0x00000002   Code   RO         1516    i.PendSV_Handler    stm32g0xx_it.o
    0x080070fc   0x080070fc   0x00000124   Code   RO          998    i.Position_Loop     position_loop.o
    0x08007220   0x08007220   0x00000080   Code   RO           13    i.Process_Scop_Data  mcpwm.o
    0x080072a0   0x080072a0   0x00000068   Code   RO          925    i.Process_Store_parameter  parameter.o
    0x08007308   0x08007308   0x00000090   Code   RO          499    i.RS232_03_Solve    modbus.o
    0x08007398   0x08007398   0x00000068   Code   RO          500    i.RS232_06_Solve    modbus.o
    0x08007400   0x08007400   0x000000ac   Code   RO          501    i.RS232_16_Solve    modbus.o
    0x080074ac   0x080074ac   0x00000030   Code   RO          502    i.RS232_Process     modbus.o
    0x080074dc   0x080074dc   0x00000030   Code   RO          503    i.RS232_Solve_PutString  modbus.o
    0x0800750c   0x0800750c   0x00000098   Code   RO          504    i.RS232_Solve_Service  modbus.o
    0x080075a4   0x080075a4   0x00000030   Code   RO          505    i.RS485_Process     modbus.o
    0x080075d4   0x080075d4   0x00000002   Code   RO         1517    i.SVC_Handler       stm32g0xx_it.o
    0x080075d6   0x080075d6   0x00000002   PAD
    0x080075d8   0x080075d8   0x000001b8   Code   RO         1162    i.SVM               utils.o
    0x08007790   0x08007790   0x00000018   Code   RO         1518    i.SysTick_Handler   stm32g0xx_it.o
    0x080077a8   0x080077a8   0x0000008c   Code   RO         1225    i.SystemClock_Config  main.o
    0x08007834   0x08007834   0x00000002   Code   RO         4925    i.SystemInit        system_stm32g0xx.o
    0x08007836   0x08007836   0x00000002   PAD
    0x08007838   0x08007838   0x00000010   Code   RO         1519    i.TIM1_BRK_UP_TRG_COM_IRQHandler  stm32g0xx_it.o
    0x08007848   0x08007848   0x00000268   Code   RO         1520    i.TIM1_CC_IRQHandler  stm32g0xx_it.o
    0x08007ab0   0x08007ab0   0x00000048   Code   RO         1521    i.TIM6_IRQHandler   stm32g0xx_it.o
    0x08007af8   0x08007af8   0x00000088   Code   RO         3484    i.TIM_Base_SetConfig  stm32g0xx_hal_tim.o
    0x08007b80   0x08007b80   0x0000001a   Code   RO         3485    i.TIM_CCxChannelCmd  stm32g0xx_hal_tim.o
    0x08007b9a   0x08007b9a   0x0000001a   Code   RO         4146    i.TIM_CCxNChannelCmd  stm32g0xx_hal_tim_ex.o
    0x08007bb4   0x08007bb4   0x00000016   Code   RO         3495    i.TIM_ETR_SetConfig  stm32g0xx_hal_tim.o
    0x08007bca   0x08007bca   0x00000002   PAD
    0x08007bcc   0x08007bcc   0x00000014   Code   RO         3496    i.TIM_ITRx_SetConfig  stm32g0xx_hal_tim.o
    0x08007be0   0x08007be0   0x0000008c   Code   RO         3497    i.TIM_OC1_SetConfig  stm32g0xx_hal_tim.o
    0x08007c6c   0x08007c6c   0x00000084   Code   RO         3498    i.TIM_OC2_SetConfig  stm32g0xx_hal_tim.o
    0x08007cf0   0x08007cf0   0x00000088   Code   RO         3499    i.TIM_OC3_SetConfig  stm32g0xx_hal_tim.o
    0x08007d78   0x08007d78   0x00000074   Code   RO         3500    i.TIM_OC4_SetConfig  stm32g0xx_hal_tim.o
    0x08007dec   0x08007dec   0x00000064   Code   RO         3501    i.TIM_OC5_SetConfig  stm32g0xx_hal_tim.o
    0x08007e50   0x08007e50   0x0000006c   Code   RO         3502    i.TIM_OC6_SetConfig  stm32g0xx_hal_tim.o
    0x08007ebc   0x08007ebc   0x00000022   Code   RO         3504    i.TIM_TI1_ConfigInputStage  stm32g0xx_hal_tim.o
    0x08007ede   0x08007ede   0x00000002   PAD
    0x08007ee0   0x08007ee0   0x00000050   Code   RO         3505    i.TIM_TI1_SetConfig  stm32g0xx_hal_tim.o
    0x08007f30   0x08007f30   0x00000026   Code   RO         3506    i.TIM_TI2_ConfigInputStage  stm32g0xx_hal_tim.o
    0x08007f56   0x08007f56   0x00000002   PAD
    0x08007f58   0x08007f58   0x00000088   Code   RO         1105    i.Tamagawa_Read_Cmd  tamagawa.o
    0x08007fe0   0x08007fe0   0x00000044   Code   RO         4829    i.UARTEx_SetNbDataToProcess  stm32g0xx_hal_uart_ex.o
    0x08008024   0x08008024   0x000000ca   Code   RO         4443    i.UART_AdvFeatureConfig  stm32g0xx_hal_uart.o
    0x080080ee   0x080080ee   0x00000002   PAD
    0x080080f0   0x080080f0   0x00000064   Code   RO         4444    i.UART_CheckIdleState  stm32g0xx_hal_uart.o
    0x08008154   0x08008154   0x00000014   Code   RO         4445    i.UART_DMAAbortOnError  stm32g0xx_hal_uart.o
    0x08008168   0x08008168   0x0000004e   Code   RO         4446    i.UART_DMAError     stm32g0xx_hal_uart.o
    0x080081b6   0x080081b6   0x00000098   Code   RO         4447    i.UART_DMAReceiveCplt  stm32g0xx_hal_uart.o
    0x0800824e   0x0800824e   0x0000001c   Code   RO         4449    i.UART_DMARxHalfCplt  stm32g0xx_hal_uart.o
    0x0800826a   0x0800826a   0x00000002   PAD
    0x0800826c   0x0800826c   0x00000064   Code   RO         4455    i.UART_EndRxTransfer  stm32g0xx_hal_uart.o
    0x080082d0   0x080082d0   0x0000003c   Code   RO         4456    i.UART_EndTxTransfer  stm32g0xx_hal_uart.o
    0x0800830c   0x0800830c   0x000000ac   Code   RO         4457    i.UART_RxISR_16BIT  stm32g0xx_hal_uart.o
    0x080083b8   0x080083b8   0x0000018c   Code   RO         4458    i.UART_RxISR_16BIT_FIFOEN  stm32g0xx_hal_uart.o
    0x08008544   0x08008544   0x000000ac   Code   RO         4459    i.UART_RxISR_8BIT   stm32g0xx_hal_uart.o
    0x080085f0   0x080085f0   0x0000018c   Code   RO         4460    i.UART_RxISR_8BIT_FIFOEN  stm32g0xx_hal_uart.o
    0x0800877c   0x0800877c   0x00000194   Code   RO         4461    i.UART_SetConfig    stm32g0xx_hal_uart.o
    0x08008910   0x08008910   0x000000ac   Code   RO         4462    i.UART_Start_Receive_DMA  stm32g0xx_hal_uart.o
    0x080089bc   0x080089bc   0x00000118   Code   RO         4463    i.UART_Start_Receive_IT  stm32g0xx_hal_uart.o
    0x08008ad4   0x08008ad4   0x000000d2   Code   RO         4468    i.UART_WaitOnFlagUntilTimeout  stm32g0xx_hal_uart.o
    0x08008ba6   0x08008ba6   0x00000002   PAD
    0x08008ba8   0x08008ba8   0x0000002c   Code   RO         1522    i.USART1_IRQHandler  stm32g0xx_it.o
    0x08008bd4   0x08008bd4   0x0000002c   Code   RO         1523    i.USART2_IRQHandler  stm32g0xx_it.o
    0x08008c00   0x08008c00   0x00000128   Code   RO         1178    i.Update_Speed      velocity_loop.o
    0x08008d28   0x08008d28   0x0000015c   Code   RO         1179    i.Velocity_loop     velocity_loop.o
    0x08008e84   0x08008e84   0x00000054   Code   RO          784    i.Write_IIC_Byte    oled.o
    0x08008ed8   0x08008ed8   0x0000002c   Code   RO          785    i.Write_IIC_Command  oled.o
    0x08008f04   0x08008f04   0x0000002c   Code   RO          786    i.Write_IIC_Data    oled.o
    0x08008f30   0x08008f30   0x00000030   Code   RO         5102    i.__ARM_common_ll_muluu  c_p.l(btod.o)
    0x08008f60   0x08008f60   0x0000001a   Code   RO          167    i.__ARM_common_switch8  mcpwm.o
    0x08008f7a   0x08008f7a   0x00000002   PAD
    0x08008f7c   0x08008f7c   0x0000002c   Code   RO         5111    i.__ARM_fpclassify  m_ps.l(fpclassify.o)
    0x08008fa8   0x08008fa8   0x00000044   Code   RO         2693    i.__NVIC_SetPriority  stm32g0xx_hal_cortex.o
    0x08008fec   0x08008fec   0x0000000e   Code   RO         4984    i._is_digit         c_p.l(__printf_wp.o)
    0x08008ffa   0x08008ffa   0x00000002   Code   RO          506    i._sys_exit         modbus.o
    0x08008ffc   0x08008ffc   0x00000044   Code   RO         1051    i.arm_cos_f32       sin_table.o
    0x08009040   0x08009040   0x00000040   Code   RO         1052    i.arm_sin_f32       sin_table.o
    0x08009080   0x08009080   0x00000068   Code   RO           15    i.calibrate_hall_phase  mcpwm.o
    0x080090e8   0x080090e8   0x000000c4   Code   RO           16    i.calibrate_tamagawa_encoder  mcpwm.o
    0x080091ac   0x080091ac   0x00000014   Code   RO          348    i.delay_init        delay.o
    0x080091c0   0x080091c0   0x0000001a   Code   RO          349    i.delay_ms          delay.o
    0x080091da   0x080091da   0x00000002   PAD
    0x080091dc   0x080091dc   0x00000034   Code   RO          350    i.delay_us          delay.o
    0x08009210   0x08009210   0x000001f0   Code   RO           17    i.find_commutation  mcpwm.o
    0x08009400   0x08009400   0x00000024   Code   RO           18    i.get_electric_phase  mcpwm.o
    0x08009424   0x08009424   0x000000a8   Code   RO           19    i.get_hall_edge_phase  mcpwm.o
    0x080094cc   0x080094cc   0x000000b4   Code   RO           20    i.init_motor_control  mcpwm.o
    0x08009580   0x08009580   0x00000100   Code   RO         1226    i.main              main.o
    0x08009680   0x08009680   0x00000024   Code   RO           21    i.phase_current_from_adcval  mcpwm.o
    0x080096a4   0x080096a4   0x00000050   Code   RO           22    i.queue_modulation_timings  mcpwm.o
    0x080096f4   0x080096f4   0x00000048   Code   RO         5024    i.sqrt              m_ps.l(sqrt.o)
    0x0800973c   0x0800973c   0x0000002c   Code   RO           24    i.start_adc         mcpwm.o
    0x08009768   0x08009768   0x00000046   Code   RO           25    i.start_pwm         mcpwm.o
    0x080097ae   0x080097ae   0x00000046   Code   RO           26    i.stop_pwm          mcpwm.o
    0x080097f4   0x080097f4   0x00000038   Code   RO          508    i.uart1_init        modbus.o
    0x0800982c   0x0800982c   0x00000038   Code   RO          509    i.uart2_init        modbus.o
    0x08009864   0x08009864   0x00000028   Code   RO         1106    i.uart3_init        tamagawa.o
    0x0800988c   0x0800988c   0x0000021c   Code   RO           27    i.update_motor      mcpwm.o
    0x08009aa8   0x08009aa8   0x0000002c   Code   RO         5105    locale$$code        c_p.l(lc_numeric_c.o)
    0x08009ad4   0x08009ad4   0x00000010   Code   RO         5021    x$fpl$printf1       fz_ps.l(printf1.o)
    0x08009ae4   0x08009ae4   0x00000000   Code   RO         5059    x$fpl$usenofp       fz_ps.l(usenofp.o)
    0x08009ae4   0x08009ae4   0x00000200   Data   RO          383    .constdata          crc_16.o
    0x08009ce4   0x08009ce4   0x00000818   Data   RO          789    .constdata          oled.o
    0x0800a4fc   0x0800a4fc   0x00001000   Data   RO         1053    .constdata          sin_table.o
    0x0800b4fc   0x0800b4fc   0x00000018   Data   RO         4469    .constdata          stm32g0xx_hal_uart.o
    0x0800b514   0x0800b514   0x00000010   Data   RO         4830    .constdata          stm32g0xx_hal_uart_ex.o
    0x0800b524   0x0800b524   0x00000040   Data   RO         4926    .constdata          system_stm32g0xx.o
    0x0800b564   0x0800b564   0x00000020   Data   RO         4927    .constdata          system_stm32g0xx.o
    0x0800b584   0x0800b584   0x00000080   Data   RO         5011    .constdata          fz_ps.l(ddiv.o)
    0x0800b604   0x0800b604   0x00000094   Data   RO         5098    .constdata          c_p.l(bigflt0.o)
    0x0800b698   0x0800b698   0x00000020   Data   RO         5260    Region$$Table       anon$$obj.o
    0x0800b6b8   0x0800b6b8   0x0000001c   Data   RO         5104    locale$$data        c_p.l(lc_numeric_c.o)


    Execution Region RW_IRAM1 (Exec base: 0x20000000, Load base: 0x0800b6d4, Size: 0x00003ca8, Max: 0x00009000, ABSOLUTE, COMPRESSED[0x000000e8])

    Exec Addr    Load Addr    Size         Type   Attr      Idx    E Section Name        Object

    0x20000000   COMPRESSED   0x00000002   Data   RW           30    .data               mcpwm.o
    0x20000002   COMPRESSED   0x00000002   Data   RW           31    .data               mcpwm.o
    0x20000004   COMPRESSED   0x000000cc   Data   RW           32    .data               mcpwm.o
    0x200000d0   COMPRESSED   0x00000002   Data   RW           34    .data               mcpwm.o
    0x200000d2   COMPRESSED   0x00000002   PAD
    0x200000d4   COMPRESSED   0x00000004   Data   RW           35    .data               mcpwm.o
    0x200000d8   COMPRESSED   0x00000004   Data   RW           37    .data               mcpwm.o
    0x200000dc   COMPRESSED   0x00000004   Data   RW           39    .data               mcpwm.o
    0x200000e0   COMPRESSED   0x00000004   Data   RW           40    .data               mcpwm.o
    0x200000e4   COMPRESSED   0x00000004   Data   RW           41    .data               mcpwm.o
    0x200000e8   COMPRESSED   0x00000004   Data   RW           42    .data               mcpwm.o
    0x200000ec   COMPRESSED   0x00000004   Data   RW           43    .data               mcpwm.o
    0x200000f0   COMPRESSED   0x00000004   Data   RW           44    .data               mcpwm.o
    0x200000f4   COMPRESSED   0x00000004   Data   RW           45    .data               mcpwm.o
    0x200000f8   COMPRESSED   0x00000004   Data   RW           46    .data               mcpwm.o
    0x200000fc   COMPRESSED   0x00000004   Data   RW           47    .data               mcpwm.o
    0x20000100   COMPRESSED   0x00000002   Data   RW           48    .data               mcpwm.o
    0x20000102   COMPRESSED   0x00000002   PAD
    0x20000104   COMPRESSED   0x00000004   Data   RW           49    .data               mcpwm.o
    0x20000108   COMPRESSED   0x00000002   Data   RW           51    .data               mcpwm.o
    0x2000010a   COMPRESSED   0x00000002   Data   RW           52    .data               mcpwm.o
    0x2000010c   COMPRESSED   0x00000004   Data   RW           55    .data               mcpwm.o
    0x20000110   COMPRESSED   0x00000004   Data   RW           56    .data               mcpwm.o
    0x20000114   COMPRESSED   0x00000004   Data   RW           57    .data               mcpwm.o
    0x20000118   COMPRESSED   0x00000004   Data   RW           58    .data               mcpwm.o
    0x2000011c   COMPRESSED   0x00000004   Data   RW           59    .data               mcpwm.o
    0x20000120   COMPRESSED   0x00000002   Data   RW           61    .data               mcpwm.o
    0x20000122   COMPRESSED   0x00000002   PAD
    0x20000124   COMPRESSED   0x00000004   Data   RW           63    .data               mcpwm.o
    0x20000128   COMPRESSED   0x00000004   Data   RW           64    .data               mcpwm.o
    0x2000012c   COMPRESSED   0x00000004   Data   RW           65    .data               mcpwm.o
    0x20000130   COMPRESSED   0x00000002   Data   RW           66    .data               mcpwm.o
    0x20000132   COMPRESSED   0x00000002   PAD
    0x20000134   COMPRESSED   0x00000004   Data   RW           67    .data               mcpwm.o
    0x20000138   COMPRESSED   0x00000004   Data   RW           68    .data               mcpwm.o
    0x2000013c   COMPRESSED   0x00000004   Data   RW           69    .data               mcpwm.o
    0x20000140   COMPRESSED   0x00000004   Data   RW           70    .data               mcpwm.o
    0x20000144   COMPRESSED   0x00000002   Data   RW           72    .data               mcpwm.o
    0x20000146   COMPRESSED   0x00000002   Data   RW           73    .data               mcpwm.o
    0x20000148   COMPRESSED   0x00000002   Data   RW           74    .data               mcpwm.o
    0x2000014a   COMPRESSED   0x00000002   Data   RW           75    .data               mcpwm.o
    0x2000014c   COMPRESSED   0x00000008   Data   RW           76    .data               mcpwm.o
    0x20000154   COMPRESSED   0x00000004   Data   RW          351    .data               delay.o
    0x20000158   COMPRESSED   0x00000068   Data   RW          411    .data               current_loop.o
    0x200001c0   COMPRESSED   0x00000002   Data   RW          412    .data               current_loop.o
    0x200001c2   COMPRESSED   0x00000002   PAD
    0x200001c4   COMPRESSED   0x00000004   Data   RW          413    .data               current_loop.o
    0x200001c8   COMPRESSED   0x00000004   Data   RW          414    .data               current_loop.o
    0x200001cc   COMPRESSED   0x00000004   Data   RW          418    .data               current_loop.o
    0x200001d0   COMPRESSED   0x00000004   Data   RW          419    .data               current_loop.o
    0x200001d4   COMPRESSED   0x00000002   Data   RW          420    .data               current_loop.o
    0x200001d6   COMPRESSED   0x00000002   Data   RW          421    .data               current_loop.o
    0x200001d8   COMPRESSED   0x00000008   Data   RW          462    .data               ds402.o
    0x200001e0   COMPRESSED   0x0000002c   Data   RW          511    .data               modbus.o
    0x2000020c   COMPRESSED   0x00000004   Data   RW          512    .data               modbus.o
    0x20000210   COMPRESSED   0x000000b8   Data   RW          654    .data               motion_control.o
    0x200002c8   COMPRESSED   0x00000002   Data   RW          662    .data               motion_control.o
    0x200002ca   COMPRESSED   0x00000002   Data   RW          663    .data               motion_control.o
    0x200002cc   COMPRESSED   0x00000002   Data   RW          664    .data               motion_control.o
    0x200002ce   COMPRESSED   0x00000002   PAD
    0x200002d0   COMPRESSED   0x00000004   Data   RW          667    .data               motion_control.o
    0x200002d4   COMPRESSED   0x00000054   Data   RW          737    .data               ntc_calculate.o
    0x20000328   COMPRESSED   0x00000004   Data   RW          738    .data               ntc_calculate.o
    0x2000032c   COMPRESSED   0x00000004   PAD
    0x20000330   COMPRESSED   0x00000030   Data   RW          926    .data               parameter.o
    0x20000360   COMPRESSED   0x0000002c   Data   RW          999    .data               position_loop.o
    0x2000038c   COMPRESSED   0x00000002   Data   RW         1000    .data               position_loop.o
    0x2000038e   COMPRESSED   0x00000002   Data   RW         1054    .data               sin_table.o
    0x20000390   COMPRESSED   0x00000006   Data   RW         1109    .data               tamagawa.o
    0x20000396   COMPRESSED   0x00000002   PAD
    0x20000398   COMPRESSED   0x00000004   Data   RW         1112    .data               tamagawa.o
    0x2000039c   COMPRESSED   0x00000002   Data   RW         1114    .data               tamagawa.o
    0x2000039e   COMPRESSED   0x00000002   Data   RW         1115    .data               tamagawa.o
    0x200003a0   COMPRESSED   0x00000002   Data   RW         1116    .data               tamagawa.o
    0x200003a2   COMPRESSED   0x00000002   Data   RW         1117    .data               tamagawa.o
    0x200003a4   COMPRESSED   0x00000002   Data   RW         1122    .data               tamagawa.o
    0x200003a6   COMPRESSED   0x00000002   Data   RW         1123    .data               tamagawa.o
    0x200003a8   COMPRESSED   0x00000002   Data   RW         1126    .data               tamagawa.o
    0x200003aa   COMPRESSED   0x00000002   Data   RW         1127    .data               tamagawa.o
    0x200003ac   COMPRESSED   0x00000004   Data   RW         1128    .data               tamagawa.o
    0x200003b0   COMPRESSED   0x00000004   Data   RW         1129    .data               tamagawa.o
    0x200003b4   COMPRESSED   0x00000004   Data   RW         1130    .data               tamagawa.o
    0x200003b8   COMPRESSED   0x00000002   Data   RW         1131    .data               tamagawa.o
    0x200003ba   COMPRESSED   0x00000002   Data   RW         1134    .data               tamagawa.o
    0x200003bc   COMPRESSED   0x00000054   Data   RW         1181    .data               velocity_loop.o
    0x20000410   COMPRESSED   0x00000002   Data   RW         1182    .data               velocity_loop.o
    0x20000412   COMPRESSED   0x00000002   PAD
    0x20000414   COMPRESSED   0x0000002c   Data   RW         1524    .data               stm32g0xx_it.o
    0x20000440   COMPRESSED   0x0000000c   Data   RW         2818    .data               stm32g0xx_hal.o
    0x2000044c   COMPRESSED   0x00000004   Data   RW         4928    .data               system_stm32g0xx.o
    0x20000450        -       0x00002064   Zero   RW           28    .bss                mcpwm.o
    0x200024b4        -       0x00000018   Zero   RW           29    .bss                mcpwm.o
    0x200024cc        -       0x00000af0   Zero   RW          510    .bss                modbus.o
    0x20002fbc        -       0x000000c8   Zero   RW          652    .bss                motion_control.o
    0x20003084        -       0x000000c8   Zero   RW         1107    .bss                tamagawa.o
    0x2000314c        -       0x000000c8   Zero   RW         1108    .bss                tamagawa.o
    0x20003214        -       0x000000c0   Zero   RW         1294    .bss                adc.o
    0x200032d4        -       0x00000064   Zero   RW         1352    .bss                spi.o
    0x20003338        -       0x000000e4   Zero   RW         1396    .bss                tim.o
    0x2000341c        -       0x0000020c   Zero   RW         1466    .bss                usart.o
    0x20003628        -       0x0000001c   Zero   RW         2093    .bss                stm32g0xx_hal_flash.o
    0x20003644        -       0x00000060   Zero   RW         5114    .bss                c_p.l(libspace.o)
    0x200036a4   COMPRESSED   0x00000004   PAD
    0x200036a8        -       0x00000200   Zero   RW            2    HEAP                startup_stm32g070xx.o
    0x200038a8        -       0x00000400   Zero   RW            1    STACK               startup_stm32g070xx.o


==============================================================================

Image component sizes


      Code (inc. data)   RO Data    RW Data    ZI Data      Debug   Object Name

       420         46          0          0        192       1907   adc.o
        48          6        512          0          0       1322   crc_16.o
       628         62          0        126          0      12683   current_loop.o
        98         12          0          4          0       1835   delay.o
        56          4          0          0          0        762   dma.o
       296         84          0          8          0       1122   ds402.o
       264         20          0          0          0       1047   gpio.o
       400         40          0          0          0       2322   main.o
      2242        246          0        332       8316     460451   mcpwm.o
      2846        544          0         48       2800      14343   modbus.o
      2752        712          0        194        200       8766   motion_control.o
        80          6          0         88          0       1374   ntc_calculate.o
       820         26       2072          0          0       7945   oled.o
      1356        430          0         48          0       4720   parameter.o
       656        146          0         46          0      12222   position_loop.o
       132         26       4096          2          0       1648   sin_table.o
       172         24          0          0        100       1665   spi.o
        56         26        184          0       1536        648   startup_stm32g070xx.o
       160         26          0         12          0      16344   stm32g0xx_hal.o
      2204        114          0          0          0      46484   stm32g0xx_hal_adc.o
       168          6          0          0          0      35651   stm32g0xx_hal_adc_ex.o
       200         38          0          0          0      13334   stm32g0xx_hal_cortex.o
       888         42          0          0          0       6322   stm32g0xx_hal_dma.o
       344         56          0          0         28      16946   stm32g0xx_hal_flash.o
       188         24          0          0          0       2850   stm32g0xx_hal_flash_ex.o
       366         18          0          0          0       2607   stm32g0xx_hal_gpio.o
        52          6          0          0          0        850   stm32g0xx_hal_msp.o
        76         14          0          0          0        750   stm32g0xx_hal_pwr_ex.o
      1516         88          0          0          0      20253   stm32g0xx_hal_rcc.o
       352         14          0          0          0       1660   stm32g0xx_hal_rcc_ex.o
       238          0          0          0          0       1239   stm32g0xx_hal_spi.o
      3160        270          0          0          0      23494   stm32g0xx_hal_tim.o
       882         52          0          0          0       7922   stm32g0xx_hal_tim_ex.o
      4014        120         24          0          0      47684   stm32g0xx_hal_uart.o
       276          6         16          0          0       5234   stm32g0xx_hal_uart_ex.o
       900        192          0         44          0       7089   stm32g0xx_it.o
         2          0         96          4          0       1143   system_stm32g0xx.o
       176         32          0         42        400       3372   tamagawa.o
       916         76          0          0        228       4693   tim.o
       592         72          0          0        524       3163   usart.o
       440         10          0          0          0       1270   utils.o
       664        114          0         86          0      12331   velocity_loop.o

    ----------------------------------------------------------------------
     32134       3850       7032       1104      14324     819467   Object Totals
         0          0         32          0          0          0   (incl. Generated)
        38          0          0         20          0          0   (incl. Padding)

    ----------------------------------------------------------------------

      Code (inc. data)   RO Data    RW Data    ZI Data      Debug   Library Member Name

        86          0          0          0          0          0   __dczerorl2.o
         8          0          0          0          0         68   __main.o
       284          0          0          0          0        136   __printf_wp.o
         0          0          0          0          0          0   __rtentry.o
        12          0          0          0          0          0   __rtentry2.o
         6          0          0          0          0          0   __rtentry4.o
        60          8          0          0          0          0   __scatter.o
        28          0          0          0          0          0   __scatter_zi.o
        46          0          0          0          0        100   _printf_char.o
        48          6          0          0          0         88   _printf_char_common.o
        10          0          0          0          0          0   _printf_d.o
       108         18          0          0          0         76   _printf_dec.o
        10          0          0          0          0          0   _printf_f.o
      1048         14          0          0          0        176   _printf_fp_dec.o
       136         16          0          0          0         76   _printf_fp_infnan.o
       176          0          0          0          0         84   _printf_intcommon.o
         2          0          0          0          0          0   _printf_percent.o
         4          0          0          0          0          0   _printf_percent_end.o
        10          0          0          0          0          0   _printf_s.o
        82          0          0          0          0         72   _printf_str.o
        22          0          0          0          0         92   _rserrno.o
        10          0          0          0          0         60   _sputc.o
       346          0          0          0          0         92   aeabi_sdiv.o
       216          6        148          0          0         80   bigflt0.o
      1456         30          0          0          0        336   btod.o
        16          0          0          0          0         68   exit.o
         6          0          0          0          0        136   heapauxi.o
        44         10         28          0          0         76   lc_numeric_c.o
         2          0          0          0          0          0   libinit.o
        18          0          0          0          0          0   libinit2.o
         2          0          0          0          0          0   libshutdown.o
         2          0          0          0          0          0   libshutdown2.o
         8          4          0          0         96         68   libspace.o
        48          0          0          0          0         72   llmul.o
       112          0          0          0          0         72   llsdiv.o
       258          0          0          0          0         88   lludiv.o
       122          0          0          0          0         72   lludiv10.o
        40          4          0          0          0         84   noretval__2sprintf.o
         8          4          0          0          0         68   rt_errno_addr_intlibspace.o
         8          4          0          0          0         68   rt_locale_intlibspace.o
        64          0          0          0          0        108   rt_memclr.o
         2          0          0          0          0          0   rtexit.o
        10          0          0          0          0          0   rtexit2.o
        40          0          0          0          0         60   rtudiv10.o
       136          4          0          0          0         72   strcmp.o
        62          0          0          0          0         80   sys_stackheap_outer.o
         2          0          0          0          0         68   use_no_semi.o
         2          0          0          0          0         68   use_no_semi_2.o
       124          4          0          0          0         72   d2f.o
      1096         26        128          0          0        112   ddiv.o
       180          6          0          0          0         76   dfixl.o
        88          0          0          0          0         92   dflti.o
       132          4          0          0          0        100   dfltl.o
       256          8          0          0          0         76   dsqrt.o
        84          4          0          0          0         60   f2d.o
        16          4          0          0          0         76   printf1.o
         0          0          0          0          0          0   usenofp.o
        44          4          0          0          0         60   fpclassify.o
        72          6          0          0          0         76   sqrt.o

    ----------------------------------------------------------------------
      7334        194        304          0        100       3664   Library Totals
        16          0          0          0          4          0   (incl. Padding)

    ----------------------------------------------------------------------

      Code (inc. data)   RO Data    RW Data    ZI Data      Debug   Library Name

      5226        128        176          0         96       2864   c_p.l
      1976         56        128          0          0        664   fz_ps.l
       116         10          0          0          0        136   m_ps.l

    ----------------------------------------------------------------------
      7334        194        304          0        100       3664   Library Totals

    ----------------------------------------------------------------------

==============================================================================


      Code (inc. data)   RO Data    RW Data    ZI Data      Debug   

     39468       4044       7336       1104      14424     810587   Grand Totals
     39468       4044       7336        232      14424     810587   ELF Image Totals (compressed)
     39468       4044       7336        232          0          0   ROM Totals

==============================================================================

    Total RO  Size (Code + RO Data)                46804 (  45.71kB)
    Total RW  Size (RW Data + ZI Data)             15528 (  15.16kB)
    Total ROM Size (Code + RO Data + RW Data)      47036 (  45.93kB)

==============================================================================

